[CONFIG] game demo | count=100 seed=20260926 max_speed=3 bench_secs=0 vsync=on(AutoVsync) | bevy 0.19 (workspace locked)
[2m2026-09-27T01:08:31.064347Z[0m [32m INFO[0m [2mbevy_diagnostic::system_information_diagnostics_plugin::internal[0m[2m:[0m SystemInfo { os: "Windows 10 IoT Enterprise LTSC 2021", kernel: "19044", cpu: "12th Gen Intel(R) Core(TM) i5-12490F", core_count: "6", memory: "31.8 GiB" }
[2m2026-09-27T01:08:31.383343Z[0m [32m INFO[0m [2mbevy_render::renderer[0m[2m:[0m AdapterInfo { name: "NVIDIA GeForce RTX 3050", vendor: 4318, device: 9602, device_type: DiscreteGpu, device_pci_bus_id: "0000:01:00.0", driver: "NVIDIA", driver_info: "537.58", backend: Vulkan, subgroup_min_size: 32, subgroup_max_size: 32, transient_saves_memory: false }
[2m2026-09-27T01:08:31.922059Z[0m [32m INFO[0m [2mgame::brp[0m[2m:[0m [BRP] listening on 127.0.0.1:15702 (explicit loopback bind)
[2m2026-09-27T01:08:31.922081Z[0m [32m INFO[0m [2mgame::brp[0m[2m:[0m [BRP] custom methods: game.run_tests / game.screenshot / game.screenshot_log
[2m2026-09-27T01:08:31.933967Z[0m [32m INFO[0m [2mbevy_pbr::cluster[0m[2m:[0m GPU clustering is supported on this device.
[2m2026-09-27T01:08:31.934012Z[0m [32m INFO[0m [2mbevy_render::batching::gpu_preprocessing[0m[2m:[0m GPU preprocessing is fully supported on this device.
[2m2026-09-27T01:08:31.934479Z[0m [32m INFO[0m [2mbevy_winit::system[0m[2m:[0m Creating new window bevy-ai-workflow demo (65v0)
[2m2026-09-27T01:08:32.001709Z[0m [32m INFO[0m [2mgame::sim[0m[2m:[0m [SIM] metadata ready | version=0.1.0 | entity_count=100 | seed=20260926
[2m2026-09-27T01:08:32.001792Z[0m [32m INFO[0m [2mgame::sim[0m[2m:[0m [SIM] spawned 100 wanderers | seed=20260926 | area=120 | max_speed=3
[2m2026-09-27T01:08:32.002121Z[0m [32m INFO[0m [2mgame::sim[0m[2m:[0m [SIM] tagged 10 wanderers (index < 10)
[2m2026-09-27T01:08:33.009710Z[0m [32m INFO[0m [2mgame::bench[0m[2m:[0m [STATS] t=1.0s tick=59 fps_1s=58.6 avg_fps=0.0
[2m2026-09-27T01:08:34.026815Z[0m [32m INFO[0m [2mgame::bench[0m[2m:[0m [STATS] t=2.0s tick=120 fps_1s=60.0 avg_fps=59.7
[2m2026-09-27T01:08:35.026374Z[0m [32m INFO[0m [2mgame::bench[0m[2m:[0m [STATS] t=3.0s tick=180 fps_1s=60.0 avg_fps=60.0
[2m2026-09-27T01:08:36.042753Z[0m [32m INFO[0m [2mgame::bench[0m[2m:[0m [STATS] t=4.0s tick=241 fps_1s=60.0 avg_fps=60.0
[2m2026-09-27T01:08:36.077797Z[0m [32m INFO[0m [2mgame::sim[0m[2m:[0m [SIM] PauseRequested observed -> paused=true
[2m2026-09-27T01:08:36.077839Z[0m [32m INFO[0m [2mgame::sim[0m[2m:[0m [SIM] PauseRequested observed -> paused=false
[2m2026-09-27T01:08:37.059231Z[0m [32m INFO[0m [2mgame::bench[0m[2m:[0m [STATS] t=5.1s tick=302 fps_1s=60.0 avg_fps=60.0
[2m2026-09-27T01:08:37.110236Z[0m [32m INFO[0m [2mgame::sim[0m[2m:[0m [SIM] PauseRequested observed -> paused=true
[2m2026-09-27T01:08:37.110280Z[0m [32m INFO[0m [2mgame::sim[0m[2m:[0m [SIM] PauseRequested observed -> paused=false
