   Compiling generic-array v0.14.7
   Compiling slotmap v1.1.1
   Compiling getrandom v0.3.4
   Compiling typenum v1.20.1
   Compiling subsecond-types v0.7.10
   Compiling konst_macro_rules v0.2.19
   Compiling rustversion v1.0.23
   Compiling const_format_proc_macros v0.2.34
   Compiling futures-task v0.3.34
   Compiling generational-box v0.7.10
   Compiling ppv-lite86 v0.2.21
   Compiling pin-project-internal v1.1.13
   Compiling subsecond v0.7.10
   Compiling konst v0.2.20
   Compiling futures-util v0.3.34
   Compiling dioxus-core-types v0.7.10
   Compiling rustc-hash v2.1.3
   Compiling longest-increasing-subsequence v0.1.0
   Compiling warnings-macro v0.2.0
   Compiling cpufeatures v0.2.17
   Compiling utf-8 v0.7.6
   Compiling dioxus-cli-config v0.7.10
   Compiling task-runner v0.1.0 (C:\Users\Administrator\Desktop\ccc\bevy-ai-workflow\tooling\task-runner)
   Compiling rand_core v0.9.5
   Compiling const_format v0.2.36
   Compiling rand_chacha v0.9.0
   Compiling bevy_ecs v0.19.1
   Compiling taffy v0.10.1
   Compiling pin-project v1.1.13
   Compiling block-buffer v0.10.4
   Compiling crypto-common v0.1.7
   Compiling warnings v0.2.1
   Compiling rand v0.9.5
   Compiling digest v0.10.7
   Compiling sha1 v0.10.7
   Compiling tungstenite v0.28.0
   Compiling dioxus-core v0.7.10
   Compiling dioxus-signals v0.7.10
   Compiling dioxus-devtools-types v0.7.10
   Compiling dioxus-devtools v0.7.10
   Compiling bevy_app v0.19.1
   Compiling bevy_time v0.19.1
   Compiling bevy_transform v0.19.1
   Compiling bevy_input v0.19.1
   Compiling bevy_log v0.19.1
   Compiling bevy_a11y v0.19.1
   Compiling bevy_clipboard v0.19.1
   Compiling bevy_state v0.19.1
   Compiling bevy_diagnostic v0.19.1
   Compiling bevy_asset v0.19.1
   Compiling bevy_gilrs v0.19.1
   Compiling bevy_mesh v0.19.1
   Compiling bevy_image v0.19.1
   Compiling bevy_shader v0.19.1
   Compiling bevy_audio v0.19.1
   Compiling bevy_window v0.19.1
   Compiling bevy_text v0.19.1
   Compiling bevy_scene v0.19.1
   Compiling bevy_material v0.19.1
   Compiling bevy_animation v0.19.1
   Compiling bevy_camera v0.19.1
   Compiling bevy_gizmos v0.19.1
   Compiling bevy_light v0.19.1
   Compiling bevy_picking v0.19.1
   Compiling bevy_render v0.19.1
   Compiling bevy_sprite v0.19.1
   Compiling bevy_input_focus v0.19.1
   Compiling bevy_world_serialization v0.19.1
   Compiling bevy_gltf v0.19.1
   Compiling bevy_ui v0.19.1
   Compiling bevy_winit v0.19.1
   Compiling bevy_ui_widgets v0.19.1
   Compiling bevy_core_pipeline v0.19.1
   Compiling bevy_sprite_render v0.19.1
   Compiling bevy_pbr v0.19.1
   Compiling bevy_post_process v0.19.1
   Compiling bevy_anti_alias v0.19.1
   Compiling bevy_ui_render v0.19.1
   Compiling bevy_dev_tools v0.19.1
   Compiling bevy_gizmos_render v0.19.1
   Compiling bevy_remote v0.19.1
   Compiling bevy_internal v0.19.1
   Compiling bevy v0.19.1
   Compiling docs v0.1.0 (C:\Users\Administrator\Desktop\ccc\bevy-ai-workflow\docs)
   Compiling game v0.1.0 (C:\Users\Administrator\Desktop\ccc\bevy-ai-workflow\game)
   Compiling hotpatch-smoke v0.1.0 (C:\Users\Administrator\Desktop\ccc\bevy-ai-workflow\tooling\hotpatch-smoke)
    Finished `release` profile [optimized] target(s) in 6m 06s
