# cargo run -p claim-lint（T041 冻结标注后复跑，expect::LEDGER 40→41 联动）
$ cargo run -p claim-lint
   Compiling claim-lint v0.1.0 (C:\Users\Administrator\Desktop\ccc\bevy-ai-workflow\tooling\claim-lint)
    Finished `dev` profile [unoptimized + debuginfo] target(s) in 2.01s
     Running `target\debug\claim-lint.exe`
[PASS] pit-b          PIT-B 条数（bevy-dev/pitfalls.md 标题计数，模板行扣除）
         实际 51 = 期望 51
[PASS] pit-m          PIT-M 条数（assets-methodology/pitfalls.md 标题计数）
         实际 10 = 期望 10
[PASS] pat-b          PAT-B 条数（bevy-dev/patterns/PAT-B-*.md 文件计数）
         实际 20 = 期望 20
[PASS] taskset        taskset 条目数（assets-methodology/taskset/ts-*.md）
         实际 17 = 期望 17
[PASS] ledger         台账任务行数（task-ledger.md 行首 | T0xx）
         实际 41 = 期望 41
[PASS] game-methods   game.* 自定义方法数（rpc/mod.rs pub const + "game. 字面量锚定，S3/T040）
         实际 8 = 期望 8
[PASS] suites         进程内套件数（rpc/suites/mod.rs all() 注册表）
         实际 13 = 期望 13
[PASS] brp-total      BRP 方法总数（23 内置 + game.* 推算）
         实际 31 = 期望 31
[PASS] self-pit-b     PIT-B 自述头一致性（bevy-dev/pitfalls.md）
         bevy-dev/pitfalls.md 自述头 1 处 = 真值 51
[PASS] self-pit-m     PIT-M 自述头一致性（assets-methodology/pitfalls.md）
         assets-methodology/pitfalls.md 自述头 1 处 = 真值 10
[PASS] self-pat-b     PAT-B 自述头一致性（bevy-dev/patterns/README.md）
         bevy-dev/patterns/README.md 自述头 1 处 = 真值 20
[PASS] intent-threshold 意向文档 M3 阈值断言（错题本 ≥ 50 / 模式库 ≥ 20）
         PIT-B 51 ≥ 50，PAT-B 20 ≥ 20
[PASS] doctest-gate   doctest 门禁计数（gate-doc-test*.log 回退式挑选）
         docs\evidence\ts-17\gate-doc-test-t040.log：77 passed / 0 failed / 17 ignored，REAL_EXIT=0

claim-lint 汇总：13 条断言，PASS 13 / FAIL 0 / SKIP 0
REAL_EXIT=0
REAL_EXIT=0
