[CONFIG] game demo | count=100 seed=20260926 max_speed=3 bench_secs=0 vsync=on(AutoVsync) | bevy 0.19 (workspace locked)
[2m2026-09-26T15:01:27.279979Z[0m [32m INFO[0m [2mbevy_diagnostic::system_information_diagnostics_plugin::internal[0m[2m:[0m SystemInfo { os: "Windows 10 IoT Enterprise LTSC 2021", kernel: "19044", cpu: "12th Gen Intel(R) Core(TM) i5-12490F", core_count: "6", memory: "31.8 GiB" }
[2m2026-09-26T15:01:27.520819Z[0m [32m INFO[0m [2mbevy_render::renderer[0m[2m:[0m AdapterInfo { name: "NVIDIA GeForce RTX 3050", vendor: 4318, device: 9602, device_type: DiscreteGpu, device_pci_bus_id: "0000:01:00.0", driver: "NVIDIA", driver_info: "537.58", backend: Vulkan, subgroup_min_size: 32, subgroup_max_size: 32, transient_saves_memory: false }
[2m2026-09-26T15:01:28.001122Z[0m [32m INFO[0m [2mgame::brp[0m[2m:[0m [BRP] listening on 127.0.0.1:15702 (explicit loopback bind)
[2m2026-09-26T15:01:28.012472Z[0m [32m INFO[0m [2mbevy_pbr::cluster[0m[2m:[0m GPU clustering is supported on this device.
[2m2026-09-26T15:01:28.012516Z[0m [32m INFO[0m [2mbevy_render::batching::gpu_preprocessing[0m[2m:[0m GPU preprocessing is fully supported on this device.
[2m2026-09-26T15:01:28.012956Z[0m [32m INFO[0m [2mbevy_winit::system[0m[2m:[0m Creating new window bevy-ai-workflow demo (65v0)
[2m2026-09-26T15:01:28.072141Z[0m [32m INFO[0m [2mgame::sim[0m[2m:[0m [SIM] metadata ready | version=0.1.0 | entity_count=100 | seed=20260926
[2m2026-09-26T15:01:28.072206Z[0m [32m INFO[0m [2mgame::sim[0m[2m:[0m [SIM] spawned 100 wanderers | seed=20260926 | area=120 | max_speed=3
[2m2026-09-26T15:01:28.072426Z[0m [32m INFO[0m [2mgame::sim[0m[2m:[0m [SIM] tagged 10 wanderers (index < 10)
[2m2026-09-26T15:01:29.088548Z[0m [32m INFO[0m [2mgame::bench[0m[2m:[0m [STATS] t=1.0s tick=57 fps_1s=56.2 avg_fps=0.0
[2m2026-09-26T15:01:30.105160Z[0m [32m INFO[0m [2mgame::bench[0m[2m:[0m [STATS] t=2.0s tick=118 fps_1s=60.0 avg_fps=65.1
[2m2026-09-26T15:01:31.105680Z[0m [32m INFO[0m [2mgame::bench[0m[2m:[0m [STATS] t=3.0s tick=178 fps_1s=60.0 avg_fps=60.1
[2m2026-09-26T15:01:32.107416Z[0m [32m INFO[0m [2mgame::bench[0m[2m:[0m [STATS] t=4.0s tick=238 fps_1s=59.9 avg_fps=59.5
[2m2026-09-26T15:01:33.122013Z[0m [32m INFO[0m [2mgame::bench[0m[2m:[0m [STATS] t=5.0s tick=299 fps_1s=60.1 avg_fps=60.0
[2m2026-09-26T15:01:34.138630Z[0m [32m INFO[0m [2mgame::bench[0m[2m:[0m [STATS] t=6.1s tick=360 fps_1s=60.0 avg_fps=60.0
[2m2026-09-26T15:01:35.154942Z[0m [32m INFO[0m [2mgame::bench[0m[2m:[0m [STATS] t=7.1s tick=421 fps_1s=60.0 avg_fps=60.0
[2m2026-09-26T15:01:36.171534Z[0m [32m INFO[0m [2mgame::bench[0m[2m:[0m [STATS] t=8.1s tick=482 fps_1s=60.0 avg_fps=60.0
[2m2026-09-26T15:01:37.188361Z[0m [32m INFO[0m [2mgame::bench[0m[2m:[0m [STATS] t=9.1s tick=543 fps_1s=60.0 avg_fps=60.0
[2m2026-09-26T15:01:38.204764Z[0m [32m INFO[0m [2mgame::bench[0m[2m:[0m [STATS] t=10.1s tick=604 fps_1s=60.0 avg_fps=60.0
[2m2026-09-26T15:01:39.204815Z[0m [32m INFO[0m [2mgame::bench[0m[2m:[0m [STATS] t=11.1s tick=664 fps_1s=60.0 avg_fps=60.0
[2m2026-09-26T15:01:40.221702Z[0m [32m INFO[0m [2mgame::bench[0m[2m:[0m [STATS] t=12.1s tick=725 fps_1s=60.0 avg_fps=60.0
[2m2026-09-26T15:01:41.237855Z[0m [32m INFO[0m [2mgame::bench[0m[2m:[0m [STATS] t=13.2s tick=786 fps_1s=60.0 avg_fps=60.0
[2m2026-09-26T15:01:42.254365Z[0m [32m INFO[0m [2mgame::bench[0m[2m:[0m [STATS] t=14.2s tick=847 fps_1s=60.0 avg_fps=60.0
[2m2026-09-26T15:01:43.271401Z[0m [32m INFO[0m [2mgame::bench[0m[2m:[0m [STATS] t=15.2s tick=908 fps_1s=60.0 avg_fps=60.0
[2m2026-09-26T15:01:44.287440Z[0m [32m INFO[0m [2mgame::bench[0m[2m:[0m [STATS] t=16.2s tick=969 fps_1s=60.0 avg_fps=60.0
[2m2026-09-26T15:01:45.287783Z[0m [32m INFO[0m [2mgame::bench[0m[2m:[0m [STATS] t=17.2s tick=1029 fps_1s=60.0 avg_fps=60.0
[2m2026-09-26T15:01:46.304337Z[0m [32m INFO[0m [2mgame::bench[0m[2m:[0m [STATS] t=18.2s tick=1090 fps_1s=60.0 avg_fps=60.0
[2m2026-09-26T15:01:47.321069Z[0m [32m INFO[0m [2mgame::bench[0m[2m:[0m [STATS] t=19.2s tick=1151 fps_1s=60.0 avg_fps=60.0
[2m2026-09-26T15:01:48.321090Z[0m [32m INFO[0m [2mgame::bench[0m[2m:[0m [STATS] t=20.2s tick=1211 fps_1s=60.0 avg_fps=60.0
[2m2026-09-26T15:01:49.337429Z[0m [32m INFO[0m [2mgame::bench[0m[2m:[0m [STATS] t=21.3s tick=1272 fps_1s=60.0 avg_fps=60.0
[2m2026-09-26T15:01:50.353993Z[0m [32m INFO[0m [2mgame::bench[0m[2m:[0m [STATS] t=22.3s tick=1333 fps_1s=60.0 avg_fps=60.0
[2m2026-09-26T15:01:51.370609Z[0m [32m INFO[0m [2mgame::bench[0m[2m:[0m [STATS] t=23.3s tick=1394 fps_1s=60.0 avg_fps=60.0
[2m2026-09-26T15:01:52.387147Z[0m [32m INFO[0m [2mgame::bench[0m[2m:[0m [STATS] t=24.3s tick=1455 fps_1s=60.0 avg_fps=60.0
[2m2026-09-26T15:01:53.403734Z[0m [32m INFO[0m [2mgame::bench[0m[2m:[0m [STATS] t=25.3s tick=1516 fps_1s=60.0 avg_fps=60.0
[2m2026-09-26T15:01:54.420273Z[0m [32m INFO[0m [2mgame::bench[0m[2m:[0m [STATS] t=26.3s tick=1577 fps_1s=60.0 avg_fps=60.0
[2m2026-09-26T15:01:55.437233Z[0m [32m INFO[0m [2mgame::bench[0m[2m:[0m [STATS] t=27.4s tick=1638 fps_1s=60.0 avg_fps=60.0
[2m2026-09-26T15:01:56.453823Z[0m [32m INFO[0m [2mgame::bench[0m[2m:[0m [STATS] t=28.4s tick=1699 fps_1s=60.0 avg_fps=60.0
[2m2026-09-26T15:01:57.470511Z[0m [32m INFO[0m [2mgame::bench[0m[2m:[0m [STATS] t=29.4s tick=1760 fps_1s=60.0 avg_fps=60.0
[2m2026-09-26T15:01:58.486857Z[0m [32m INFO[0m [2mgame::bench[0m[2m:[0m [STATS] t=30.4s tick=1821 fps_1s=60.0 avg_fps=60.0
[2m2026-09-26T15:01:59.487434Z[0m [32m INFO[0m [2mgame::bench[0m[2m:[0m [STATS] t=31.4s tick=1881 fps_1s=60.0 avg_fps=60.0
[2m2026-09-26T15:02:00.503471Z[0m [32m INFO[0m [2mgame::bench[0m[2m:[0m [STATS] t=32.4s tick=1942 fps_1s=60.0 avg_fps=60.0
[2m2026-09-26T15:02:01.520134Z[0m [32m INFO[0m [2mgame::bench[0m[2m:[0m [STATS] t=33.4s tick=2003 fps_1s=60.0 avg_fps=60.0
[2m2026-09-26T15:02:02.537647Z[0m [32m INFO[0m [2mgame::bench[0m[2m:[0m [STATS] t=34.5s tick=2064 fps_1s=60.0 avg_fps=60.0
[2m2026-09-26T15:02:03.553805Z[0m [32m INFO[0m [2mgame::bench[0m[2m:[0m [STATS] t=35.5s tick=2125 fps_1s=60.0 avg_fps=60.0
[2m2026-09-26T15:02:04.570508Z[0m [32m INFO[0m [2mgame::bench[0m[2m:[0m [STATS] t=36.5s tick=2186 fps_1s=60.0 avg_fps=60.0
[2m2026-09-26T15:02:05.586593Z[0m [32m INFO[0m [2mgame::bench[0m[2m:[0m [STATS] t=37.5s tick=2247 fps_1s=60.0 avg_fps=60.0
[2m2026-09-26T15:02:06.603500Z[0m [32m INFO[0m [2mgame::bench[0m[2m:[0m [STATS] t=38.5s tick=2308 fps_1s=60.0 avg_fps=60.0
[2m2026-09-26T15:02:07.619560Z[0m [32m INFO[0m [2mgame::bench[0m[2m:[0m [STATS] t=39.5s tick=2369 fps_1s=60.0 avg_fps=60.0
[2m2026-09-26T15:02:08.636047Z[0m [32m INFO[0m [2mgame::bench[0m[2m:[0m [STATS] t=40.6s tick=2430 fps_1s=60.0 avg_fps=60.0
[2m2026-09-26T15:02:09.637415Z[0m [32m INFO[0m [2mgame::bench[0m[2m:[0m [STATS] t=41.6s tick=2490 fps_1s=60.0 avg_fps=60.0
[2m2026-09-26T15:02:10.652747Z[0m [32m INFO[0m [2mgame::bench[0m[2m:[0m [STATS] t=42.6s tick=2551 fps_1s=60.0 avg_fps=60.0
[2m2026-09-26T15:02:11.669357Z[0m [32m INFO[0m [2mgame::bench[0m[2m:[0m [STATS] t=43.6s tick=2612 fps_1s=60.0 avg_fps=60.0
[2m2026-09-26T15:02:12.669303Z[0m [32m INFO[0m [2mgame::bench[0m[2m:[0m [STATS] t=44.6s tick=2672 fps_1s=60.0 avg_fps=60.0
[2m2026-09-26T15:02:13.685837Z[0m [32m INFO[0m [2mgame::bench[0m[2m:[0m [STATS] t=45.6s tick=2733 fps_1s=60.0 avg_fps=60.0
[2m2026-09-26T15:02:14.702589Z[0m [32m INFO[0m [2mgame::bench[0m[2m:[0m [STATS] t=46.6s tick=2794 fps_1s=60.0 avg_fps=60.0
[2m2026-09-26T15:02:15.719020Z[0m [32m INFO[0m [2mgame::bench[0m[2m:[0m [STATS] t=47.6s tick=2855 fps_1s=60.0 avg_fps=60.0
[2m2026-09-26T15:02:16.718990Z[0m [32m INFO[0m [2mgame::bench[0m[2m:[0m [STATS] t=48.6s tick=2915 fps_1s=60.0 avg_fps=60.0
[2m2026-09-26T15:02:17.735443Z[0m [32m INFO[0m [2mgame::bench[0m[2m:[0m [STATS] t=49.7s tick=2976 fps_1s=60.0 avg_fps=60.0
[2m2026-09-26T15:02:18.735502Z[0m [32m INFO[0m [2mgame::bench[0m[2m:[0m [STATS] t=50.7s tick=3036 fps_1s=60.0 avg_fps=60.0
[2m2026-09-26T15:02:19.752116Z[0m [32m INFO[0m [2mgame::bench[0m[2m:[0m [STATS] t=51.7s tick=3097 fps_1s=60.0 avg_fps=60.0
[2m2026-09-26T15:02:20.752136Z[0m [32m INFO[0m [2mgame::bench[0m[2m:[0m [STATS] t=52.7s tick=3157 fps_1s=60.0 avg_fps=60.0
[2m2026-09-26T15:02:21.768811Z[0m [32m INFO[0m [2mgame::bench[0m[2m:[0m [STATS] t=53.7s tick=3218 fps_1s=60.0 avg_fps=60.0
[2m2026-09-26T15:02:22.785098Z[0m [32m INFO[0m [2mgame::bench[0m[2m:[0m [STATS] t=54.7s tick=3279 fps_1s=60.0 avg_fps=60.0
[2m2026-09-26T15:02:23.801856Z[0m [32m INFO[0m [2mgame::bench[0m[2m:[0m [STATS] t=55.7s tick=3340 fps_1s=60.0 avg_fps=60.0
[2m2026-09-26T15:02:24.818566Z[0m [32m INFO[0m [2mgame::bench[0m[2m:[0m [STATS] t=56.7s tick=3401 fps_1s=60.0 avg_fps=60.0
[2m2026-09-26T15:02:25.834990Z[0m [32m INFO[0m [2mgame::bench[0m[2m:[0m [STATS] t=57.8s tick=3462 fps_1s=60.0 avg_fps=60.0
[2m2026-09-26T15:02:26.852139Z[0m [32m INFO[0m [2mgame::bench[0m[2m:[0m [STATS] t=58.8s tick=3523 fps_1s=60.0 avg_fps=60.0
[2m2026-09-26T15:02:27.868446Z[0m [32m INFO[0m [2mgame::bench[0m[2m:[0m [STATS] t=59.8s tick=3584 fps_1s=60.0 avg_fps=60.0
[2m2026-09-26T15:02:28.884991Z[0m [32m INFO[0m [2mgame::bench[0m[2m:[0m [STATS] t=60.8s tick=3645 fps_1s=60.0 avg_fps=60.0
[2m2026-09-26T15:02:29.901770Z[0m [32m INFO[0m [2mgame::bench[0m[2m:[0m [STATS] t=61.8s tick=3706 fps_1s=60.0 avg_fps=60.0
[2m2026-09-26T15:02:30.918641Z[0m [32m INFO[0m [2mgame::bench[0m[2m:[0m [STATS] t=62.8s tick=3767 fps_1s=60.0 avg_fps=60.0
[2m2026-09-26T15:02:31.918345Z[0m [32m INFO[0m [2mgame::bench[0m[2m:[0m [STATS] t=63.8s tick=3827 fps_1s=60.0 avg_fps=60.0
[2m2026-09-26T15:02:32.934613Z[0m [32m INFO[0m [2mgame::bench[0m[2m:[0m [STATS] t=64.9s tick=3888 fps_1s=60.0 avg_fps=60.0
[2m2026-09-26T15:02:33.951221Z[0m [32m INFO[0m [2mgame::bench[0m[2m:[0m [STATS] t=65.9s tick=3949 fps_1s=60.0 avg_fps=60.0
[2m2026-09-26T15:02:34.967866Z[0m [32m INFO[0m [2mgame::bench[0m[2m:[0m [STATS] t=66.9s tick=4010 fps_1s=60.0 avg_fps=60.0
[2m2026-09-26T15:02:35.984600Z[0m [32m INFO[0m [2mgame::bench[0m[2m:[0m [STATS] t=67.9s tick=4071 fps_1s=60.0 avg_fps=60.0
[2m2026-09-26T15:02:37.000972Z[0m [32m INFO[0m [2mgame::bench[0m[2m:[0m [STATS] t=68.9s tick=4132 fps_1s=60.0 avg_fps=60.0
[2m2026-09-26T15:02:38.017636Z[0m [32m INFO[0m [2mgame::bench[0m[2m:[0m [STATS] t=69.9s tick=4193 fps_1s=60.0 avg_fps=60.0
[2m2026-09-26T15:02:39.034520Z[0m [32m INFO[0m [2mgame::bench[0m[2m:[0m [STATS] t=71.0s tick=4254 fps_1s=60.0 avg_fps=60.0
[2m2026-09-26T15:02:40.051090Z[0m [32m INFO[0m [2mgame::bench[0m[2m:[0m [STATS] t=72.0s tick=4315 fps_1s=60.0 avg_fps=60.0
[2m2026-09-26T15:02:41.067546Z[0m [32m INFO[0m [2mgame::bench[0m[2m:[0m [STATS] t=73.0s tick=4376 fps_1s=60.0 avg_fps=60.0
[2m2026-09-26T15:02:42.084047Z[0m [32m INFO[0m [2mgame::bench[0m[2m:[0m [STATS] t=74.0s tick=4437 fps_1s=60.0 avg_fps=60.0
[2m2026-09-26T15:02:43.084154Z[0m [32m INFO[0m [2mgame::bench[0m[2m:[0m [STATS] t=75.0s tick=4497 fps_1s=60.0 avg_fps=60.0
[2m2026-09-26T15:02:44.100703Z[0m [32m INFO[0m [2mgame::bench[0m[2m:[0m [STATS] t=76.0s tick=4558 fps_1s=60.0 avg_fps=60.0
[2m2026-09-26T15:02:45.117495Z[0m [32m INFO[0m [2mgame::bench[0m[2m:[0m [STATS] t=77.0s tick=4619 fps_1s=60.0 avg_fps=60.0
[2m2026-09-26T15:02:46.134054Z[0m [32m INFO[0m [2mgame::bench[0m[2m:[0m [STATS] t=78.1s tick=4680 fps_1s=60.0 avg_fps=60.0
[2m2026-09-26T15:02:47.150520Z[0m [32m INFO[0m [2mgame::bench[0m[2m:[0m [STATS] t=79.1s tick=4741 fps_1s=60.0 avg_fps=60.0
[2m2026-09-26T15:02:48.167359Z[0m [32m INFO[0m [2mgame::bench[0m[2m:[0m [STATS] t=80.1s tick=4802 fps_1s=60.0 avg_fps=60.0
[2m2026-09-26T15:02:49.183911Z[0m [32m INFO[0m [2mgame::bench[0m[2m:[0m [STATS] t=81.1s tick=4863 fps_1s=60.0 avg_fps=60.0
[2m2026-09-26T15:02:50.200571Z[0m [32m INFO[0m [2mgame::bench[0m[2m:[0m [STATS] t=82.1s tick=4924 fps_1s=60.0 avg_fps=60.0
[2m2026-09-26T15:02:51.217127Z[0m [32m INFO[0m [2mgame::bench[0m[2m:[0m [STATS] t=83.1s tick=4985 fps_1s=60.0 avg_fps=60.0
[2m2026-09-26T15:02:52.233715Z[0m [32m INFO[0m [2mgame::bench[0m[2m:[0m [STATS] t=84.2s tick=5046 fps_1s=60.0 avg_fps=60.0
[2m2026-09-26T15:02:53.233829Z[0m [32m INFO[0m [2mgame::bench[0m[2m:[0m [STATS] t=85.2s tick=5106 fps_1s=60.0 avg_fps=60.0
[2m2026-09-26T15:02:54.250302Z[0m [32m INFO[0m [2mgame::bench[0m[2m:[0m [STATS] t=86.2s tick=5167 fps_1s=60.0 avg_fps=60.0
[2m2026-09-26T15:02:55.267787Z[0m [32m INFO[0m [2mgame::bench[0m[2m:[0m [STATS] t=87.2s tick=5228 fps_1s=60.0 avg_fps=60.0
[2m2026-09-26T15:02:56.283282Z[0m [32m INFO[0m [2mgame::bench[0m[2m:[0m [STATS] t=88.2s tick=5289 fps_1s=60.0 avg_fps=60.0
[2m2026-09-26T15:02:57.299801Z[0m [32m INFO[0m [2mgame::bench[0m[2m:[0m [STATS] t=89.2s tick=5350 fps_1s=60.0 avg_fps=60.0
[2m2026-09-26T15:02:58.316332Z[0m [32m INFO[0m [2mgame::bench[0m[2m:[0m [STATS] t=90.2s tick=5411 fps_1s=60.0 avg_fps=60.0
[2m2026-09-26T15:02:59.333522Z[0m [32m INFO[0m [2mgame::bench[0m[2m:[0m [STATS] t=91.3s tick=5472 fps_1s=60.0 avg_fps=60.0
[2m2026-09-26T15:03:00.349799Z[0m [32m INFO[0m [2mgame::bench[0m[2m:[0m [STATS] t=92.3s tick=5533 fps_1s=60.0 avg_fps=60.0
[2m2026-09-26T15:03:01.367066Z[0m [32m INFO[0m [2mgame::bench[0m[2m:[0m [STATS] t=93.3s tick=5594 fps_1s=60.0 avg_fps=60.0
[2m2026-09-26T15:03:02.383145Z[0m [32m INFO[0m [2mgame::bench[0m[2m:[0m [STATS] t=94.3s tick=5655 fps_1s=60.0 avg_fps=60.0
[2m2026-09-26T15:03:03.399993Z[0m [32m INFO[0m [2mgame::bench[0m[2m:[0m [STATS] t=95.3s tick=5716 fps_1s=60.0 avg_fps=60.0
[2m2026-09-26T15:03:04.416088Z[0m [32m INFO[0m [2mgame::bench[0m[2m:[0m [STATS] t=96.3s tick=5777 fps_1s=60.0 avg_fps=60.0
[2m2026-09-26T15:03:05.416023Z[0m [32m INFO[0m [2mgame::bench[0m[2m:[0m [STATS] t=97.3s tick=5837 fps_1s=60.0 avg_fps=60.0
[2m2026-09-26T15:03:06.433819Z[0m [32m INFO[0m [2mgame::bench[0m[2m:[0m [STATS] t=98.4s tick=5898 fps_1s=60.0 avg_fps=60.0
[2m2026-09-26T15:03:07.449219Z[0m [32m INFO[0m [2mgame::bench[0m[2m:[0m [STATS] t=99.4s tick=5959 fps_1s=60.1 avg_fps=60.0
[2m2026-09-26T15:03:08.466560Z[0m [32m INFO[0m [2mgame::bench[0m[2m:[0m [STATS] t=100.4s tick=6020 fps_1s=60.0 avg_fps=60.0
[2m2026-09-26T15:03:09.482565Z[0m [32m INFO[0m [2mgame::bench[0m[2m:[0m [STATS] t=101.4s tick=6081 fps_1s=60.0 avg_fps=60.0
[2m2026-09-26T15:03:10.482765Z[0m [32m INFO[0m [2mgame::bench[0m[2m:[0m [STATS] t=102.4s tick=6141 fps_1s=60.0 avg_fps=60.0
[2m2026-09-26T15:03:11.499175Z[0m [32m INFO[0m [2mgame::bench[0m[2m:[0m [STATS] t=103.4s tick=6202 fps_1s=60.0 avg_fps=60.0
[2m2026-09-26T15:03:12.515757Z[0m [32m INFO[0m [2mgame::bench[0m[2m:[0m [STATS] t=104.4s tick=6263 fps_1s=60.0 avg_fps=60.0
[2m2026-09-26T15:03:13.515957Z[0m [32m INFO[0m [2mgame::bench[0m[2m:[0m [STATS] t=105.4s tick=6323 fps_1s=60.0 avg_fps=60.0
[2m2026-09-26T15:03:14.532200Z[0m [32m INFO[0m [2mgame::bench[0m[2m:[0m [STATS] t=106.5s tick=6384 fps_1s=60.0 avg_fps=60.0
[2m2026-09-26T15:03:15.532570Z[0m [32m INFO[0m [2mgame::bench[0m[2m:[0m [STATS] t=107.5s tick=6444 fps_1s=60.0 avg_fps=60.0
[2m2026-09-26T15:03:16.549139Z[0m [32m INFO[0m [2mgame::bench[0m[2m:[0m [STATS] t=108.5s tick=6505 fps_1s=60.0 avg_fps=60.0
[2m2026-09-26T15:03:17.565823Z[0m [32m INFO[0m [2mgame::bench[0m[2m:[0m [STATS] t=109.5s tick=6566 fps_1s=60.0 avg_fps=60.0
[2m2026-09-26T15:03:18.582031Z[0m [32m INFO[0m [2mgame::bench[0m[2m:[0m [STATS] t=110.5s tick=6627 fps_1s=60.0 avg_fps=60.0
[2m2026-09-26T15:03:19.599096Z[0m [32m INFO[0m [2mgame::bench[0m[2m:[0m [STATS] t=111.5s tick=6688 fps_1s=60.0 avg_fps=60.0
[2m2026-09-26T15:03:20.615296Z[0m [32m INFO[0m [2mgame::bench[0m[2m:[0m [STATS] t=112.5s tick=6749 fps_1s=60.0 avg_fps=60.0
[2m2026-09-26T15:03:21.631759Z[0m [32m INFO[0m [2mgame::bench[0m[2m:[0m [STATS] t=113.6s tick=6810 fps_1s=60.0 avg_fps=60.0
[2m2026-09-26T15:03:22.648241Z[0m [32m INFO[0m [2mgame::bench[0m[2m:[0m [STATS] t=114.6s tick=6871 fps_1s=60.0 avg_fps=60.0
[2m2026-09-26T15:03:23.664876Z[0m [32m INFO[0m [2mgame::bench[0m[2m:[0m [STATS] t=115.6s tick=6932 fps_1s=60.0 avg_fps=60.0
[2m2026-09-26T15:03:24.681522Z[0m [32m INFO[0m [2mgame::bench[0m[2m:[0m [STATS] t=116.6s tick=6993 fps_1s=60.0 avg_fps=60.0
[2m2026-09-26T15:03:25.698062Z[0m [32m INFO[0m [2mgame::bench[0m[2m:[0m [STATS] t=117.6s tick=7054 fps_1s=60.0 avg_fps=60.0
[2m2026-09-26T15:03:26.714722Z[0m [32m INFO[0m [2mgame::bench[0m[2m:[0m [STATS] t=118.6s tick=7115 fps_1s=60.0 avg_fps=60.0
[2m2026-09-26T15:03:27.731237Z[0m [32m INFO[0m [2mgame::bench[0m[2m:[0m [STATS] t=119.7s tick=7176 fps_1s=60.0 avg_fps=60.0
[2m2026-09-26T15:03:28.747950Z[0m [32m INFO[0m [2mgame::bench[0m[2m:[0m [STATS] t=120.7s tick=7237 fps_1s=60.0 avg_fps=60.0
[2m2026-09-26T15:03:29.764517Z[0m [32m INFO[0m [2mgame::bench[0m[2m:[0m [STATS] t=121.7s tick=7298 fps_1s=60.0 avg_fps=60.0
[2m2026-09-26T15:03:30.764451Z[0m [32m INFO[0m [2mgame::bench[0m[2m:[0m [STATS] t=122.7s tick=7358 fps_1s=60.0 avg_fps=60.0
[2m2026-09-26T15:03:31.781113Z[0m [32m INFO[0m [2mgame::bench[0m[2m:[0m [STATS] t=123.7s tick=7419 fps_1s=60.0 avg_fps=60.0
[2m2026-09-26T15:03:32.797537Z[0m [32m INFO[0m [2mgame::bench[0m[2m:[0m [STATS] t=124.7s tick=7480 fps_1s=60.0 avg_fps=60.0
[2m2026-09-26T15:03:33.798254Z[0m [32m INFO[0m [2mgame::bench[0m[2m:[0m [STATS] t=125.7s tick=7540 fps_1s=60.0 avg_fps=60.0
[2m2026-09-26T15:03:34.814295Z[0m [32m INFO[0m [2mgame::bench[0m[2m:[0m [STATS] t=126.7s tick=7601 fps_1s=60.0 avg_fps=60.0
[2m2026-09-26T15:03:35.831057Z[0m [32m INFO[0m [2mgame::bench[0m[2m:[0m [STATS] t=127.8s tick=7662 fps_1s=60.0 avg_fps=60.0
[2m2026-09-26T15:03:36.847535Z[0m [32m INFO[0m [2mgame::bench[0m[2m:[0m [STATS] t=128.8s tick=7723 fps_1s=60.0 avg_fps=60.0
[2m2026-09-26T15:03:37.864297Z[0m [32m INFO[0m [2mgame::bench[0m[2m:[0m [STATS] t=129.8s tick=7784 fps_1s=60.0 avg_fps=60.0
[2m2026-09-26T15:03:38.881123Z[0m [32m INFO[0m [2mgame::bench[0m[2m:[0m [STATS] t=130.8s tick=7845 fps_1s=60.0 avg_fps=60.0
[2m2026-09-26T15:03:39.882223Z[0m [32m INFO[0m [2mgame::bench[0m[2m:[0m [STATS] t=131.8s tick=7905 fps_1s=60.0 avg_fps=60.0
[2m2026-09-26T15:03:40.897232Z[0m [32m INFO[0m [2mgame::bench[0m[2m:[0m [STATS] t=132.8s tick=7966 fps_1s=60.0 avg_fps=60.0
[2m2026-09-26T15:03:41.897071Z[0m [32m INFO[0m [2mgame::bench[0m[2m:[0m [STATS] t=133.8s tick=8026 fps_1s=60.0 avg_fps=60.0
[2m2026-09-26T15:03:42.913849Z[0m [32m INFO[0m [2mgame::bench[0m[2m:[0m [STATS] t=134.8s tick=8087 fps_1s=60.0 avg_fps=60.0
[2m2026-09-26T15:03:43.930201Z[0m [32m INFO[0m [2mgame::bench[0m[2m:[0m [STATS] t=135.9s tick=8148 fps_1s=60.0 avg_fps=60.0
[2m2026-09-26T15:03:44.930369Z[0m [32m INFO[0m [2mgame::bench[0m[2m:[0m [STATS] t=136.9s tick=8208 fps_1s=60.0 avg_fps=60.0
[2m2026-09-26T15:03:45.946748Z[0m [32m INFO[0m [2mgame::bench[0m[2m:[0m [STATS] t=137.9s tick=8269 fps_1s=60.0 avg_fps=60.0
[2m2026-09-26T15:03:46.963410Z[0m [32m INFO[0m [2mgame::bench[0m[2m:[0m [STATS] t=138.9s tick=8330 fps_1s=60.0 avg_fps=60.0
[2m2026-09-26T15:03:47.980020Z[0m [32m INFO[0m [2mgame::bench[0m[2m:[0m [STATS] t=139.9s tick=8391 fps_1s=60.0 avg_fps=60.0
[2m2026-09-26T15:03:48.996721Z[0m [32m INFO[0m [2mgame::bench[0m[2m:[0m [STATS] t=140.9s tick=8452 fps_1s=60.0 avg_fps=60.0
[2m2026-09-26T15:03:49.996822Z[0m [32m INFO[0m [2mgame::bench[0m[2m:[0m [STATS] t=141.9s tick=8512 fps_1s=60.0 avg_fps=60.0
[2m2026-09-26T15:03:51.013403Z[0m [32m INFO[0m [2mgame::bench[0m[2m:[0m [STATS] t=142.9s tick=8573 fps_1s=60.0 avg_fps=60.0
[2m2026-09-26T15:03:52.013653Z[0m [32m INFO[0m [2mgame::bench[0m[2m:[0m [STATS] t=143.9s tick=8633 fps_1s=60.0 avg_fps=60.0
[2m2026-09-26T15:03:53.030318Z[0m [32m INFO[0m [2mgame::bench[0m[2m:[0m [STATS] t=145.0s tick=8694 fps_1s=60.0 avg_fps=60.0
[2m2026-09-26T15:03:54.046981Z[0m [32m INFO[0m [2mgame::bench[0m[2m:[0m [STATS] t=146.0s tick=8755 fps_1s=60.0 avg_fps=60.0
