[CONFIG] game demo | count=50000 seed=20260926 bench_secs=12 | bevy 0.19 (workspace locked)
[2m2026-09-26T10:56:58.425407Z[0m [32m INFO[0m [2mbevy_diagnostic::system_information_diagnostics_plugin::internal[0m[2m:[0m SystemInfo { os: "Windows 10 IoT Enterprise LTSC 2021", kernel: "19044", cpu: "12th Gen Intel(R) Core(TM) i5-12490F", core_count: "6", memory: "31.8 GiB" }
[2m2026-09-26T10:56:58.671667Z[0m [32m INFO[0m [2mbevy_render::renderer[0m[2m:[0m AdapterInfo { name: "NVIDIA GeForce RTX 3050", vendor: 4318, device: 9602, device_type: DiscreteGpu, device_pci_bus_id: "0000:01:00.0", driver: "NVIDIA", driver_info: "537.58", backend: Vulkan, subgroup_min_size: 32, subgroup_max_size: 32, transient_saves_memory: false }
[2m2026-09-26T10:56:59.076041Z[0m [32m INFO[0m [2mgame::brp[0m[2m:[0m [BRP] listening on 127.0.0.1:15702 (explicit loopback bind)
[2m2026-09-26T10:56:59.086698Z[0m [32m INFO[0m [2mbevy_pbr::cluster[0m[2m:[0m GPU clustering is supported on this device.
[2m2026-09-26T10:56:59.086744Z[0m [32m INFO[0m [2mbevy_render::batching::gpu_preprocessing[0m[2m:[0m GPU preprocessing is fully supported on this device.
[2m2026-09-26T10:56:59.087153Z[0m [32m INFO[0m [2mbevy_winit::system[0m[2m:[0m Creating new window bevy-ai-workflow demo (65v0)
[2m2026-09-26T10:56:59.152386Z[0m [32m INFO[0m [2mgame::sim[0m[2m:[0m [SIM] spawned 50000 wanderers | seed=20260926 | area=120 | max_speed=3
[2m2026-09-26T10:57:00.170455Z[0m [32m INFO[0m [2mgame::bench[0m[2m:[0m [STATS] t=1.0s tick=52 fps_1s=52.0 avg_fps=0.0
[2m2026-09-26T10:57:01.170446Z[0m [32m INFO[0m [2mgame::bench[0m[2m:[0m [STATS] t=2.0s tick=112 fps_1s=60.0 avg_fps=0.0
[2m2026-09-26T10:57:02.189562Z[0m [32m INFO[0m [2mgame::bench[0m[2m:[0m [STATS] t=3.0s tick=173 fps_1s=60.0 avg_fps=60.0
[2m2026-09-26T10:57:03.204918Z[0m [32m INFO[0m [2mgame::bench[0m[2m:[0m [STATS] t=4.0s tick=234 fps_1s=60.0 avg_fps=60.0
[2m2026-09-26T10:57:04.220451Z[0m [32m INFO[0m [2mgame::bench[0m[2m:[0m [STATS] t=5.0s tick=295 fps_1s=60.0 avg_fps=60.0
[2m2026-09-26T10:57:05.237376Z[0m [32m INFO[0m [2mgame::bench[0m[2m:[0m [STATS] t=6.1s tick=356 fps_1s=60.0 avg_fps=60.0
[2m2026-09-26T10:57:06.253960Z[0m [32m INFO[0m [2mgame::bench[0m[2m:[0m [STATS] t=7.1s tick=417 fps_1s=60.0 avg_fps=60.0
[2m2026-09-26T10:57:07.270420Z[0m [32m INFO[0m [2mgame::bench[0m[2m:[0m [STATS] t=8.1s tick=478 fps_1s=60.0 avg_fps=60.0
[2m2026-09-26T10:57:08.270624Z[0m [32m INFO[0m [2mgame::bench[0m[2m:[0m [STATS] t=9.1s tick=538 fps_1s=60.0 avg_fps=60.0
[2m2026-09-26T10:57:09.287039Z[0m [32m INFO[0m [2mgame::bench[0m[2m:[0m [STATS] t=10.1s tick=599 fps_1s=60.0 avg_fps=60.0
[2m2026-09-26T10:57:10.303397Z[0m [32m INFO[0m [2mgame::bench[0m[2m:[0m [STATS] t=11.1s tick=660 fps_1s=60.0 avg_fps=60.0
[2m2026-09-26T10:57:11.186534Z[0m [32m INFO[0m [2mgame::bench[0m[2m:[0m [BENCH] n=50000 seed=20260926 bench_secs=12.0 warmup_secs=2.0 measure_secs=10.033 measure_frames=602 avg_fps=60.0
