[CONFIG] game demo | count=10000 seed=20260926 bench_secs=12 vsync=off(AutoNoVsync) | bevy 0.19 (workspace locked)
[2m2026-09-26T10:58:37.589010Z[0m [32m INFO[0m [2mbevy_diagnostic::system_information_diagnostics_plugin::internal[0m[2m:[0m SystemInfo { os: "Windows 10 IoT Enterprise LTSC 2021", kernel: "19044", cpu: "12th Gen Intel(R) Core(TM) i5-12490F", core_count: "6", memory: "31.8 GiB" }
[2m2026-09-26T10:58:37.825339Z[0m [32m INFO[0m [2mbevy_render::renderer[0m[2m:[0m AdapterInfo { name: "NVIDIA GeForce RTX 3050", vendor: 4318, device: 9602, device_type: DiscreteGpu, device_pci_bus_id: "0000:01:00.0", driver: "NVIDIA", driver_info: "537.58", backend: Vulkan, subgroup_min_size: 32, subgroup_max_size: 32, transient_saves_memory: false }
[2m2026-09-26T10:58:38.237979Z[0m [32m INFO[0m [2mgame::brp[0m[2m:[0m [BRP] listening on 127.0.0.1:15702 (explicit loopback bind)
[2m2026-09-26T10:58:38.248835Z[0m [32m INFO[0m [2mbevy_pbr::cluster[0m[2m:[0m GPU clustering is supported on this device.
[2m2026-09-26T10:58:38.248872Z[0m [32m INFO[0m [2mbevy_render::batching::gpu_preprocessing[0m[2m:[0m GPU preprocessing is fully supported on this device.
[2m2026-09-26T10:58:38.249285Z[0m [32m INFO[0m [2mbevy_winit::system[0m[2m:[0m Creating new window bevy-ai-workflow demo (65v0)
[2m2026-09-26T10:58:38.310040Z[0m [32m INFO[0m [2mgame::sim[0m[2m:[0m [SIM] spawned 10000 wanderers | seed=20260926 | area=120 | max_speed=3
[2m2026-09-26T10:58:39.315417Z[0m [32m INFO[0m [2mgame::bench[0m[2m:[0m [STATS] t=1.0s tick=316 fps_1s=315.8 avg_fps=0.0
[2m2026-09-26T10:58:40.317560Z[0m [32m INFO[0m [2mgame::bench[0m[2m:[0m [STATS] t=2.0s tick=667 fps_1s=350.3 avg_fps=0.0
[2m2026-09-26T10:58:41.317502Z[0m [32m INFO[0m [2mgame::bench[0m[2m:[0m [STATS] t=3.0s tick=1018 fps_1s=351.0 avg_fps=350.9
[2m2026-09-26T10:58:42.318377Z[0m [32m INFO[0m [2mgame::bench[0m[2m:[0m [STATS] t=4.0s tick=1369 fps_1s=350.7 avg_fps=350.8
[2m2026-09-26T10:58:43.320102Z[0m [32m INFO[0m [2mgame::bench[0m[2m:[0m [STATS] t=5.0s tick=1720 fps_1s=350.4 avg_fps=350.7
[2m2026-09-26T10:58:44.322521Z[0m [32m INFO[0m [2mgame::bench[0m[2m:[0m [STATS] t=6.0s tick=2072 fps_1s=351.2 avg_fps=350.8
[2m2026-09-26T10:58:45.322783Z[0m [32m INFO[0m [2mgame::bench[0m[2m:[0m [STATS] t=7.0s tick=2422 fps_1s=349.9 avg_fps=350.6
[2m2026-09-26T10:58:46.323172Z[0m [32m INFO[0m [2mgame::bench[0m[2m:[0m [STATS] t=8.0s tick=2770 fps_1s=347.9 avg_fps=350.2
[2m2026-09-26T10:58:47.324626Z[0m [32m INFO[0m [2mgame::bench[0m[2m:[0m [STATS] t=9.0s tick=3121 fps_1s=350.5 avg_fps=350.2
[2m2026-09-26T10:58:48.327452Z[0m [32m INFO[0m [2mgame::bench[0m[2m:[0m [STATS] t=10.0s tick=3473 fps_1s=351.1 avg_fps=350.3
[2m2026-09-26T10:58:49.329858Z[0m [32m INFO[0m [2mgame::bench[0m[2m:[0m [STATS] t=11.0s tick=3822 fps_1s=348.1 avg_fps=350.1
[2m2026-09-26T10:58:50.316521Z[0m [32m INFO[0m [2mgame::bench[0m[2m:[0m [BENCH] n=10000 seed=20260926 bench_secs=12.0 warmup_secs=2.0 measure_secs=10.002 measure_frames=3501 avg_fps=350.0
