   Compiling probe-g v0.1.0 (C:\Users\Administrator\Desktop\ccc\bevy-probe-g)
    Finished `release` profile [optimized] target(s) in 8.61s
     Running `C:/Users/Administrator/Desktop/ccc/bevy-probe-d/target\release\probe-g.exe`
[2m2026-09-28T05:21:19.917445Z[0m [32m INFO[0m [2mbevy_diagnostic::system_information_diagnostics_plugin::internal[0m[2m:[0m SystemInfo { os: "Windows 10 IoT Enterprise LTSC 2021", kernel: "19044", cpu: "12th Gen Intel(R) Core(TM) i5-12490F", core_count: "6", memory: "31.8 GiB" }
[2m2026-09-28T05:21:20.201241Z[0m [32m INFO[0m [2mbevy_render::renderer[0m[2m:[0m AdapterInfo { name: "NVIDIA GeForce RTX 3050", vendor: 4318, device: 9602, device_type: DiscreteGpu, device_pci_bus_id: "0000:01:00.0", driver: "NVIDIA", driver_info: "537.58", backend: Vulkan, subgroup_min_size: 32, subgroup_max_size: 32, transient_saves_memory: false }
[2m2026-09-28T05:21:20.722093Z[0m [32m INFO[0m [2mbevy_pbr::cluster[0m[2m:[0m GPU clustering is supported on this device.
[2m2026-09-28T05:21:20.722171Z[0m [32m INFO[0m [2mbevy_render::batching::gpu_preprocessing[0m[2m:[0m GPU preprocessing is fully supported on this device.
[2m2026-09-28T05:21:20.722913Z[0m [32m INFO[0m [2mbevy_winit::system[0m[2m:[0m Creating new window probe-g (65v0)
[R1] title="probe-g" scale_factor=1.25
[R3] camera Msaa=Sample4 samples=4
[R2] forward=Dir3(Vec3(-0.0, -0.44721362, -0.8944272)) dot=1
[R5] linear red=0.21404114 (sRGB 传递函数期望 0.21404114；纯 2.2 幂为 0.21763764)
[R3] camera Msaa=Sample4 samples=4
[R5] linear red=0.21404114 (sRGB 传递函数期望 0.21404114；纯 2.2 幂为 0.21763764)
[R2] forward=Dir3(Vec3(-0.0, -0.44721362, -0.8944272)) dot=1
[R3] camera Msaa=Sample4 samples=4
[R2] forward=Dir3(Vec3(-0.0, -0.44721362, -0.8944272)) dot=1
[R5] linear red=0.21404114 (sRGB 传递函数期望 0.21404114；纯 2.2 幂为 0.21763764)
[R3] camera Msaa=Sample4 samples=4
[R5] linear red=0.21404114 (sRGB 传递函数期望 0.21404114；纯 2.2 幂为 0.21763764)
[R2] forward=Dir3(Vec3(-0.0, -0.44721362, -0.8944272)) dot=1
[R3] camera Msaa=Sample4 samples=4
[R5] linear red=0.21404114 (sRGB 传递函数期望 0.21404114；纯 2.2 幂为 0.21763764)
[R2] forward=Dir3(Vec3(-0.0, -0.44721362, -0.8944272)) dot=1
[R3] camera Msaa=Sample4 samples=4
[R5] linear red=0.21404114 (sRGB 传递函数期望 0.21404114；纯 2.2 幂为 0.21763764)
[R2] forward=Dir3(Vec3(-0.0, -0.44721362, -0.8944272)) dot=1
[R6] frames done, exiting
REAL_EXIT=0
