[CONFIG] game demo | count=100 seed=20260926 max_speed=3 bench_secs=0 vsync=on(AutoVsync) | bevy 0.19 (workspace locked)
[2m2026-09-26T13:51:44.313918Z[0m [32m INFO[0m [2mbevy_diagnostic::system_information_diagnostics_plugin::internal[0m[2m:[0m SystemInfo { os: "Windows 10 IoT Enterprise LTSC 2021", kernel: "19044", cpu: "12th Gen Intel(R) Core(TM) i5-12490F", core_count: "6", memory: "31.8 GiB" }
[2m2026-09-26T13:51:44.624795Z[0m [32m INFO[0m [2mbevy_render::renderer[0m[2m:[0m AdapterInfo { name: "NVIDIA GeForce RTX 3050", vendor: 4318, device: 9602, device_type: DiscreteGpu, device_pci_bus_id: "0000:01:00.0", driver: "NVIDIA", driver_info: "537.58", backend: Vulkan, subgroup_min_size: 32, subgroup_max_size: 32, transient_saves_memory: false }
[2m2026-09-26T13:51:45.723736Z[0m [32m INFO[0m [2mgame::brp[0m[2m:[0m [BRP] listening on 127.0.0.1:15702 (explicit loopback bind)
[2m2026-09-26T13:51:45.740401Z[0m [32m INFO[0m [2mbevy_pbr::cluster[0m[2m:[0m GPU clustering is supported on this device.
[2m2026-09-26T13:51:45.740456Z[0m [32m INFO[0m [2mbevy_render::batching::gpu_preprocessing[0m[2m:[0m GPU preprocessing is fully supported on this device.
[2m2026-09-26T13:51:45.741250Z[0m [32m INFO[0m [2mbevy_winit::system[0m[2m:[0m Creating new window bevy-ai-workflow demo (65v0)
[2m2026-09-26T13:51:45.800813Z[0m [32m INFO[0m [2mgame::sim[0m[2m:[0m [SIM] metadata ready | version=0.1.0 | entity_count=100 | seed=20260926
[2m2026-09-26T13:51:45.800831Z[0m [32m INFO[0m [2mgame::sim[0m[2m:[0m [SIM] spawned 100 wanderers | seed=20260926 | area=120 | max_speed=3
[2m2026-09-26T13:51:46.807371Z[0m [32m INFO[0m [2mgame::bench[0m[2m:[0m [STATS] t=1.0s tick=117 fps_1s=116.5 avg_fps=0.0
[2m2026-09-26T13:51:47.813943Z[0m [32m INFO[0m [2mgame::bench[0m[2m:[0m [STATS] t=2.0s tick=258 fps_1s=140.0 avg_fps=163.8
[2m2026-09-26T13:51:48.813981Z[0m [32m INFO[0m [2mgame::bench[0m[2m:[0m [STATS] t=3.0s tick=400 fps_1s=142.0 avg_fps=142.1
[2m2026-09-26T13:51:49.822309Z[0m [32m INFO[0m [2mgame::bench[0m[2m:[0m [STATS] t=4.0s tick=545 fps_1s=143.8 avg_fps=143.1
[2m2026-09-26T13:51:50.827466Z[0m [32m INFO[0m [2mgame::bench[0m[2m:[0m [STATS] t=5.0s tick=690 fps_1s=144.2 avg_fps=143.4
[2m2026-09-26T13:51:51.834955Z[0m [32m INFO[0m [2mgame::bench[0m[2m:[0m [STATS] t=6.0s tick=835 fps_1s=144.0 avg_fps=143.5
[2m2026-09-26T13:51:52.834586Z[0m [32m INFO[0m [2mgame::bench[0m[2m:[0m [STATS] t=7.0s tick=978 fps_1s=143.0 avg_fps=143.4
[2m2026-09-26T13:51:53.841499Z[0m [32m INFO[0m [2mgame::bench[0m[2m:[0m [STATS] t=8.0s tick=1122 fps_1s=143.0 avg_fps=143.4
[2m2026-09-26T13:51:54.841398Z[0m [32m INFO[0m [2mgame::bench[0m[2m:[0m [STATS] t=9.0s tick=1265 fps_1s=143.0 avg_fps=143.3
[2m2026-09-26T13:51:55.841587Z[0m [32m INFO[0m [2mgame::bench[0m[2m:[0m [STATS] t=10.0s tick=1408 fps_1s=143.0 avg_fps=143.3
[2m2026-09-26T13:51:56.842175Z[0m [32m INFO[0m [2mgame::bench[0m[2m:[0m [STATS] t=11.0s tick=1551 fps_1s=143.0 avg_fps=143.2
[2m2026-09-26T13:51:57.842431Z[0m [32m INFO[0m [2mgame::bench[0m[2m:[0m [STATS] t=12.0s tick=1694 fps_1s=143.0 avg_fps=143.2
[2m2026-09-26T13:51:58.848966Z[0m [32m INFO[0m [2mgame::bench[0m[2m:[0m [STATS] t=13.0s tick=1839 fps_1s=144.0 avg_fps=143.3
[2m2026-09-26T13:51:59.849395Z[0m [32m INFO[0m [2mgame::bench[0m[2m:[0m [STATS] t=14.0s tick=1983 fps_1s=144.0 avg_fps=143.3
[2m2026-09-26T13:52:00.855689Z[0m [32m INFO[0m [2mgame::bench[0m[2m:[0m [STATS] t=15.1s tick=2126 fps_1s=142.1 avg_fps=143.2
[2m2026-09-26T13:52:01.864189Z[0m [32m INFO[0m [2mgame::bench[0m[2m:[0m [STATS] t=16.1s tick=2271 fps_1s=144.0 avg_fps=143.3
[2m2026-09-26T13:52:02.907244Z[0m [32m INFO[0m [2mgame::bench[0m[2m:[0m [STATS] t=17.1s tick=2390 fps_1s=117.3 avg_fps=141.6
[2m2026-09-26T13:52:03.907268Z[0m [32m INFO[0m [2mgame::bench[0m[2m:[0m [STATS] t=18.1s tick=2450 fps_1s=59.9 avg_fps=136.5
[2m2026-09-26T13:52:04.923356Z[0m [32m INFO[0m [2mgame::bench[0m[2m:[0m [STATS] t=19.1s tick=2511 fps_1s=60.0 avg_fps=132.0
[2m2026-09-26T13:52:05.923964Z[0m [32m INFO[0m [2mgame::bench[0m[2m:[0m [STATS] t=20.1s tick=2571 fps_1s=59.9 avg_fps=128.0
[2m2026-09-26T13:52:06.940617Z[0m [32m INFO[0m [2mgame::bench[0m[2m:[0m [STATS] t=21.1s tick=2632 fps_1s=59.8 avg_fps=124.4
[2m2026-09-26T13:52:07.956793Z[0m [32m INFO[0m [2mgame::bench[0m[2m:[0m [STATS] t=22.1s tick=2693 fps_1s=60.2 avg_fps=121.1
[2m2026-09-26T13:52:08.973551Z[0m [32m INFO[0m [2mgame::bench[0m[2m:[0m [STATS] t=23.1s tick=2754 fps_1s=60.1 avg_fps=118.2
[2m2026-09-26T13:52:09.973662Z[0m [32m INFO[0m [2mgame::bench[0m[2m:[0m [STATS] t=24.1s tick=2814 fps_1s=60.0 avg_fps=115.6
[2m2026-09-26T13:52:10.990583Z[0m [32m INFO[0m [2mgame::bench[0m[2m:[0m [STATS] t=25.2s tick=2875 fps_1s=60.0 avg_fps=113.1
[2m2026-09-26T13:52:12.006594Z[0m [32m INFO[0m [2mgame::bench[0m[2m:[0m [STATS] t=26.2s tick=2936 fps_1s=60.0 avg_fps=110.9
[2m2026-09-26T13:52:13.023064Z[0m [32m INFO[0m [2mgame::bench[0m[2m:[0m [STATS] t=27.2s tick=2997 fps_1s=60.0 avg_fps=108.8
[2m2026-09-26T13:52:14.024000Z[0m [32m INFO[0m [2mgame::bench[0m[2m:[0m [STATS] t=28.2s tick=3057 fps_1s=60.0 avg_fps=107.0
[2m2026-09-26T13:52:15.040707Z[0m [32m INFO[0m [2mgame::bench[0m[2m:[0m [STATS] t=29.2s tick=3118 fps_1s=60.0 avg_fps=105.2
[2m2026-09-26T13:52:16.040381Z[0m [32m INFO[0m [2mgame::bench[0m[2m:[0m [STATS] t=30.2s tick=3178 fps_1s=60.0 avg_fps=103.6
[2m2026-09-26T13:52:17.057505Z[0m [32m INFO[0m [2mgame::bench[0m[2m:[0m [STATS] t=31.2s tick=3239 fps_1s=60.0 avg_fps=102.1
[2m2026-09-26T13:52:18.073713Z[0m [32m INFO[0m [2mgame::bench[0m[2m:[0m [STATS] t=32.2s tick=3300 fps_1s=60.0 avg_fps=100.7
[2m2026-09-26T13:52:19.073335Z[0m [32m INFO[0m [2mgame::bench[0m[2m:[0m [STATS] t=33.2s tick=3360 fps_1s=60.0 avg_fps=99.4
[2m2026-09-26T13:52:20.073803Z[0m [32m INFO[0m [2mgame::bench[0m[2m:[0m [STATS] t=34.2s tick=3420 fps_1s=60.0 avg_fps=98.1
[2m2026-09-26T13:52:21.090733Z[0m [32m INFO[0m [2mgame::bench[0m[2m:[0m [STATS] t=35.3s tick=3481 fps_1s=60.1 avg_fps=97.0
[2m2026-09-26T13:52:22.090940Z[0m [32m INFO[0m [2mgame::bench[0m[2m:[0m [STATS] t=36.3s tick=3541 fps_1s=59.9 avg_fps=95.9
[2m2026-09-26T13:52:23.090029Z[0m [32m INFO[0m [2mgame::bench[0m[2m:[0m [STATS] t=37.3s tick=3601 fps_1s=60.0 avg_fps=94.9
[2m2026-09-26T13:52:24.106765Z[0m [32m INFO[0m [2mgame::bench[0m[2m:[0m [STATS] t=38.3s tick=3662 fps_1s=60.0 avg_fps=93.9
[2m2026-09-26T13:52:25.123358Z[0m [32m INFO[0m [2mgame::bench[0m[2m:[0m [STATS] t=39.3s tick=3723 fps_1s=60.1 avg_fps=93.0
[2m2026-09-26T13:52:26.140736Z[0m [32m INFO[0m [2mgame::bench[0m[2m:[0m [STATS] t=40.3s tick=3784 fps_1s=60.0 avg_fps=92.1
[2m2026-09-26T13:52:27.156419Z[0m [32m INFO[0m [2mgame::bench[0m[2m:[0m [STATS] t=41.3s tick=3845 fps_1s=60.0 avg_fps=91.3
[2m2026-09-26T13:52:28.156965Z[0m [32m INFO[0m [2mgame::bench[0m[2m:[0m [STATS] t=42.3s tick=3905 fps_1s=60.0 avg_fps=90.5
[2m2026-09-26T13:52:29.173257Z[0m [32m INFO[0m [2mgame::bench[0m[2m:[0m [STATS] t=43.3s tick=3966 fps_1s=60.1 avg_fps=89.7
[2m2026-09-26T13:52:30.173411Z[0m [32m INFO[0m [2mgame::bench[0m[2m:[0m [STATS] t=44.3s tick=4026 fps_1s=60.0 avg_fps=89.0
[2m2026-09-26T13:52:31.173359Z[0m [32m INFO[0m [2mgame::bench[0m[2m:[0m [STATS] t=45.3s tick=4086 fps_1s=60.0 avg_fps=88.4
[2m2026-09-26T13:52:32.174076Z[0m [32m INFO[0m [2mgame::bench[0m[2m:[0m [STATS] t=46.3s tick=4146 fps_1s=60.0 avg_fps=87.7
[2m2026-09-26T13:52:33.174247Z[0m [32m INFO[0m [2mgame::bench[0m[2m:[0m [STATS] t=47.3s tick=4206 fps_1s=60.0 avg_fps=87.1
[2m2026-09-26T13:52:34.190071Z[0m [32m INFO[0m [2mgame::bench[0m[2m:[0m [STATS] t=48.4s tick=4267 fps_1s=60.1 avg_fps=86.5
[2m2026-09-26T13:52:35.191121Z[0m [32m INFO[0m [2mgame::bench[0m[2m:[0m [STATS] t=49.4s tick=4327 fps_1s=60.0 avg_fps=86.0
[2m2026-09-26T13:52:36.190026Z[0m [32m INFO[0m [2mgame::bench[0m[2m:[0m [STATS] t=50.4s tick=4387 fps_1s=60.0 avg_fps=85.4
[2m2026-09-26T13:52:37.206792Z[0m [32m INFO[0m [2mgame::bench[0m[2m:[0m [STATS] t=51.4s tick=4448 fps_1s=60.0 avg_fps=84.9
[2m2026-09-26T13:52:38.207062Z[0m [32m INFO[0m [2mgame::bench[0m[2m:[0m [STATS] t=52.4s tick=4508 fps_1s=59.9 avg_fps=84.4
[2m2026-09-26T13:52:39.223248Z[0m [32m INFO[0m [2mgame::bench[0m[2m:[0m [STATS] t=53.4s tick=4569 fps_1s=60.1 avg_fps=83.9
[2m2026-09-26T13:52:40.225273Z[0m [32m INFO[0m [2mgame::bench[0m[2m:[0m [STATS] t=54.4s tick=4629 fps_1s=59.9 avg_fps=83.5
[2m2026-09-26T13:52:41.239929Z[0m [32m INFO[0m [2mgame::bench[0m[2m:[0m [STATS] t=55.4s tick=4690 fps_1s=60.1 avg_fps=83.0
[2m2026-09-26T13:52:42.240443Z[0m [32m INFO[0m [2mgame::bench[0m[2m:[0m [STATS] t=56.4s tick=4750 fps_1s=60.0 avg_fps=82.6
[2m2026-09-26T13:52:43.257102Z[0m [32m INFO[0m [2mgame::bench[0m[2m:[0m [STATS] t=57.4s tick=4811 fps_1s=59.9 avg_fps=82.2
[2m2026-09-26T13:52:44.273151Z[0m [32m INFO[0m [2mgame::bench[0m[2m:[0m [STATS] t=58.4s tick=4872 fps_1s=60.1 avg_fps=81.8
[2m2026-09-26T13:52:45.290611Z[0m [32m INFO[0m [2mgame::bench[0m[2m:[0m [STATS] t=59.5s tick=4933 fps_1s=60.0 avg_fps=81.4
[2m2026-09-26T13:52:46.290404Z[0m [32m INFO[0m [2mgame::bench[0m[2m:[0m [STATS] t=60.5s tick=4993 fps_1s=60.0 avg_fps=81.0
[2m2026-09-26T13:52:47.289735Z[0m [32m INFO[0m [2mgame::bench[0m[2m:[0m [STATS] t=61.5s tick=5053 fps_1s=60.0 avg_fps=80.7
[2m2026-09-26T13:52:48.307264Z[0m [32m INFO[0m [2mgame::bench[0m[2m:[0m [STATS] t=62.5s tick=5114 fps_1s=60.0 avg_fps=80.3
[2m2026-09-26T13:52:49.323708Z[0m [32m INFO[0m [2mgame::bench[0m[2m:[0m [STATS] t=63.5s tick=5175 fps_1s=59.9 avg_fps=80.0
[2m2026-09-26T13:52:50.340491Z[0m [32m INFO[0m [2mgame::bench[0m[2m:[0m [STATS] t=64.5s tick=5236 fps_1s=60.0 avg_fps=79.7
[2m2026-09-26T13:52:51.340147Z[0m [32m INFO[0m [2mgame::bench[0m[2m:[0m [STATS] t=65.5s tick=5296 fps_1s=60.0 avg_fps=79.4
[2m2026-09-26T13:52:52.356519Z[0m [32m INFO[0m [2mgame::bench[0m[2m:[0m [STATS] t=66.5s tick=5357 fps_1s=60.0 avg_fps=79.1
[2m2026-09-26T13:52:53.373458Z[0m [32m INFO[0m [2mgame::bench[0m[2m:[0m [STATS] t=67.5s tick=5418 fps_1s=60.0 avg_fps=78.8
[2m2026-09-26T13:52:54.373358Z[0m [32m INFO[0m [2mgame::bench[0m[2m:[0m [STATS] t=68.5s tick=5478 fps_1s=60.0 avg_fps=78.5
[2m2026-09-26T13:52:55.373223Z[0m [32m INFO[0m [2mgame::bench[0m[2m:[0m [STATS] t=69.5s tick=5538 fps_1s=60.0 avg_fps=78.2
[2m2026-09-26T13:52:56.390629Z[0m [32m INFO[0m [2mgame::bench[0m[2m:[0m [STATS] t=70.6s tick=5599 fps_1s=60.1 avg_fps=77.9
[2m2026-09-26T13:52:57.406661Z[0m [32m INFO[0m [2mgame::bench[0m[2m:[0m [STATS] t=71.6s tick=5660 fps_1s=60.0 avg_fps=77.7
[2m2026-09-26T13:52:58.406607Z[0m [32m INFO[0m [2mgame::bench[0m[2m:[0m [STATS] t=72.6s tick=5720 fps_1s=60.0 avg_fps=77.4
[2m2026-09-26T13:52:59.423105Z[0m [32m INFO[0m [2mgame::bench[0m[2m:[0m [STATS] t=73.6s tick=5781 fps_1s=60.1 avg_fps=77.2
[2m2026-09-26T13:53:00.440362Z[0m [32m INFO[0m [2mgame::bench[0m[2m:[0m [STATS] t=74.6s tick=5842 fps_1s=60.0 avg_fps=76.9
[2m2026-09-26T13:53:01.443372Z[0m [32m INFO[0m [2mgame::bench[0m[2m:[0m [STATS] t=75.6s tick=5902 fps_1s=60.0 avg_fps=76.7
[2m2026-09-26T13:53:02.457149Z[0m [32m INFO[0m [2mgame::bench[0m[2m:[0m [STATS] t=76.6s tick=5963 fps_1s=59.9 avg_fps=76.5
[2m2026-09-26T13:53:03.474057Z[0m [32m INFO[0m [2mgame::bench[0m[2m:[0m [STATS] t=77.6s tick=6024 fps_1s=60.1 avg_fps=76.3
[2m2026-09-26T13:53:04.473841Z[0m [32m INFO[0m [2mgame::bench[0m[2m:[0m [STATS] t=78.6s tick=6084 fps_1s=60.0 avg_fps=76.0
[2m2026-09-26T13:53:05.490376Z[0m [32m INFO[0m [2mgame::bench[0m[2m:[0m [STATS] t=79.7s tick=6145 fps_1s=60.1 avg_fps=75.8
[2m2026-09-26T13:53:06.506654Z[0m [32m INFO[0m [2mgame::bench[0m[2m:[0m [STATS] t=80.7s tick=6206 fps_1s=60.0 avg_fps=75.6
[2m2026-09-26T13:53:07.523428Z[0m [32m INFO[0m [2mgame::bench[0m[2m:[0m [STATS] t=81.7s tick=6267 fps_1s=60.0 avg_fps=75.4
[2m2026-09-26T13:53:08.524043Z[0m [32m INFO[0m [2mgame::bench[0m[2m:[0m [STATS] t=82.7s tick=6327 fps_1s=60.0 avg_fps=75.2
[2m2026-09-26T13:53:09.539786Z[0m [32m INFO[0m [2mgame::bench[0m[2m:[0m [STATS] t=83.7s tick=6388 fps_1s=60.1 avg_fps=75.0
[2m2026-09-26T13:53:10.540369Z[0m [32m INFO[0m [2mgame::bench[0m[2m:[0m [STATS] t=84.7s tick=6448 fps_1s=60.0 avg_fps=74.9
[2m2026-09-26T13:53:11.556691Z[0m [32m INFO[0m [2mgame::bench[0m[2m:[0m [STATS] t=85.7s tick=6509 fps_1s=60.0 avg_fps=74.7
[2m2026-09-26T13:53:12.556848Z[0m [32m INFO[0m [2mgame::bench[0m[2m:[0m [STATS] t=86.7s tick=6569 fps_1s=60.0 avg_fps=74.5
[2m2026-09-26T13:53:13.573909Z[0m [32m INFO[0m [2mgame::bench[0m[2m:[0m [STATS] t=87.7s tick=6630 fps_1s=60.0 avg_fps=74.3
[2m2026-09-26T13:53:14.573924Z[0m [32m INFO[0m [2mgame::bench[0m[2m:[0m [STATS] t=88.7s tick=6690 fps_1s=59.9 avg_fps=74.2
[2m2026-09-26T13:53:15.573881Z[0m [32m INFO[0m [2mgame::bench[0m[2m:[0m [STATS] t=89.7s tick=6750 fps_1s=60.0 avg_fps=74.0
[2m2026-09-26T13:53:16.591050Z[0m [32m INFO[0m [2mgame::bench[0m[2m:[0m [STATS] t=90.8s tick=6811 fps_1s=60.0 avg_fps=73.9
[2m2026-09-26T13:53:17.590941Z[0m [32m INFO[0m [2mgame::bench[0m[2m:[0m [STATS] t=91.8s tick=6871 fps_1s=60.0 avg_fps=73.7
[2m2026-09-26T13:53:18.591382Z[0m [32m INFO[0m [2mgame::bench[0m[2m:[0m [STATS] t=92.8s tick=6931 fps_1s=60.0 avg_fps=73.5
[2m2026-09-26T13:53:19.606646Z[0m [32m INFO[0m [2mgame::bench[0m[2m:[0m [STATS] t=93.8s tick=6992 fps_1s=60.0 avg_fps=73.4
[2m2026-09-26T13:53:20.623802Z[0m [32m INFO[0m [2mgame::bench[0m[2m:[0m [STATS] t=94.8s tick=7053 fps_1s=60.1 avg_fps=73.3
[2m2026-09-26T13:53:21.640117Z[0m [32m INFO[0m [2mgame::bench[0m[2m:[0m [STATS] t=95.8s tick=7114 fps_1s=60.0 avg_fps=73.1
[2m2026-09-26T13:53:22.657005Z[0m [32m INFO[0m [2mgame::bench[0m[2m:[0m [STATS] t=96.8s tick=7175 fps_1s=60.0 avg_fps=73.0
[2m2026-09-26T13:53:23.673944Z[0m [32m INFO[0m [2mgame::bench[0m[2m:[0m [STATS] t=97.8s tick=7236 fps_1s=60.0 avg_fps=72.8
[2m2026-09-26T13:53:24.673866Z[0m [32m INFO[0m [2mgame::bench[0m[2m:[0m [STATS] t=98.8s tick=7296 fps_1s=59.9 avg_fps=72.7
[2m2026-09-26T13:53:25.691009Z[0m [32m INFO[0m [2mgame::bench[0m[2m:[0m [STATS] t=99.9s tick=7357 fps_1s=60.0 avg_fps=72.6
[2m2026-09-26T13:53:26.689722Z[0m [32m INFO[0m [2mgame::bench[0m[2m:[0m [STATS] t=100.9s tick=7417 fps_1s=60.0 avg_fps=72.4
[2m2026-09-26T13:53:27.689929Z[0m [32m INFO[0m [2mgame::bench[0m[2m:[0m [STATS] t=101.9s tick=7477 fps_1s=59.9 avg_fps=72.3
[2m2026-09-26T13:53:28.706924Z[0m [32m INFO[0m [2mgame::bench[0m[2m:[0m [STATS] t=102.9s tick=7538 fps_1s=60.0 avg_fps=72.2
[2m2026-09-26T13:53:29.723578Z[0m [32m INFO[0m [2mgame::bench[0m[2m:[0m [STATS] t=103.9s tick=7599 fps_1s=60.1 avg_fps=72.1
[2m2026-09-26T13:53:30.723372Z[0m [32m INFO[0m [2mgame::bench[0m[2m:[0m [STATS] t=104.9s tick=7659 fps_1s=60.0 avg_fps=71.9
