[CONFIG] game demo | count=0 seed=20260926 max_speed=3 bench_secs=0 vsync=on(AutoVsync) | bevy 0.19 (workspace locked)
[2m2026-09-28T10:47:08.894210Z[0m [32m INFO[0m [2mbevy_diagnostic::system_information_diagnostics_plugin::internal[0m[2m:[0m SystemInfo { os: "Windows 10 IoT Enterprise LTSC 2021", kernel: "19044", cpu: "12th Gen Intel(R) Core(TM) i5-12490F", core_count: "6", memory: "31.8 GiB" }
[2m2026-09-28T10:47:09.421402Z[0m [32m INFO[0m [2mbevy_render::renderer[0m[2m:[0m AdapterInfo { name: "NVIDIA GeForce RTX 3050", vendor: 4318, device: 9602, device_type: DiscreteGpu, device_pci_bus_id: "0000:01:00.0", driver: "NVIDIA", driver_info: "537.58", backend: Vulkan, subgroup_min_size: 32, subgroup_max_size: 32, transient_saves_memory: false }
[2m2026-09-28T10:47:10.103131Z[0m [32m INFO[0m [2mgame::brp[0m[2m:[0m [BRP] listening on 127.0.0.1:15702 (explicit loopback bind)
[2m2026-09-28T10:47:10.103154Z[0m [32m INFO[0m [2mgame::brp[0m[2m:[0m [BRP] custom methods: game.run_tests / game.screenshot / game.screenshot_log / game.launch_level
[2m2026-09-28T10:47:10.117094Z[0m [32m INFO[0m [2mbevy_pbr::cluster[0m[2m:[0m GPU clustering is supported on this device.
[2m2026-09-28T10:47:10.117199Z[0m [32m INFO[0m [2mbevy_render::batching::gpu_preprocessing[0m[2m:[0m GPU preprocessing is fully supported on this device.
[2m2026-09-28T10:47:10.118042Z[0m [32m INFO[0m [2mbevy_winit::system[0m[2m:[0m Creating new window bevy-ai-workflow demo (65v0)
[2m2026-09-28T10:47:10.201328Z[0m [32m INFO[0m [2mgame::sim[0m[2m:[0m [SIM] metadata ready | version=0.1.0 | entity_count=0 | seed=20260926
[2m2026-09-28T10:47:10.201400Z[0m [32m INFO[0m [2mgame::sim[0m[2m:[0m [SIM] spawned 0 wanderers | seed=20260926 | area=120 | max_speed=3
[2m2026-09-28T10:47:10.201601Z[0m [32m INFO[0m [2mgame::sim[0m[2m:[0m [SIM] tagged 0 wanderers (index < 10)
[2m2026-09-28T10:47:11.204672Z[0m [32m INFO[0m [2mgame::bench[0m[2m:[0m [STATS] t=1.0s tick=55 fps_1s=54.9 avg_fps=0.0
[2m2026-09-28T10:47:12.221225Z[0m [32m INFO[0m [2mgame::bench[0m[2m:[0m [STATS] t=2.0s tick=116 fps_1s=60.0 avg_fps=60.3
[2m2026-09-28T10:47:13.221242Z[0m [32m INFO[0m [2mgame::bench[0m[2m:[0m [STATS] t=3.0s tick=176 fps_1s=60.0 avg_fps=60.0
[2m2026-09-28T10:47:14.221817Z[0m [32m INFO[0m [2mgame::bench[0m[2m:[0m [STATS] t=4.0s tick=236 fps_1s=60.0 avg_fps=60.0
[2m2026-09-28T10:47:15.238956Z[0m [32m INFO[0m [2mgame::bench[0m[2m:[0m [STATS] t=5.0s tick=297 fps_1s=60.0 avg_fps=60.0
[2m2026-09-28T10:47:16.254923Z[0m [32m INFO[0m [2mgame::bench[0m[2m:[0m [STATS] t=6.1s tick=358 fps_1s=60.0 avg_fps=60.0
[2m2026-09-28T10:47:17.254995Z[0m [32m INFO[0m [2mgame::bench[0m[2m:[0m [STATS] t=7.1s tick=418 fps_1s=60.0 avg_fps=60.0
[2m2026-09-28T10:47:18.270762Z[0m [32m INFO[0m [2mgame::bench[0m[2m:[0m [STATS] t=8.1s tick=479 fps_1s=60.0 avg_fps=60.0
[2m2026-09-28T10:47:19.287500Z[0m [32m INFO[0m [2mgame::bench[0m[2m:[0m [STATS] t=9.1s tick=540 fps_1s=60.0 avg_fps=60.0
[2m2026-09-28T10:47:20.304227Z[0m [32m INFO[0m [2mgame::bench[0m[2m:[0m [STATS] t=10.1s tick=601 fps_1s=60.0 avg_fps=60.0
[2m2026-09-28T10:47:21.304295Z[0m [32m INFO[0m [2mgame::bench[0m[2m:[0m [STATS] t=11.1s tick=661 fps_1s=60.0 avg_fps=60.0
[2m2026-09-28T10:47:22.304183Z[0m [32m INFO[0m [2mgame::bench[0m[2m:[0m [STATS] t=12.1s tick=721 fps_1s=60.0 avg_fps=60.0
[2m2026-09-28T10:47:23.320674Z[0m [32m INFO[0m [2mgame::bench[0m[2m:[0m [STATS] t=13.1s tick=782 fps_1s=60.0 avg_fps=60.0
[2m2026-09-28T10:47:24.337138Z[0m [32m INFO[0m [2mgame::bench[0m[2m:[0m [STATS] t=14.1s tick=843 fps_1s=60.0 avg_fps=60.0
[2m2026-09-28T10:47:25.353712Z[0m [32m INFO[0m [2mgame::bench[0m[2m:[0m [STATS] t=15.2s tick=904 fps_1s=60.0 avg_fps=60.0
[2m2026-09-28T10:47:26.370714Z[0m [32m INFO[0m [2mgame::bench[0m[2m:[0m [STATS] t=16.2s tick=965 fps_1s=60.0 avg_fps=60.0
[2m2026-09-28T10:47:27.370759Z[0m [32m INFO[0m [2mgame::bench[0m[2m:[0m [STATS] t=17.2s tick=1025 fps_1s=60.0 avg_fps=60.0
[2m2026-09-28T10:47:28.387076Z[0m [32m INFO[0m [2mgame::bench[0m[2m:[0m [STATS] t=18.2s tick=1086 fps_1s=60.0 avg_fps=60.0
[2m2026-09-28T10:47:29.387115Z[0m [32m INFO[0m [2mgame::bench[0m[2m:[0m [STATS] t=19.2s tick=1146 fps_1s=60.0 avg_fps=60.0
[2m2026-09-28T10:47:30.403488Z[0m [32m INFO[0m [2mgame::bench[0m[2m:[0m [STATS] t=20.2s tick=1207 fps_1s=60.0 avg_fps=60.0
[2m2026-09-28T10:47:31.420157Z[0m [32m INFO[0m [2mgame::bench[0m[2m:[0m [STATS] t=21.2s tick=1268 fps_1s=60.0 avg_fps=60.0
[2m2026-09-28T10:47:32.436739Z[0m [32m INFO[0m [2mgame::bench[0m[2m:[0m [STATS] t=22.2s tick=1329 fps_1s=60.0 avg_fps=60.0
[2m2026-09-28T10:47:33.453349Z[0m [32m INFO[0m [2mgame::bench[0m[2m:[0m [STATS] t=23.3s tick=1390 fps_1s=60.0 avg_fps=60.0
[2m2026-09-28T10:47:34.469896Z[0m [32m INFO[0m [2mgame::bench[0m[2m:[0m [STATS] t=24.3s tick=1451 fps_1s=60.0 avg_fps=60.0
[2m2026-09-28T10:47:35.470009Z[0m [32m INFO[0m [2mgame::bench[0m[2m:[0m [STATS] t=25.3s tick=1511 fps_1s=60.0 avg_fps=60.0
[2m2026-09-28T10:47:36.486569Z[0m [32m INFO[0m [2mgame::bench[0m[2m:[0m [STATS] t=26.3s tick=1572 fps_1s=60.0 avg_fps=60.0
[2m2026-09-28T10:47:37.502846Z[0m [32m INFO[0m [2mgame::bench[0m[2m:[0m [STATS] t=27.3s tick=1633 fps_1s=60.0 avg_fps=60.0
[2m2026-09-28T10:47:38.519509Z[0m [32m INFO[0m [2mgame::bench[0m[2m:[0m [STATS] t=28.3s tick=1694 fps_1s=60.0 avg_fps=60.0
[2m2026-09-28T10:47:39.519613Z[0m [32m INFO[0m [2mgame::bench[0m[2m:[0m [STATS] t=29.3s tick=1754 fps_1s=60.0 avg_fps=60.0
[2m2026-09-28T10:47:40.536655Z[0m [32m INFO[0m [2mgame::bench[0m[2m:[0m [STATS] t=30.3s tick=1815 fps_1s=60.0 avg_fps=60.0
[2m2026-09-28T10:47:41.552579Z[0m [32m INFO[0m [2mgame::bench[0m[2m:[0m [STATS] t=31.3s tick=1876 fps_1s=60.0 avg_fps=60.0
[2m2026-09-28T10:47:42.569167Z[0m [32m INFO[0m [2mgame::bench[0m[2m:[0m [STATS] t=32.4s tick=1937 fps_1s=60.0 avg_fps=60.0
[2m2026-09-28T10:47:43.585884Z[0m [32m INFO[0m [2mgame::bench[0m[2m:[0m [STATS] t=33.4s tick=1998 fps_1s=60.0 avg_fps=60.0
[2m2026-09-28T10:47:44.602799Z[0m [32m INFO[0m [2mgame::bench[0m[2m:[0m [STATS] t=34.4s tick=2059 fps_1s=60.0 avg_fps=60.0
[2m2026-09-28T10:47:45.619563Z[0m [32m INFO[0m [2mgame::bench[0m[2m:[0m [STATS] t=35.4s tick=2120 fps_1s=60.0 avg_fps=60.0
[2m2026-09-28T10:47:46.619841Z[0m [32m INFO[0m [2mgame::bench[0m[2m:[0m [STATS] t=36.4s tick=2180 fps_1s=60.0 avg_fps=60.0
[2m2026-09-28T10:47:47.635537Z[0m [32m INFO[0m [2mgame::bench[0m[2m:[0m [STATS] t=37.4s tick=2241 fps_1s=60.0 avg_fps=60.0
[2m2026-09-28T10:47:48.635607Z[0m [32m INFO[0m [2mgame::bench[0m[2m:[0m [STATS] t=38.4s tick=2301 fps_1s=60.0 avg_fps=60.0
[2m2026-09-28T10:47:49.652113Z[0m [32m INFO[0m [2mgame::bench[0m[2m:[0m [STATS] t=39.4s tick=2362 fps_1s=60.0 avg_fps=60.0
[2m2026-09-28T10:47:50.668594Z[0m [32m INFO[0m [2mgame::bench[0m[2m:[0m [STATS] t=40.5s tick=2423 fps_1s=60.0 avg_fps=60.0
[2m2026-09-28T10:47:51.668685Z[0m [32m INFO[0m [2mgame::bench[0m[2m:[0m [STATS] t=41.5s tick=2483 fps_1s=60.0 avg_fps=60.0
[2m2026-09-28T10:47:52.685349Z[0m [32m INFO[0m [2mgame::bench[0m[2m:[0m [STATS] t=42.5s tick=2544 fps_1s=60.0 avg_fps=60.0
[2m2026-09-28T10:47:53.702340Z[0m [32m INFO[0m [2mgame::bench[0m[2m:[0m [STATS] t=43.5s tick=2605 fps_1s=60.0 avg_fps=60.0
[2m2026-09-28T10:47:54.718555Z[0m [32m INFO[0m [2mgame::bench[0m[2m:[0m [STATS] t=44.5s tick=2666 fps_1s=60.0 avg_fps=60.0
[2m2026-09-28T10:47:55.735434Z[0m [32m INFO[0m [2mgame::bench[0m[2m:[0m [STATS] t=45.5s tick=2727 fps_1s=60.0 avg_fps=60.0
[2m2026-09-28T10:47:56.751807Z[0m [32m INFO[0m [2mgame::bench[0m[2m:[0m [STATS] t=46.5s tick=2788 fps_1s=60.0 avg_fps=60.0
[2m2026-09-28T10:47:57.751933Z[0m [32m INFO[0m [2mgame::bench[0m[2m:[0m [STATS] t=47.5s tick=2848 fps_1s=60.0 avg_fps=60.0
[2m2026-09-28T10:47:58.751973Z[0m [32m INFO[0m [2mgame::bench[0m[2m:[0m [STATS] t=48.5s tick=2908 fps_1s=60.0 avg_fps=60.0
[2m2026-09-28T10:47:59.752155Z[0m [32m INFO[0m [2mgame::bench[0m[2m:[0m [STATS] t=49.5s tick=2968 fps_1s=60.0 avg_fps=60.0
[2m2026-09-28T10:48:00.768501Z[0m [32m INFO[0m [2mgame::bench[0m[2m:[0m [STATS] t=50.6s tick=3029 fps_1s=60.0 avg_fps=60.0
[2m2026-09-28T10:48:01.784983Z[0m [32m INFO[0m [2mgame::bench[0m[2m:[0m [STATS] t=51.6s tick=3090 fps_1s=60.0 avg_fps=60.0
[2m2026-09-28T10:48:02.785246Z[0m [32m INFO[0m [2mgame::bench[0m[2m:[0m [STATS] t=52.6s tick=3150 fps_1s=60.0 avg_fps=60.0
[2m2026-09-28T10:48:03.801464Z[0m [32m INFO[0m [2mgame::bench[0m[2m:[0m [STATS] t=53.6s tick=3211 fps_1s=60.0 avg_fps=60.0
[2m2026-09-28T10:48:04.817719Z[0m [32m INFO[0m [2mgame::bench[0m[2m:[0m [STATS] t=54.6s tick=3272 fps_1s=60.0 avg_fps=60.0
[2m2026-09-28T10:48:05.834456Z[0m [32m INFO[0m [2mgame::bench[0m[2m:[0m [STATS] t=55.6s tick=3333 fps_1s=60.0 avg_fps=60.0
[2m2026-09-28T10:48:06.851227Z[0m [32m INFO[0m [2mgame::bench[0m[2m:[0m [STATS] t=56.6s tick=3394 fps_1s=60.0 avg_fps=60.0
[2m2026-09-28T10:48:07.851210Z[0m [32m INFO[0m [2mgame::bench[0m[2m:[0m [STATS] t=57.6s tick=3454 fps_1s=60.0 avg_fps=60.0
[2m2026-09-28T10:48:08.867752Z[0m [32m INFO[0m [2mgame::bench[0m[2m:[0m [STATS] t=58.7s tick=3515 fps_1s=60.0 avg_fps=60.0
[2m2026-09-28T10:48:09.884274Z[0m [32m INFO[0m [2mgame::bench[0m[2m:[0m [STATS] t=59.7s tick=3576 fps_1s=60.0 avg_fps=60.0
[2m2026-09-28T10:48:10.900812Z[0m [32m INFO[0m [2mgame::bench[0m[2m:[0m [STATS] t=60.7s tick=3637 fps_1s=60.0 avg_fps=60.0
[2m2026-09-28T10:48:11.900715Z[0m [32m INFO[0m [2mgame::bench[0m[2m:[0m [STATS] t=61.7s tick=3697 fps_1s=60.0 avg_fps=60.0
[2m2026-09-28T10:48:12.917369Z[0m [32m INFO[0m [2mgame::bench[0m[2m:[0m [STATS] t=62.7s tick=3758 fps_1s=60.0 avg_fps=60.0
[2m2026-09-28T10:48:13.933918Z[0m [32m INFO[0m [2mgame::bench[0m[2m:[0m [STATS] t=63.7s tick=3819 fps_1s=60.0 avg_fps=60.0
[2m2026-09-28T10:48:14.950591Z[0m [32m INFO[0m [2mgame::bench[0m[2m:[0m [STATS] t=64.7s tick=3880 fps_1s=60.0 avg_fps=60.0
[2m2026-09-28T10:48:15.967204Z[0m [32m INFO[0m [2mgame::bench[0m[2m:[0m [STATS] t=65.8s tick=3941 fps_1s=60.0 avg_fps=60.0
[2m2026-09-28T10:48:16.983907Z[0m [32m INFO[0m [2mgame::bench[0m[2m:[0m [STATS] t=66.8s tick=4002 fps_1s=60.0 avg_fps=60.0
[2m2026-09-28T10:48:18.000390Z[0m [32m INFO[0m [2mgame::bench[0m[2m:[0m [STATS] t=67.8s tick=4063 fps_1s=60.0 avg_fps=60.0
[2m2026-09-28T10:48:19.000402Z[0m [32m INFO[0m [2mgame::bench[0m[2m:[0m [STATS] t=68.8s tick=4123 fps_1s=60.0 avg_fps=60.0
[2m2026-09-28T10:48:20.017410Z[0m [32m INFO[0m [2mgame::bench[0m[2m:[0m [STATS] t=69.8s tick=4184 fps_1s=60.0 avg_fps=60.0
[2m2026-09-28T10:48:21.033496Z[0m [32m INFO[0m [2mgame::bench[0m[2m:[0m [STATS] t=70.8s tick=4245 fps_1s=60.0 avg_fps=60.0
[2m2026-09-28T10:48:22.050272Z[0m [32m INFO[0m [2mgame::bench[0m[2m:[0m [STATS] t=71.8s tick=4306 fps_1s=60.0 avg_fps=60.0
[2m2026-09-28T10:48:23.067033Z[0m [32m INFO[0m [2mgame::bench[0m[2m:[0m [STATS] t=72.9s tick=4367 fps_1s=60.0 avg_fps=60.0
[2m2026-09-28T10:48:24.083514Z[0m [32m INFO[0m [2mgame::bench[0m[2m:[0m [STATS] t=73.9s tick=4428 fps_1s=60.0 avg_fps=60.0
[2m2026-09-28T10:48:25.100167Z[0m [32m INFO[0m [2mgame::bench[0m[2m:[0m [STATS] t=74.9s tick=4489 fps_1s=60.0 avg_fps=60.0
[2m2026-09-28T10:48:26.116788Z[0m [32m INFO[0m [2mgame::bench[0m[2m:[0m [STATS] t=75.9s tick=4550 fps_1s=60.0 avg_fps=60.0
[2m2026-09-28T10:48:27.133458Z[0m [32m INFO[0m [2mgame::bench[0m[2m:[0m [STATS] t=76.9s tick=4611 fps_1s=60.0 avg_fps=60.0
[2m2026-09-28T10:48:28.150243Z[0m [32m INFO[0m [2mgame::bench[0m[2m:[0m [STATS] t=77.9s tick=4672 fps_1s=60.0 avg_fps=60.0
[2m2026-09-28T10:48:29.166823Z[0m [32m INFO[0m [2mgame::bench[0m[2m:[0m [STATS] t=79.0s tick=4733 fps_1s=60.0 avg_fps=60.0
[2m2026-09-28T10:48:30.183273Z[0m [32m INFO[0m [2mgame::bench[0m[2m:[0m [STATS] t=80.0s tick=4794 fps_1s=60.0 avg_fps=60.0
[2m2026-09-28T10:48:31.184044Z[0m [32m INFO[0m [2mgame::bench[0m[2m:[0m [STATS] t=81.0s tick=4854 fps_1s=60.0 avg_fps=60.0
[2m2026-09-28T10:48:32.199739Z[0m [32m INFO[0m [2mgame::bench[0m[2m:[0m [STATS] t=82.0s tick=4915 fps_1s=60.0 avg_fps=60.0
[2m2026-09-28T10:48:33.216307Z[0m [32m INFO[0m [2mgame::bench[0m[2m:[0m [STATS] t=83.0s tick=4976 fps_1s=60.0 avg_fps=60.0
[2m2026-09-28T10:48:34.232833Z[0m [32m INFO[0m [2mgame::bench[0m[2m:[0m [STATS] t=84.0s tick=5037 fps_1s=60.0 avg_fps=60.0
[2m2026-09-28T10:48:35.249324Z[0m [32m INFO[0m [2mgame::bench[0m[2m:[0m [STATS] t=85.0s tick=5098 fps_1s=60.0 avg_fps=60.0
[2m2026-09-28T10:48:36.265947Z[0m [32m INFO[0m [2mgame::bench[0m[2m:[0m [STATS] t=86.1s tick=5159 fps_1s=60.0 avg_fps=60.0
[2m2026-09-28T10:48:37.282616Z[0m [32m INFO[0m [2mgame::bench[0m[2m:[0m [STATS] t=87.1s tick=5220 fps_1s=60.0 avg_fps=60.0
[2m2026-09-28T10:48:38.299143Z[0m [32m INFO[0m [2mgame::bench[0m[2m:[0m [STATS] t=88.1s tick=5281 fps_1s=60.0 avg_fps=60.0
[2m2026-09-28T10:48:39.316099Z[0m [32m INFO[0m [2mgame::bench[0m[2m:[0m [STATS] t=89.1s tick=5342 fps_1s=60.0 avg_fps=60.0
[2m2026-09-28T10:48:40.332521Z[0m [32m INFO[0m [2mgame::bench[0m[2m:[0m [STATS] t=90.1s tick=5403 fps_1s=60.0 avg_fps=60.0
[2m2026-09-28T10:48:41.349117Z[0m [32m INFO[0m [2mgame::bench[0m[2m:[0m [STATS] t=91.1s tick=5464 fps_1s=60.0 avg_fps=60.0
[2m2026-09-28T10:48:42.366016Z[0m [32m INFO[0m [2mgame::bench[0m[2m:[0m [STATS] t=92.2s tick=5525 fps_1s=60.0 avg_fps=60.0
[2m2026-09-28T10:48:43.382562Z[0m [32m INFO[0m [2mgame::bench[0m[2m:[0m [STATS] t=93.2s tick=5586 fps_1s=60.0 avg_fps=60.0
[2m2026-09-28T10:48:44.399552Z[0m [32m INFO[0m [2mgame::bench[0m[2m:[0m [STATS] t=94.2s tick=5647 fps_1s=60.0 avg_fps=60.0
[2m2026-09-28T10:48:45.416094Z[0m [32m INFO[0m [2mgame::bench[0m[2m:[0m [STATS] t=95.2s tick=5708 fps_1s=60.0 avg_fps=60.0
[2m2026-09-28T10:48:46.432292Z[0m [32m INFO[0m [2mgame::bench[0m[2m:[0m [STATS] t=96.2s tick=5769 fps_1s=60.0 avg_fps=60.0
[2m2026-09-28T10:48:47.448675Z[0m [32m INFO[0m [2mgame::bench[0m[2m:[0m [STATS] t=97.2s tick=5830 fps_1s=60.0 avg_fps=60.0
[2m2026-09-28T10:48:48.448574Z[0m [32m INFO[0m [2mgame::bench[0m[2m:[0m [STATS] t=98.2s tick=5890 fps_1s=60.0 avg_fps=60.0
[2m2026-09-28T10:48:49.465145Z[0m [32m INFO[0m [2mgame::bench[0m[2m:[0m [STATS] t=99.3s tick=5951 fps_1s=60.0 avg_fps=60.0
[2m2026-09-28T10:48:50.482324Z[0m [32m INFO[0m [2mgame::bench[0m[2m:[0m [STATS] t=100.3s tick=6012 fps_1s=60.0 avg_fps=60.0
[2m2026-09-28T10:48:51.498358Z[0m [32m INFO[0m [2mgame::bench[0m[2m:[0m [STATS] t=101.3s tick=6073 fps_1s=60.0 avg_fps=60.0
[2m2026-09-28T10:48:52.515098Z[0m [32m INFO[0m [2mgame::bench[0m[2m:[0m [STATS] t=102.3s tick=6134 fps_1s=60.0 avg_fps=60.0
[2m2026-09-28T10:48:53.531781Z[0m [32m INFO[0m [2mgame::bench[0m[2m:[0m [STATS] t=103.3s tick=6195 fps_1s=60.0 avg_fps=60.0
[2m2026-09-28T10:48:54.532278Z[0m [32m INFO[0m [2mgame::bench[0m[2m:[0m [STATS] t=104.3s tick=6255 fps_1s=60.0 avg_fps=60.0
[2m2026-09-28T10:48:55.548521Z[0m [32m INFO[0m [2mgame::bench[0m[2m:[0m [STATS] t=105.3s tick=6316 fps_1s=60.0 avg_fps=60.0
[2m2026-09-28T10:48:56.564985Z[0m [32m INFO[0m [2mgame::bench[0m[2m:[0m [STATS] t=106.4s tick=6377 fps_1s=60.0 avg_fps=60.0
[2m2026-09-28T10:48:57.566054Z[0m [32m INFO[0m [2mgame::bench[0m[2m:[0m [STATS] t=107.4s tick=6437 fps_1s=59.9 avg_fps=60.0
[2m2026-09-28T10:48:58.581878Z[0m [32m INFO[0m [2mgame::bench[0m[2m:[0m [STATS] t=108.4s tick=6498 fps_1s=60.1 avg_fps=60.0
[2m2026-09-28T10:48:59.598270Z[0m [32m INFO[0m [2mgame::bench[0m[2m:[0m [STATS] t=109.4s tick=6559 fps_1s=60.0 avg_fps=60.0
[2m2026-09-28T10:49:00.614689Z[0m [32m INFO[0m [2mgame::bench[0m[2m:[0m [STATS] t=110.4s tick=6620 fps_1s=60.0 avg_fps=60.0
[2m2026-09-28T10:49:01.615514Z[0m [32m INFO[0m [2mgame::bench[0m[2m:[0m [STATS] t=111.4s tick=6680 fps_1s=60.0 avg_fps=60.0
[2m2026-09-28T10:49:02.631543Z[0m [32m INFO[0m [2mgame::bench[0m[2m:[0m [STATS] t=112.4s tick=6741 fps_1s=60.0 avg_fps=60.0
[2m2026-09-28T10:49:03.647954Z[0m [32m INFO[0m [2mgame::bench[0m[2m:[0m [STATS] t=113.4s tick=6802 fps_1s=60.0 avg_fps=60.0
[2m2026-09-28T10:49:04.665315Z[0m [32m INFO[0m [2mgame::bench[0m[2m:[0m [STATS] t=114.5s tick=6863 fps_1s=60.0 avg_fps=60.0
[2m2026-09-28T10:49:05.681110Z[0m [32m INFO[0m [2mgame::bench[0m[2m:[0m [STATS] t=115.5s tick=6924 fps_1s=60.0 avg_fps=60.0
[2m2026-09-28T10:49:06.681913Z[0m [32m INFO[0m [2mgame::bench[0m[2m:[0m [STATS] t=116.5s tick=6984 fps_1s=60.0 avg_fps=60.0
[2m2026-09-28T10:49:07.697658Z[0m [32m INFO[0m [2mgame::bench[0m[2m:[0m [STATS] t=117.5s tick=7045 fps_1s=60.0 avg_fps=60.0
[2m2026-09-28T10:49:08.713955Z[0m [32m INFO[0m [2mgame::bench[0m[2m:[0m [STATS] t=118.5s tick=7106 fps_1s=60.0 avg_fps=60.0
[2m2026-09-28T10:49:09.730625Z[0m [32m INFO[0m [2mgame::bench[0m[2m:[0m [STATS] t=119.5s tick=7167 fps_1s=60.0 avg_fps=60.0
[2m2026-09-28T10:49:10.747656Z[0m [32m INFO[0m [2mgame::bench[0m[2m:[0m [STATS] t=120.5s tick=7228 fps_1s=60.0 avg_fps=60.0
[2m2026-09-28T10:49:11.763753Z[0m [32m INFO[0m [2mgame::bench[0m[2m:[0m [STATS] t=121.6s tick=7289 fps_1s=60.0 avg_fps=60.0
[2m2026-09-28T10:49:12.780349Z[0m [32m INFO[0m [2mgame::bench[0m[2m:[0m [STATS] t=122.6s tick=7350 fps_1s=60.0 avg_fps=60.0
[2m2026-09-28T10:49:13.781385Z[0m [32m INFO[0m [2mgame::bench[0m[2m:[0m [STATS] t=123.6s tick=7410 fps_1s=60.0 avg_fps=60.0
[2m2026-09-28T10:49:14.797090Z[0m [32m INFO[0m [2mgame::bench[0m[2m:[0m [STATS] t=124.6s tick=7471 fps_1s=60.0 avg_fps=60.0
[2m2026-09-28T10:49:15.813592Z[0m [32m INFO[0m [2mgame::bench[0m[2m:[0m [STATS] t=125.6s tick=7532 fps_1s=60.0 avg_fps=60.0
[2m2026-09-28T10:49:16.830227Z[0m [32m INFO[0m [2mgame::bench[0m[2m:[0m [STATS] t=126.6s tick=7593 fps_1s=60.0 avg_fps=60.0
[2m2026-09-28T10:49:17.846689Z[0m [32m INFO[0m [2mgame::bench[0m[2m:[0m [STATS] t=127.6s tick=7654 fps_1s=60.0 avg_fps=60.0
[2m2026-09-28T10:49:18.863268Z[0m [32m INFO[0m [2mgame::bench[0m[2m:[0m [STATS] t=128.7s tick=7715 fps_1s=60.0 avg_fps=60.0
[2m2026-09-28T10:49:19.863573Z[0m [32m INFO[0m [2mgame::bench[0m[2m:[0m [STATS] t=129.7s tick=7775 fps_1s=60.0 avg_fps=60.0
[2m2026-09-28T10:49:20.880352Z[0m [32m INFO[0m [2mgame::bench[0m[2m:[0m [STATS] t=130.7s tick=7836 fps_1s=60.0 avg_fps=60.0
[2m2026-09-28T10:49:21.896826Z[0m [32m INFO[0m [2mgame::bench[0m[2m:[0m [STATS] t=131.7s tick=7897 fps_1s=60.0 avg_fps=60.0
[2m2026-09-28T10:49:22.913362Z[0m [32m INFO[0m [2mgame::bench[0m[2m:[0m [STATS] t=132.7s tick=7958 fps_1s=60.0 avg_fps=60.0
[2m2026-09-28T10:49:23.930188Z[0m [32m INFO[0m [2mgame::bench[0m[2m:[0m [STATS] t=133.7s tick=8019 fps_1s=60.0 avg_fps=60.0
[2m2026-09-28T10:49:24.946314Z[0m [32m INFO[0m [2mgame::bench[0m[2m:[0m [STATS] t=134.7s tick=8080 fps_1s=60.0 avg_fps=60.0
[2m2026-09-28T10:49:25.946720Z[0m [32m INFO[0m [2mgame::bench[0m[2m:[0m [STATS] t=135.7s tick=8140 fps_1s=60.0 avg_fps=60.0
[2m2026-09-28T10:49:26.962782Z[0m [32m INFO[0m [2mgame::bench[0m[2m:[0m [STATS] t=136.8s tick=8201 fps_1s=60.0 avg_fps=60.0
[2m2026-09-28T10:49:27.979626Z[0m [32m INFO[0m [2mgame::bench[0m[2m:[0m [STATS] t=137.8s tick=8262 fps_1s=60.0 avg_fps=60.0
[2m2026-09-28T10:49:28.996111Z[0m [32m INFO[0m [2mgame::bench[0m[2m:[0m [STATS] t=138.8s tick=8323 fps_1s=60.0 avg_fps=60.0
[2m2026-09-28T10:49:30.012640Z[0m [32m INFO[0m [2mgame::bench[0m[2m:[0m [STATS] t=139.8s tick=8384 fps_1s=60.0 avg_fps=60.0
[2m2026-09-28T10:49:31.029416Z[0m [32m INFO[0m [2mgame::bench[0m[2m:[0m [STATS] t=140.8s tick=8445 fps_1s=60.0 avg_fps=60.0
[2m2026-09-28T10:49:32.029276Z[0m [32m INFO[0m [2mgame::bench[0m[2m:[0m [STATS] t=141.8s tick=8505 fps_1s=60.0 avg_fps=60.0
[2m2026-09-28T10:49:33.045741Z[0m [32m INFO[0m [2mgame::bench[0m[2m:[0m [STATS] t=142.8s tick=8566 fps_1s=60.0 avg_fps=60.0
[2m2026-09-28T10:49:34.062416Z[0m [32m INFO[0m [2mgame::bench[0m[2m:[0m [STATS] t=143.9s tick=8627 fps_1s=60.0 avg_fps=60.0
[2m2026-09-28T10:49:35.079054Z[0m [32m INFO[0m [2mgame::bench[0m[2m:[0m [STATS] t=144.9s tick=8688 fps_1s=60.0 avg_fps=60.0
[2m2026-09-28T10:49:36.095595Z[0m [32m INFO[0m [2mgame::bench[0m[2m:[0m [STATS] t=145.9s tick=8749 fps_1s=60.0 avg_fps=60.0
[2m2026-09-28T10:49:37.112265Z[0m [32m INFO[0m [2mgame::bench[0m[2m:[0m [STATS] t=146.9s tick=8810 fps_1s=60.0 avg_fps=60.0
[2m2026-09-28T10:49:38.128845Z[0m [32m INFO[0m [2mgame::bench[0m[2m:[0m [STATS] t=147.9s tick=8871 fps_1s=60.0 avg_fps=60.0
[2m2026-09-28T10:49:39.145401Z[0m [32m INFO[0m [2mgame::bench[0m[2m:[0m [STATS] t=148.9s tick=8932 fps_1s=60.0 avg_fps=60.0
[2m2026-09-28T10:49:40.162756Z[0m [32m INFO[0m [2mgame::bench[0m[2m:[0m [STATS] t=150.0s tick=8993 fps_1s=60.0 avg_fps=60.0
[2m2026-09-28T10:49:41.178682Z[0m [32m INFO[0m [2mgame::bench[0m[2m:[0m [STATS] t=151.0s tick=9054 fps_1s=60.0 avg_fps=60.0
[2m2026-09-28T10:49:42.195273Z[0m [32m INFO[0m [2mgame::bench[0m[2m:[0m [STATS] t=152.0s tick=9115 fps_1s=60.0 avg_fps=60.0
[2m2026-09-28T10:49:43.211869Z[0m [32m INFO[0m [2mgame::bench[0m[2m:[0m [STATS] t=153.0s tick=9176 fps_1s=60.0 avg_fps=60.0
[2m2026-09-28T10:49:44.228458Z[0m [32m INFO[0m [2mgame::bench[0m[2m:[0m [STATS] t=154.0s tick=9237 fps_1s=60.0 avg_fps=60.0
[2m2026-09-28T10:49:45.245123Z[0m [32m INFO[0m [2mgame::bench[0m[2m:[0m [STATS] t=155.0s tick=9298 fps_1s=60.0 avg_fps=60.0
[2m2026-09-28T10:49:46.261743Z[0m [32m INFO[0m [2mgame::bench[0m[2m:[0m [STATS] t=156.1s tick=9359 fps_1s=60.0 avg_fps=60.0
[2m2026-09-28T10:49:47.278549Z[0m [32m INFO[0m [2mgame::bench[0m[2m:[0m [STATS] t=157.1s tick=9420 fps_1s=60.0 avg_fps=60.0
[2m2026-09-28T10:49:48.294912Z[0m [32m INFO[0m [2mgame::bench[0m[2m:[0m [STATS] t=158.1s tick=9481 fps_1s=60.0 avg_fps=60.0
[2m2026-09-28T10:49:49.311484Z[0m [32m INFO[0m [2mgame::bench[0m[2m:[0m [STATS] t=159.1s tick=9542 fps_1s=60.0 avg_fps=60.0
[2m2026-09-28T10:49:50.328113Z[0m [32m INFO[0m [2mgame::bench[0m[2m:[0m [STATS] t=160.1s tick=9603 fps_1s=60.0 avg_fps=60.0
[2m2026-09-28T10:49:51.344794Z[0m [32m INFO[0m [2mgame::bench[0m[2m:[0m [STATS] t=161.1s tick=9664 fps_1s=60.0 avg_fps=60.0
[2m2026-09-28T10:49:52.361250Z[0m [32m INFO[0m [2mgame::bench[0m[2m:[0m [STATS] t=162.2s tick=9725 fps_1s=60.0 avg_fps=60.0
[2m2026-09-28T10:49:53.377850Z[0m [32m INFO[0m [2mgame::bench[0m[2m:[0m [STATS] t=163.2s tick=9786 fps_1s=60.0 avg_fps=60.0
[2m2026-09-28T10:49:54.394561Z[0m [32m INFO[0m [2mgame::bench[0m[2m:[0m [STATS] t=164.2s tick=9847 fps_1s=60.0 avg_fps=60.0
[2m2026-09-28T10:49:55.411036Z[0m [32m INFO[0m [2mgame::bench[0m[2m:[0m [STATS] t=165.2s tick=9908 fps_1s=60.0 avg_fps=60.0
[2m2026-09-28T10:49:56.427719Z[0m [32m INFO[0m [2mgame::bench[0m[2m:[0m [STATS] t=166.2s tick=9969 fps_1s=60.0 avg_fps=60.0
[2m2026-09-28T10:49:57.444620Z[0m [32m INFO[0m [2mgame::bench[0m[2m:[0m [STATS] t=167.2s tick=10030 fps_1s=60.0 avg_fps=60.0
[2m2026-09-28T10:49:58.461658Z[0m [32m INFO[0m [2mgame::bench[0m[2m:[0m [STATS] t=168.3s tick=10091 fps_1s=60.0 avg_fps=60.0
[2m2026-09-28T10:49:59.478010Z[0m [32m INFO[0m [2mgame::bench[0m[2m:[0m [STATS] t=169.3s tick=10152 fps_1s=60.0 avg_fps=60.0
[2m2026-09-28T10:50:00.494519Z[0m [32m INFO[0m [2mgame::bench[0m[2m:[0m [STATS] t=170.3s tick=10213 fps_1s=60.0 avg_fps=60.0
[2m2026-09-28T10:50:01.510996Z[0m [32m INFO[0m [2mgame::bench[0m[2m:[0m [STATS] t=171.3s tick=10274 fps_1s=60.0 avg_fps=60.0
[2m2026-09-28T10:50:02.527590Z[0m [32m INFO[0m [2mgame::bench[0m[2m:[0m [STATS] t=172.3s tick=10335 fps_1s=60.0 avg_fps=60.0
[2m2026-09-28T10:50:03.544064Z[0m [32m INFO[0m [2mgame::bench[0m[2m:[0m [STATS] t=173.3s tick=10396 fps_1s=60.0 avg_fps=60.0
[2m2026-09-28T10:50:04.560714Z[0m [32m INFO[0m [2mgame::bench[0m[2m:[0m [STATS] t=174.4s tick=10457 fps_1s=60.0 avg_fps=60.0
[2m2026-09-28T10:50:05.577263Z[0m [32m INFO[0m [2mgame::bench[0m[2m:[0m [STATS] t=175.4s tick=10518 fps_1s=60.0 avg_fps=60.0
[2m2026-09-28T10:50:06.593836Z[0m [32m INFO[0m [2mgame::bench[0m[2m:[0m [STATS] t=176.4s tick=10579 fps_1s=60.0 avg_fps=60.0
[2m2026-09-28T10:50:07.610568Z[0m [32m INFO[0m [2mgame::bench[0m[2m:[0m [STATS] t=177.4s tick=10640 fps_1s=60.0 avg_fps=60.0
[2m2026-09-28T10:50:08.627218Z[0m [32m INFO[0m [2mgame::bench[0m[2m:[0m [STATS] t=178.4s tick=10701 fps_1s=60.0 avg_fps=60.0
[2m2026-09-28T10:50:09.627671Z[0m [32m INFO[0m [2mgame::bench[0m[2m:[0m [STATS] t=179.4s tick=10761 fps_1s=60.0 avg_fps=60.0
[2m2026-09-28T10:50:10.643769Z[0m [32m INFO[0m [2mgame::bench[0m[2m:[0m [STATS] t=180.4s tick=10822 fps_1s=60.0 avg_fps=60.0
[2m2026-09-28T10:50:11.660400Z[0m [32m INFO[0m [2mgame::bench[0m[2m:[0m [STATS] t=181.5s tick=10883 fps_1s=60.0 avg_fps=60.0
[2m2026-09-28T10:50:12.676989Z[0m [32m INFO[0m [2mgame::bench[0m[2m:[0m [STATS] t=182.5s tick=10944 fps_1s=60.0 avg_fps=60.0
[2m2026-09-28T10:50:13.677699Z[0m [32m INFO[0m [2mgame::bench[0m[2m:[0m [STATS] t=183.5s tick=11004 fps_1s=60.0 avg_fps=60.0
[2m2026-09-28T10:50:14.693922Z[0m [32m INFO[0m [2mgame::bench[0m[2m:[0m [STATS] t=184.5s tick=11065 fps_1s=60.0 avg_fps=60.0
[2m2026-09-28T10:50:15.694606Z[0m [32m INFO[0m [2mgame::bench[0m[2m:[0m [STATS] t=185.5s tick=11125 fps_1s=60.0 avg_fps=60.0
[2m2026-09-28T10:50:16.710570Z[0m [32m INFO[0m [2mgame::bench[0m[2m:[0m [STATS] t=186.5s tick=11186 fps_1s=60.0 avg_fps=60.0
[2m2026-09-28T10:50:17.712084Z[0m [32m INFO[0m [2mgame::bench[0m[2m:[0m [STATS] t=187.5s tick=11246 fps_1s=60.0 avg_fps=60.0
[2m2026-09-28T10:50:18.727067Z[0m [32m INFO[0m [2mgame::bench[0m[2m:[0m [STATS] t=188.5s tick=11307 fps_1s=60.0 avg_fps=60.0
[2m2026-09-28T10:50:19.743434Z[0m [32m INFO[0m [2mgame::bench[0m[2m:[0m [STATS] t=189.5s tick=11368 fps_1s=60.0 avg_fps=60.0
[2m2026-09-28T10:50:20.760224Z[0m [32m INFO[0m [2mgame::bench[0m[2m:[0m [STATS] t=190.6s tick=11429 fps_1s=60.0 avg_fps=60.0
[2m2026-09-28T10:50:21.776930Z[0m [32m INFO[0m [2mgame::bench[0m[2m:[0m [STATS] t=191.6s tick=11490 fps_1s=60.0 avg_fps=60.0
[2m2026-09-28T10:50:22.793105Z[0m [32m INFO[0m [2mgame::bench[0m[2m:[0m [STATS] t=192.6s tick=11551 fps_1s=60.0 avg_fps=60.0
[2m2026-09-28T10:50:23.809560Z[0m [32m INFO[0m [2mgame::bench[0m[2m:[0m [STATS] t=193.6s tick=11612 fps_1s=60.0 avg_fps=60.0
[2m2026-09-28T10:50:24.826201Z[0m [32m INFO[0m [2mgame::bench[0m[2m:[0m [STATS] t=194.6s tick=11673 fps_1s=60.0 avg_fps=60.0
[2m2026-09-28T10:50:25.842911Z[0m [32m INFO[0m [2mgame::bench[0m[2m:[0m [STATS] t=195.6s tick=11734 fps_1s=60.0 avg_fps=60.0
[2m2026-09-28T10:50:26.842610Z[0m [32m INFO[0m [2mgame::bench[0m[2m:[0m [STATS] t=196.6s tick=11794 fps_1s=60.0 avg_fps=60.0
[2m2026-09-28T10:50:27.859431Z[0m [32m INFO[0m [2mgame::bench[0m[2m:[0m [STATS] t=197.7s tick=11855 fps_1s=60.0 avg_fps=60.0
[2m2026-09-28T10:50:28.859841Z[0m [32m INFO[0m [2mgame::bench[0m[2m:[0m [STATS] t=198.7s tick=11915 fps_1s=60.0 avg_fps=60.0
[2m2026-09-28T10:50:29.875809Z[0m [32m INFO[0m [2mgame::bench[0m[2m:[0m [STATS] t=199.7s tick=11976 fps_1s=60.0 avg_fps=60.0
[2m2026-09-28T10:50:30.892378Z[0m [32m INFO[0m [2mgame::bench[0m[2m:[0m [STATS] t=200.7s tick=12037 fps_1s=60.0 avg_fps=60.0
[2m2026-09-28T10:50:31.909230Z[0m [32m INFO[0m [2mgame::bench[0m[2m:[0m [STATS] t=201.7s tick=12098 fps_1s=60.0 avg_fps=60.0
[2m2026-09-28T10:50:32.909604Z[0m [32m INFO[0m [2mgame::bench[0m[2m:[0m [STATS] t=202.7s tick=12158 fps_1s=60.0 avg_fps=60.0
[2m2026-09-28T10:50:33.925774Z[0m [32m INFO[0m [2mgame::bench[0m[2m:[0m [STATS] t=203.7s tick=12219 fps_1s=60.0 avg_fps=60.0
[2m2026-09-28T10:50:34.942343Z[0m [32m INFO[0m [2mgame::bench[0m[2m:[0m [STATS] t=204.7s tick=12280 fps_1s=60.0 avg_fps=60.0
[2m2026-09-28T10:50:35.959262Z[0m [32m INFO[0m [2mgame::bench[0m[2m:[0m [STATS] t=205.8s tick=12341 fps_1s=60.0 avg_fps=60.0
[2m2026-09-28T10:50:36.975452Z[0m [32m INFO[0m [2mgame::bench[0m[2m:[0m [STATS] t=206.8s tick=12402 fps_1s=60.0 avg_fps=60.0
[2m2026-09-28T10:50:37.992259Z[0m [32m INFO[0m [2mgame::bench[0m[2m:[0m [STATS] t=207.8s tick=12463 fps_1s=60.0 avg_fps=60.0
[2m2026-09-28T10:50:39.008648Z[0m [32m INFO[0m [2mgame::bench[0m[2m:[0m [STATS] t=208.8s tick=12524 fps_1s=60.0 avg_fps=60.0
[2m2026-09-28T10:50:40.025538Z[0m [32m INFO[0m [2mgame::bench[0m[2m:[0m [STATS] t=209.8s tick=12585 fps_1s=60.0 avg_fps=60.0
[2m2026-09-28T10:50:41.041743Z[0m [32m INFO[0m [2mgame::bench[0m[2m:[0m [STATS] t=210.8s tick=12646 fps_1s=60.0 avg_fps=60.0
[2m2026-09-28T10:50:42.041847Z[0m [32m INFO[0m [2mgame::bench[0m[2m:[0m [STATS] t=211.8s tick=12706 fps_1s=60.0 avg_fps=60.0
[2m2026-09-28T10:50:43.058660Z[0m [32m INFO[0m [2mgame::bench[0m[2m:[0m [STATS] t=212.9s tick=12767 fps_1s=60.0 avg_fps=60.0
[2m2026-09-28T10:50:44.075030Z[0m [32m INFO[0m [2mgame::bench[0m[2m:[0m [STATS] t=213.9s tick=12828 fps_1s=60.0 avg_fps=60.0
[2m2026-09-28T10:50:45.091582Z[0m [32m INFO[0m [2mgame::bench[0m[2m:[0m [STATS] t=214.9s tick=12889 fps_1s=60.0 avg_fps=60.0
[2m2026-09-28T10:50:46.108158Z[0m [32m INFO[0m [2mgame::bench[0m[2m:[0m [STATS] t=215.9s tick=12950 fps_1s=60.0 avg_fps=60.0
[2m2026-09-28T10:50:47.125178Z[0m [32m INFO[0m [2mgame::bench[0m[2m:[0m [STATS] t=216.9s tick=13011 fps_1s=60.0 avg_fps=60.0
[2m2026-09-28T10:50:48.141502Z[0m [32m INFO[0m [2mgame::bench[0m[2m:[0m [STATS] t=217.9s tick=13072 fps_1s=60.0 avg_fps=60.0
[2m2026-09-28T10:50:49.158485Z[0m [32m INFO[0m [2mgame::bench[0m[2m:[0m [STATS] t=219.0s tick=13133 fps_1s=60.0 avg_fps=60.0
[2m2026-09-28T10:50:50.174685Z[0m [32m INFO[0m [2mgame::bench[0m[2m:[0m [STATS] t=220.0s tick=13194 fps_1s=60.0 avg_fps=60.0
[2m2026-09-28T10:50:51.191236Z[0m [32m INFO[0m [2mgame::bench[0m[2m:[0m [STATS] t=221.0s tick=13255 fps_1s=60.0 avg_fps=60.0
