cargo.exe :     Checking game v0.1.0 (C:\Users\Administrator\Desktop\ccc\bevy-ai-workflow\game)
所在位置 行:1 字符: 156
+ ... ).PriorityClass="BelowNormal"; & cargo check --workspace 2>&1 | ForEa ...
+                                    ~~~~~~~~~~~~~~~~~~~~~~~~~~~~~~
    + CategoryInfo          : NotSpecified: (    Checking ga...-workflow\game):String) [], RemoteException
    + FullyQualifiedErrorId : NativeCommandError
 
warning: constant `PHASE_ENEMY` is never used
  --> game\src\battle.rs:40:11
   |
40 | pub const PHASE_ENEMY: u8 = 1;
   |           ^^^^^^^^^^^
   |
   = note: `#[warn(dead_code)]` (part of `#[warn(unused)]`) on by default
warning: constant `AI_GREEDY` is never used
  --> game\src\battle.rs:52:11
   |
52 | pub const AI_GREEDY: u8 = 1;
   |           ^^^^^^^^^
warning: variant `Reach` is never constructed
  --> game\src\level.rs:77:5
   |
75 | pub enum GoalDef {
   |          ------- variant in this enum
76 |     Annihilate,
77 |     Reach { x: i32, y: i32 },
   |     ^^^^^
   |
   = note: `GoalDef` has derived impls for the traits `Debug` and `Clone`, but these are intentionally ignored during d
ead code analysis
warning: `game` (bin "game") generated 3 warnings
    Finished `dev` profile [unoptimized + debuginfo] target(s) in 3.12s
