[CONFIG] game demo | count=100 seed=20260926 max_speed=3 bench_secs=0 vsync=on(AutoVsync) | bevy 0.19 (workspace locked)
[2m2026-09-26T14:45:38.164275Z[0m [32m INFO[0m [2mbevy_diagnostic::system_information_diagnostics_plugin::internal[0m[2m:[0m SystemInfo { os: "Windows 10 IoT Enterprise LTSC 2021", kernel: "19044", cpu: "12th Gen Intel(R) Core(TM) i5-12490F", core_count: "6", memory: "31.8 GiB" }
[2m2026-09-26T14:45:38.403124Z[0m [32m INFO[0m [2mbevy_render::renderer[0m[2m:[0m AdapterInfo { name: "NVIDIA GeForce RTX 3050", vendor: 4318, device: 9602, device_type: DiscreteGpu, device_pci_bus_id: "0000:01:00.0", driver: "NVIDIA", driver_info: "537.58", backend: Vulkan, subgroup_min_size: 32, subgroup_max_size: 32, transient_saves_memory: false }
[2m2026-09-26T14:45:38.838938Z[0m [32m INFO[0m [2mgame::brp[0m[2m:[0m [BRP] listening on 127.0.0.1:15702 (explicit loopback bind)
[2m2026-09-26T14:45:38.850573Z[0m [32m INFO[0m [2mbevy_pbr::cluster[0m[2m:[0m GPU clustering is supported on this device.
[2m2026-09-26T14:45:38.850625Z[0m [32m INFO[0m [2mbevy_render::batching::gpu_preprocessing[0m[2m:[0m GPU preprocessing is fully supported on this device.
[2m2026-09-26T14:45:38.851169Z[0m [32m INFO[0m [2mbevy_winit::system[0m[2m:[0m Creating new window bevy-ai-workflow demo (65v0)
[2m2026-09-26T14:45:38.909451Z[0m [32m INFO[0m [2mgame::sim[0m[2m:[0m [SIM] metadata ready | version=0.1.0 | entity_count=100 | seed=20260926
[2m2026-09-26T14:45:38.909522Z[0m [32m INFO[0m [2mgame::sim[0m[2m:[0m [SIM] spawned 100 wanderers | seed=20260926 | area=120 | max_speed=3
[2m2026-09-26T14:45:38.909760Z[0m [32m INFO[0m [2mgame::sim[0m[2m:[0m [SIM] tagged 10 wanderers (index < 10)
[2m2026-09-26T14:45:39.913728Z[0m [32m INFO[0m [2mgame::bench[0m[2m:[0m [STATS] t=1.0s tick=59 fps_1s=58.9 avg_fps=0.0
[2m2026-09-26T14:45:40.930137Z[0m [32m INFO[0m [2mgame::bench[0m[2m:[0m [STATS] t=2.0s tick=120 fps_1s=60.0 avg_fps=60.0
[2m2026-09-26T14:45:41.947131Z[0m [32m INFO[0m [2mgame::bench[0m[2m:[0m [STATS] t=3.0s tick=181 fps_1s=60.0 avg_fps=60.0
[2m2026-09-26T14:45:42.963815Z[0m [32m INFO[0m [2mgame::bench[0m[2m:[0m [STATS] t=4.1s tick=242 fps_1s=60.0 avg_fps=60.0
[2m2026-09-26T14:45:43.980050Z[0m [32m INFO[0m [2mgame::bench[0m[2m:[0m [STATS] t=5.1s tick=303 fps_1s=60.0 avg_fps=60.0
[2m2026-09-26T14:45:44.996587Z[0m [32m INFO[0m [2mgame::bench[0m[2m:[0m [STATS] t=6.1s tick=364 fps_1s=60.0 avg_fps=60.0
[2m2026-09-26T14:45:46.013048Z[0m [32m INFO[0m [2mgame::bench[0m[2m:[0m [STATS] t=7.1s tick=425 fps_1s=60.0 avg_fps=60.0
[2m2026-09-26T14:45:47.029872Z[0m [32m INFO[0m [2mgame::bench[0m[2m:[0m [STATS] t=8.1s tick=486 fps_1s=60.0 avg_fps=60.0
[2m2026-09-26T14:45:47.647740Z[0m [32m INFO[0m [2mgame::sim[0m[2m:[0m [SIM] PauseRequested observed -> paused=true
[2m2026-09-26T14:45:48.046173Z[0m [32m INFO[0m [2mgame::bench[0m[2m:[0m [STATS] t=9.1s tick=523 fps_1s=60.0 avg_fps=60.0
[2m2026-09-26T14:45:48.797281Z[0m [32m INFO[0m [2mgame::sim[0m[2m:[0m [SIM] PauseRequested observed -> paused=false
[2m2026-09-26T14:45:49.062953Z[0m [32m INFO[0m [2mgame::bench[0m[2m:[0m [STATS] t=10.2s tick=539 fps_1s=60.0 avg_fps=60.0
[2m2026-09-26T14:45:50.079597Z[0m [32m INFO[0m [2mgame::bench[0m[2m:[0m [STATS] t=11.2s tick=600 fps_1s=60.0 avg_fps=60.0
[2m2026-09-26T14:45:51.095903Z[0m [32m INFO[0m [2mgame::bench[0m[2m:[0m [STATS] t=12.2s tick=661 fps_1s=60.0 avg_fps=60.0
[2m2026-09-26T14:45:52.112387Z[0m [32m INFO[0m [2mgame::bench[0m[2m:[0m [STATS] t=13.2s tick=722 fps_1s=60.0 avg_fps=60.0
[2m2026-09-26T14:45:53.129121Z[0m [32m INFO[0m [2mgame::bench[0m[2m:[0m [STATS] t=14.2s tick=783 fps_1s=60.0 avg_fps=60.0
[2m2026-09-26T14:45:54.145627Z[0m [32m INFO[0m [2mgame::bench[0m[2m:[0m [STATS] t=15.2s tick=844 fps_1s=60.0 avg_fps=60.0
[2m2026-09-26T14:45:55.146030Z[0m [32m INFO[0m [2mgame::bench[0m[2m:[0m [STATS] t=16.2s tick=904 fps_1s=60.0 avg_fps=60.0
[2m2026-09-26T14:45:56.162491Z[0m [32m INFO[0m [2mgame::bench[0m[2m:[0m [STATS] t=17.3s tick=965 fps_1s=60.0 avg_fps=60.0
[2m2026-09-26T14:45:57.162589Z[0m [32m INFO[0m [2mgame::bench[0m[2m:[0m [STATS] t=18.3s tick=1025 fps_1s=60.0 avg_fps=60.0
[2m2026-09-26T14:45:58.179427Z[0m [32m INFO[0m [2mgame::bench[0m[2m:[0m [STATS] t=19.3s tick=1086 fps_1s=60.0 avg_fps=60.0
[2m2026-09-26T14:45:59.195736Z[0m [32m INFO[0m [2mgame::bench[0m[2m:[0m [STATS] t=20.3s tick=1147 fps_1s=60.0 avg_fps=60.0
