total heartbeat rows parsed: 1422
last gap-30 row after edit : ('2026-09-28T08:07:30.940008Z', 26730, 'AFTER')
first gap-10 row after edit: ('2026-09-28T08:07:31.029918Z', 26740, 'AFTER', ('2026-09-28T08:07:30.940008Z', 26730, 'AFTER'))
--- rows 08:07:29.5 - 08:07:35 ---
2026-09-28T08:07:29.590732Z 26580 AFTER
2026-09-28T08:07:29.860736Z 26610 AFTER
2026-09-28T08:07:30.130761Z 26640 AFTER
2026-09-28T08:07:30.400504Z 26670 AFTER
2026-09-28T08:07:30.670049Z 26700 AFTER
2026-09-28T08:07:30.940008Z 26730 AFTER
2026-09-28T08:07:31.029918Z 26740 AFTER
2026-09-28T08:07:31.116902Z 26750 AFTER
2026-09-28T08:07:31.205713Z 26760 AFTER
2026-09-28T08:07:31.295860Z 26770 AFTER
2026-09-28T08:07:31.385595Z 26780 AFTER
2026-09-28T08:07:31.472334Z 26790 AFTER
2026-09-28T08:07:31.560516Z 26800 AFTER
2026-09-28T08:07:31.648602Z 26810 AFTER
2026-09-28T08:07:31.738708Z 26820 AFTER
2026-09-28T08:07:31.823582Z 26830 AFTER
2026-09-28T08:07:31.911597Z 26840 AFTER
2026-09-28T08:07:31.996748Z 26850 AFTER
2026-09-28T08:07:32.081941Z 26860 AFTER
2026-09-28T08:07:32.166060Z 26870 AFTER
2026-09-28T08:07:32.251839Z 26880 AFTER
2026-09-28T08:07:32.339597Z 26890 AFTER
2026-09-28T08:07:32.428729Z 26900 AFTER
2026-09-28T08:07:32.518845Z 26910 AFTER
2026-09-28T08:07:32.608706Z 26920 AFTER
2026-09-28T08:07:32.697624Z 26930 AFTER
2026-09-28T08:07:32.787622Z 26940 AFTER
2026-09-28T08:07:32.877624Z 26950 AFTER
2026-09-28T08:07:32.966703Z 26960 AFTER
2026-09-28T08:07:33.055611Z 26970 AFTER
2026-09-28T08:07:33.142559Z 26980 AFTER
2026-09-28T08:07:33.229616Z 26990 AFTER
2026-09-28T08:07:33.319834Z 27000 AFTER
2026-09-28T08:07:33.409652Z 27010 AFTER
2026-09-28T08:07:33.499910Z 27020 AFTER
2026-09-28T08:07:33.588619Z 27030 AFTER
2026-09-28T08:07:33.678630Z 27040 AFTER
2026-09-28T08:07:33.768539Z 27050 AFTER
2026-09-28T08:07:33.858716Z 27060 AFTER
2026-09-28T08:07:33.946607Z 27070 AFTER
2026-09-28T08:07:34.036310Z 27080 AFTER
2026-09-28T08:07:34.126271Z 27090 AFTER
2026-09-28T08:07:34.216364Z 27100 AFTER
2026-09-28T08:07:34.305570Z 27110 AFTER
2026-09-28T08:07:34.393258Z 27120 AFTER
2026-09-28T08:07:34.482611Z 27130 AFTER
2026-09-28T08:07:34.572475Z 27140 AFTER
2026-09-28T08:07:34.662607Z 27150 AFTER
2026-09-28T08:07:34.752634Z 27160 AFTER
2026-09-28T08:07:34.842471Z 27170 AFTER
2026-09-28T08:07:34.927127Z 27180 AFTER
frame monotonic strictly increasing over entire log: True
first row: ('2026-09-28T08:03:35.629930Z', 30, 'BEFORE')  last row: ('2026-09-28T08:08:17.864624Z', 32040, 'AFTER')
banner (app started) count: 1
