cargo.exe :     Checking game v0.1.0 (C:\Users\Administrator\Desktop\ccc\bevy-ai-workflow\game)
所在位置 行:1 字符: 156
+ ... ).PriorityClass="BelowNormal"; & cargo check --workspace 2>&1 | ForEa ...
+                                    ~~~~~~~~~~~~~~~~~~~~~~~~~~~~~~
    + CategoryInfo          : NotSpecified: (    Checking ga...-workflow\game):String) [], RemoteException
    + FullyQualifiedErrorId : NativeCommandError
 
error[E0308]: mismatched types
  --> game\src\present.rs:78:16
   |
78 |         if let Some(mut e) = commands.get_entity(entity) {
   |                ^^^^^^^^^^^   --------------------------- this expression has type `std::result::Result<EntityComma
nds<'_>, InvalidEntityError>`
   |                |
   |                expected `Result<EntityCommands<'_>, ...>`, found `Option<_>`
   |
   = note: expected enum `std::result::Result<EntityCommands<'_>, InvalidEntityError>`
              found enum `std::option::Option<_>`
error[E0308]: mismatched types
   --> game\src\present.rs:149:16
    |
149 |         if let Some(mut e) = commands.get_entity(entity) {
    |                ^^^^^^^^^^^   --------------------------- this expression has type `std::result::Result<EntityComm
ands<'_>, InvalidEntityError>`
    |                |
    |                expected `Result<EntityCommands<'_>, ...>`, found `Option<_>`
    |
    = note: expected enum `std::result::Result<EntityCommands<'_>, InvalidEntityError>`
               found enum `std::option::Option<_>`
For more information about this error, try `rustc --explain E0308`.
error: could not compile `game` (bin "game") due to 2 previous errors
