[CONFIG] game demo | count=100 seed=20260926 max_speed=3 bench_secs=0 vsync=on(AutoVsync) | bevy 0.19 (workspace locked)
[2m2026-09-26T13:41:53.544008Z[0m [32m INFO[0m [2mbevy_diagnostic::system_information_diagnostics_plugin::internal[0m[2m:[0m SystemInfo { os: "Windows 10 IoT Enterprise LTSC 2021", kernel: "19044", cpu: "12th Gen Intel(R) Core(TM) i5-12490F", core_count: "6", memory: "31.8 GiB" }
[2m2026-09-26T13:41:53.801831Z[0m [32m INFO[0m [2mbevy_render::renderer[0m[2m:[0m AdapterInfo { name: "NVIDIA GeForce RTX 3050", vendor: 4318, device: 9602, device_type: DiscreteGpu, device_pci_bus_id: "0000:01:00.0", driver: "NVIDIA", driver_info: "537.58", backend: Vulkan, subgroup_min_size: 32, subgroup_max_size: 32, transient_saves_memory: false }
[2m2026-09-26T13:41:54.819410Z[0m [32m INFO[0m [2mgame::brp[0m[2m:[0m [BRP] listening on 127.0.0.1:15702 (explicit loopback bind)
[2m2026-09-26T13:41:54.833036Z[0m [32m INFO[0m [2mbevy_pbr::cluster[0m[2m:[0m GPU clustering is supported on this device.
[2m2026-09-26T13:41:54.833094Z[0m [32m INFO[0m [2mbevy_render::batching::gpu_preprocessing[0m[2m:[0m GPU preprocessing is fully supported on this device.
[2m2026-09-26T13:41:54.833755Z[0m [32m INFO[0m [2mbevy_winit::system[0m[2m:[0m Creating new window bevy-ai-workflow demo (65v0)
[2m2026-09-26T13:41:54.880214Z[0m [32m INFO[0m [2mgame::sim[0m[2m:[0m [SIM] metadata ready | version=0.1.0 | entity_count=100 | seed=20260926
[2m2026-09-26T13:41:54.880229Z[0m [32m INFO[0m [2mgame::sim[0m[2m:[0m [SIM] spawned 100 wanderers | seed=20260926 | area=120 | max_speed=3
[2m2026-09-26T13:41:55.883379Z[0m [32m INFO[0m [2mgame::bench[0m[2m:[0m [STATS] t=1.0s tick=115 fps_1s=114.8 avg_fps=0.0
[2m2026-09-26T13:41:56.891190Z[0m [32m INFO[0m [2mgame::bench[0m[2m:[0m [STATS] t=2.0s tick=257 fps_1s=141.1 avg_fps=173.3
[2m2026-09-26T13:41:57.896714Z[0m [32m INFO[0m [2mgame::bench[0m[2m:[0m [STATS] t=3.0s tick=402 fps_1s=144.0 avg_fps=144.2
[2m2026-09-26T13:41:58.897242Z[0m [32m INFO[0m [2mgame::bench[0m[2m:[0m [STATS] t=4.0s tick=545 fps_1s=142.9 avg_fps=143.6
[2m2026-09-26T13:41:59.903861Z[0m [32m INFO[0m [2mgame::bench[0m[2m:[0m [STATS] t=5.0s tick=690 fps_1s=144.1 avg_fps=143.7
[2m2026-09-26T13:42:00.910758Z[0m [32m INFO[0m [2mgame::bench[0m[2m:[0m [STATS] t=6.0s tick=833 fps_1s=142.0 avg_fps=143.3
[2m2026-09-26T13:42:01.917478Z[0m [32m INFO[0m [2mgame::bench[0m[2m:[0m [STATS] t=7.0s tick=977 fps_1s=143.0 avg_fps=143.2
[2m2026-09-26T13:42:02.917800Z[0m [32m INFO[0m [2mgame::bench[0m[2m:[0m [STATS] t=8.0s tick=1121 fps_1s=144.0 avg_fps=143.3
[2m2026-09-26T13:42:03.924470Z[0m [32m INFO[0m [2mgame::bench[0m[2m:[0m [STATS] t=9.0s tick=1266 fps_1s=144.0 avg_fps=143.5
[2m2026-09-26T13:42:04.924699Z[0m [32m INFO[0m [2mgame::bench[0m[2m:[0m [STATS] t=10.0s tick=1410 fps_1s=144.0 avg_fps=143.5
[2m2026-09-26T13:42:05.924724Z[0m [32m INFO[0m [2mgame::bench[0m[2m:[0m [STATS] t=11.0s tick=1554 fps_1s=144.0 avg_fps=143.6
[2m2026-09-26T13:42:06.931500Z[0m [32m INFO[0m [2mgame::bench[0m[2m:[0m [STATS] t=12.0s tick=1699 fps_1s=144.0 avg_fps=143.6
[2m2026-09-26T13:42:07.939579Z[0m [32m INFO[0m [2mgame::bench[0m[2m:[0m [STATS] t=13.1s tick=1843 fps_1s=143.0 avg_fps=143.6
[2m2026-09-26T13:42:08.939654Z[0m [32m INFO[0m [2mgame::bench[0m[2m:[0m [STATS] t=14.1s tick=1987 fps_1s=144.0 avg_fps=143.6
[2m2026-09-26T13:42:09.945677Z[0m [32m INFO[0m [2mgame::bench[0m[2m:[0m [STATS] t=15.1s tick=2132 fps_1s=144.1 avg_fps=143.6
[2m2026-09-26T13:42:10.946015Z[0m [32m INFO[0m [2mgame::bench[0m[2m:[0m [STATS] t=16.1s tick=2275 fps_1s=142.9 avg_fps=143.6
[2m2026-09-26T13:42:11.952180Z[0m [32m INFO[0m [2mgame::bench[0m[2m:[0m [STATS] t=17.1s tick=2418 fps_1s=142.1 avg_fps=143.5
[2m2026-09-26T13:42:12.952838Z[0m [32m INFO[0m [2mgame::bench[0m[2m:[0m [STATS] t=18.1s tick=2561 fps_1s=143.0 avg_fps=143.5
[2m2026-09-26T13:42:13.959074Z[0m [32m INFO[0m [2mgame::bench[0m[2m:[0m [STATS] t=19.1s tick=2705 fps_1s=143.0 avg_fps=143.4
[2m2026-09-26T13:42:14.966032Z[0m [32m INFO[0m [2mgame::bench[0m[2m:[0m [STATS] t=20.1s tick=2850 fps_1s=144.0 avg_fps=143.5
[2m2026-09-26T13:42:15.966625Z[0m [32m INFO[0m [2mgame::bench[0m[2m:[0m [STATS] t=21.1s tick=2993 fps_1s=142.9 avg_fps=143.4
[2m2026-09-26T13:42:16.972807Z[0m [32m INFO[0m [2mgame::bench[0m[2m:[0m [STATS] t=22.1s tick=3137 fps_1s=143.1 avg_fps=143.4
[2m2026-09-26T13:42:17.973233Z[0m [32m INFO[0m [2mgame::bench[0m[2m:[0m [STATS] t=23.1s tick=3281 fps_1s=144.0 avg_fps=143.4
[2m2026-09-26T13:42:18.973554Z[0m [32m INFO[0m [2mgame::bench[0m[2m:[0m [STATS] t=24.1s tick=3425 fps_1s=144.0 avg_fps=143.5
[2m2026-09-26T13:42:19.979994Z[0m [32m INFO[0m [2mgame::bench[0m[2m:[0m [STATS] t=25.1s tick=3570 fps_1s=144.1 avg_fps=143.5
[2m2026-09-26T13:42:20.980738Z[0m [32m INFO[0m [2mgame::bench[0m[2m:[0m [STATS] t=26.1s tick=3712 fps_1s=141.9 avg_fps=143.4
[2m2026-09-26T13:42:21.986822Z[0m [32m INFO[0m [2mgame::bench[0m[2m:[0m [STATS] t=27.1s tick=3857 fps_1s=144.1 avg_fps=143.4
[2m2026-09-26T13:42:22.987727Z[0m [32m INFO[0m [2mgame::bench[0m[2m:[0m [STATS] t=28.1s tick=4001 fps_1s=143.9 avg_fps=143.5
[2m2026-09-26T13:42:23.987567Z[0m [32m INFO[0m [2mgame::bench[0m[2m:[0m [STATS] t=29.1s tick=4144 fps_1s=143.0 avg_fps=143.4
[2m2026-09-26T13:42:24.994269Z[0m [32m INFO[0m [2mgame::bench[0m[2m:[0m [STATS] t=30.1s tick=4289 fps_1s=144.0 avg_fps=143.5
[2m2026-09-26T13:42:26.000850Z[0m [32m INFO[0m [2mgame::bench[0m[2m:[0m [STATS] t=31.1s tick=4433 fps_1s=143.1 avg_fps=143.5
[2m2026-09-26T13:42:27.000986Z[0m [32m INFO[0m [2mgame::bench[0m[2m:[0m [STATS] t=32.1s tick=4577 fps_1s=144.0 avg_fps=143.5
[2m2026-09-26T13:42:28.001451Z[0m [32m INFO[0m [2mgame::bench[0m[2m:[0m [STATS] t=33.1s tick=4719 fps_1s=141.9 avg_fps=143.4
[2m2026-09-26T13:42:29.008042Z[0m [32m INFO[0m [2mgame::bench[0m[2m:[0m [STATS] t=34.1s tick=4863 fps_1s=143.1 avg_fps=143.4
[2m2026-09-26T13:42:30.014692Z[0m [32m INFO[0m [2mgame::bench[0m[2m:[0m [STATS] t=35.1s tick=5008 fps_1s=144.0 avg_fps=143.4
[2m2026-09-26T13:42:31.021721Z[0m [32m INFO[0m [2mgame::bench[0m[2m:[0m [STATS] t=36.1s tick=5153 fps_1s=144.0 avg_fps=143.4
[2m2026-09-26T13:42:32.028746Z[0m [32m INFO[0m [2mgame::bench[0m[2m:[0m [STATS] t=37.1s tick=5298 fps_1s=144.0 avg_fps=143.5
[2m2026-09-26T13:42:33.028582Z[0m [32m INFO[0m [2mgame::bench[0m[2m:[0m [STATS] t=38.1s tick=5440 fps_1s=142.0 avg_fps=143.4
[2m2026-09-26T13:42:34.029254Z[0m [32m INFO[0m [2mgame::bench[0m[2m:[0m [STATS] t=39.1s tick=5584 fps_1s=143.9 avg_fps=143.4
[2m2026-09-26T13:42:35.036445Z[0m [32m INFO[0m [2mgame::bench[0m[2m:[0m [STATS] t=40.2s tick=5728 fps_1s=143.0 avg_fps=143.4
[2m2026-09-26T13:42:36.042524Z[0m [32m INFO[0m [2mgame::bench[0m[2m:[0m [STATS] t=41.2s tick=5873 fps_1s=144.1 avg_fps=143.4
[2m2026-09-26T13:42:37.042698Z[0m [32m INFO[0m [2mgame::bench[0m[2m:[0m [STATS] t=42.2s tick=6015 fps_1s=142.0 avg_fps=143.4
[2m2026-09-26T13:42:38.049606Z[0m [32m INFO[0m [2mgame::bench[0m[2m:[0m [STATS] t=43.2s tick=6159 fps_1s=143.0 avg_fps=143.4
[2m2026-09-26T13:42:39.056191Z[0m [32m INFO[0m [2mgame::bench[0m[2m:[0m [STATS] t=44.2s tick=6304 fps_1s=144.0 avg_fps=143.4
[2m2026-09-26T13:42:40.057340Z[0m [32m INFO[0m [2mgame::bench[0m[2m:[0m [STATS] t=45.2s tick=6446 fps_1s=141.9 avg_fps=143.4
[2m2026-09-26T13:42:41.063486Z[0m [32m INFO[0m [2mgame::bench[0m[2m:[0m [STATS] t=46.2s tick=6590 fps_1s=143.1 avg_fps=143.4
[2m2026-09-26T13:42:42.063807Z[0m [32m INFO[0m [2mgame::bench[0m[2m:[0m [STATS] t=47.2s tick=6734 fps_1s=144.0 avg_fps=143.4
[2m2026-09-26T13:42:43.070748Z[0m [32m INFO[0m [2mgame::bench[0m[2m:[0m [STATS] t=48.2s tick=6878 fps_1s=143.0 avg_fps=143.4
[2m2026-09-26T13:42:44.077576Z[0m [32m INFO[0m [2mgame::bench[0m[2m:[0m [STATS] t=49.2s tick=7023 fps_1s=144.0 avg_fps=143.4
[2m2026-09-26T13:42:45.077713Z[0m [32m INFO[0m [2mgame::bench[0m[2m:[0m [STATS] t=50.2s tick=7167 fps_1s=144.0 avg_fps=143.4
[2m2026-09-26T13:42:46.078187Z[0m [32m INFO[0m [2mgame::bench[0m[2m:[0m [STATS] t=51.2s tick=7309 fps_1s=141.9 avg_fps=143.4
[2m2026-09-26T13:42:47.084354Z[0m [32m INFO[0m [2mgame::bench[0m[2m:[0m [STATS] t=52.2s tick=7454 fps_1s=144.1 avg_fps=143.4
[2m2026-09-26T13:42:48.084842Z[0m [32m INFO[0m [2mgame::bench[0m[2m:[0m [STATS] t=53.2s tick=7598 fps_1s=143.9 avg_fps=143.4
[2m2026-09-26T13:42:49.091343Z[0m [32m INFO[0m [2mgame::bench[0m[2m:[0m [STATS] t=54.2s tick=7743 fps_1s=144.1 avg_fps=143.4
[2m2026-09-26T13:42:50.099156Z[0m [32m INFO[0m [2mgame::bench[0m[2m:[0m [STATS] t=55.2s tick=7887 fps_1s=143.0 avg_fps=143.4
[2m2026-09-26T13:42:51.098195Z[0m [32m INFO[0m [2mgame::bench[0m[2m:[0m [STATS] t=56.2s tick=8030 fps_1s=143.0 avg_fps=143.4
[2m2026-09-26T13:42:52.104856Z[0m [32m INFO[0m [2mgame::bench[0m[2m:[0m [STATS] t=57.2s tick=8174 fps_1s=143.1 avg_fps=143.4
[2m2026-09-26T13:42:53.105785Z[0m [32m INFO[0m [2mgame::bench[0m[2m:[0m [STATS] t=58.2s tick=8316 fps_1s=141.9 avg_fps=143.4
[2m2026-09-26T13:42:54.112351Z[0m [32m INFO[0m [2mgame::bench[0m[2m:[0m [STATS] t=59.2s tick=8460 fps_1s=143.1 avg_fps=143.4
[2m2026-09-26T13:42:55.112232Z[0m [32m INFO[0m [2mgame::bench[0m[2m:[0m [STATS] t=60.2s tick=8603 fps_1s=143.0 avg_fps=143.3
[2m2026-09-26T13:42:56.114273Z[0m [32m INFO[0m [2mgame::bench[0m[2m:[0m [STATS] t=61.2s tick=8745 fps_1s=141.9 avg_fps=143.3
[2m2026-09-26T13:42:57.119394Z[0m [32m INFO[0m [2mgame::bench[0m[2m:[0m [STATS] t=62.2s tick=8889 fps_1s=143.1 avg_fps=143.3
[2m2026-09-26T13:42:58.119860Z[0m [32m INFO[0m [2mgame::bench[0m[2m:[0m [STATS] t=63.2s tick=9033 fps_1s=144.0 avg_fps=143.3
[2m2026-09-26T13:42:59.121066Z[0m [32m INFO[0m [2mgame::bench[0m[2m:[0m [STATS] t=64.2s tick=9175 fps_1s=142.0 avg_fps=143.3
[2m2026-09-26T13:43:00.127588Z[0m [32m INFO[0m [2mgame::bench[0m[2m:[0m [STATS] t=65.2s tick=9320 fps_1s=144.1 avg_fps=143.3
[2m2026-09-26T13:43:01.165206Z[0m [32m INFO[0m [2mgame::bench[0m[2m:[0m [STATS] t=66.3s tick=9401 fps_1s=80.3 avg_fps=142.3
[2m2026-09-26T13:43:02.164851Z[0m [32m INFO[0m [2mgame::bench[0m[2m:[0m [STATS] t=67.3s tick=9461 fps_1s=59.9 avg_fps=141.1
[2m2026-09-26T13:43:03.164659Z[0m [32m INFO[0m [2mgame::bench[0m[2m:[0m [STATS] t=68.3s tick=9521 fps_1s=60.0 avg_fps=139.9
[2m2026-09-26T13:43:04.181690Z[0m [32m INFO[0m [2mgame::bench[0m[2m:[0m [STATS] t=69.3s tick=9582 fps_1s=60.1 avg_fps=138.7
[2m2026-09-26T13:43:05.197775Z[0m [32m INFO[0m [2mgame::bench[0m[2m:[0m [STATS] t=70.3s tick=9643 fps_1s=60.0 avg_fps=137.5
[2m2026-09-26T13:43:06.214157Z[0m [32m INFO[0m [2mgame::bench[0m[2m:[0m [STATS] t=71.3s tick=9704 fps_1s=60.0 avg_fps=136.4
[2m2026-09-26T13:43:07.214828Z[0m [32m INFO[0m [2mgame::bench[0m[2m:[0m [STATS] t=72.3s tick=9764 fps_1s=59.9 avg_fps=135.3
[2m2026-09-26T13:43:08.214484Z[0m [32m INFO[0m [2mgame::bench[0m[2m:[0m [STATS] t=73.3s tick=9824 fps_1s=60.0 avg_fps=134.2
[2m2026-09-26T13:43:09.214419Z[0m [32m INFO[0m [2mgame::bench[0m[2m:[0m [STATS] t=74.3s tick=9884 fps_1s=60.0 avg_fps=133.2
[2m2026-09-26T13:43:10.215795Z[0m [32m INFO[0m [2mgame::bench[0m[2m:[0m [STATS] t=75.3s tick=9944 fps_1s=59.9 avg_fps=132.2
[2m2026-09-26T13:43:11.231099Z[0m [32m INFO[0m [2mgame::bench[0m[2m:[0m [STATS] t=76.3s tick=10005 fps_1s=60.1 avg_fps=131.2
[2m2026-09-26T13:43:12.248023Z[0m [32m INFO[0m [2mgame::bench[0m[2m:[0m [STATS] t=77.3s tick=10066 fps_1s=60.0 avg_fps=130.2
[2m2026-09-26T13:43:13.264378Z[0m [32m INFO[0m [2mgame::bench[0m[2m:[0m [STATS] t=78.4s tick=10127 fps_1s=60.1 avg_fps=129.3
[2m2026-09-26T13:43:14.264443Z[0m [32m INFO[0m [2mgame::bench[0m[2m:[0m [STATS] t=79.4s tick=10187 fps_1s=60.0 avg_fps=128.4
[2m2026-09-26T13:43:15.265248Z[0m [32m INFO[0m [2mgame::bench[0m[2m:[0m [STATS] t=80.4s tick=10247 fps_1s=60.0 avg_fps=127.5
[2m2026-09-26T13:43:16.281234Z[0m [32m INFO[0m [2mgame::bench[0m[2m:[0m [STATS] t=81.4s tick=10308 fps_1s=60.0 avg_fps=126.7
[2m2026-09-26T13:43:17.281180Z[0m [32m INFO[0m [2mgame::bench[0m[2m:[0m [STATS] t=82.4s tick=10368 fps_1s=60.0 avg_fps=125.8
[2m2026-09-26T13:43:18.298066Z[0m [32m INFO[0m [2mgame::bench[0m[2m:[0m [STATS] t=83.4s tick=10429 fps_1s=60.1 avg_fps=125.0
[2m2026-09-26T13:43:19.314804Z[0m [32m INFO[0m [2mgame::bench[0m[2m:[0m [STATS] t=84.4s tick=10490 fps_1s=60.0 avg_fps=124.2
[2m2026-09-26T13:43:20.331274Z[0m [32m INFO[0m [2mgame::bench[0m[2m:[0m [STATS] t=85.4s tick=10551 fps_1s=60.0 avg_fps=123.4
[2m2026-09-26T13:43:21.331383Z[0m [32m INFO[0m [2mgame::bench[0m[2m:[0m [STATS] t=86.4s tick=10611 fps_1s=60.0 avg_fps=122.7
[2m2026-09-26T13:43:22.348003Z[0m [32m INFO[0m [2mgame::bench[0m[2m:[0m [STATS] t=87.4s tick=10672 fps_1s=60.0 avg_fps=121.9
[2m2026-09-26T13:43:23.364401Z[0m [32m INFO[0m [2mgame::bench[0m[2m:[0m [STATS] t=88.5s tick=10733 fps_1s=60.1 avg_fps=121.2
[2m2026-09-26T13:43:24.365253Z[0m [32m INFO[0m [2mgame::bench[0m[2m:[0m [STATS] t=89.5s tick=10793 fps_1s=60.0 avg_fps=120.5
[2m2026-09-26T13:43:25.380896Z[0m [32m INFO[0m [2mgame::bench[0m[2m:[0m [STATS] t=90.5s tick=10854 fps_1s=60.0 avg_fps=119.8
[2m2026-09-26T13:43:26.398536Z[0m [32m INFO[0m [2mgame::bench[0m[2m:[0m [STATS] t=91.5s tick=10915 fps_1s=60.0 avg_fps=119.1
[2m2026-09-26T13:43:27.414480Z[0m [32m INFO[0m [2mgame::bench[0m[2m:[0m [STATS] t=92.5s tick=10976 fps_1s=59.8 avg_fps=118.5
[2m2026-09-26T13:43:28.432533Z[0m [32m INFO[0m [2mgame::bench[0m[2m:[0m [STATS] t=93.5s tick=11037 fps_1s=60.1 avg_fps=117.8
[2m2026-09-26T13:43:29.431694Z[0m [32m INFO[0m [2mgame::bench[0m[2m:[0m [STATS] t=94.5s tick=11097 fps_1s=60.0 avg_fps=117.2
[2m2026-09-26T13:43:30.448453Z[0m [32m INFO[0m [2mgame::bench[0m[2m:[0m [STATS] t=95.5s tick=11158 fps_1s=60.1 avg_fps=116.6
[2m2026-09-26T13:43:31.464201Z[0m [32m INFO[0m [2mgame::bench[0m[2m:[0m [STATS] t=96.6s tick=11219 fps_1s=59.9 avg_fps=116.0
[2m2026-09-26T13:43:32.481374Z[0m [32m INFO[0m [2mgame::bench[0m[2m:[0m [STATS] t=97.6s tick=11280 fps_1s=60.1 avg_fps=115.4
[2m2026-09-26T13:43:33.481084Z[0m [32m INFO[0m [2mgame::bench[0m[2m:[0m [STATS] t=98.6s tick=11340 fps_1s=59.9 avg_fps=114.8
[2m2026-09-26T13:43:34.499360Z[0m [32m INFO[0m [2mgame::bench[0m[2m:[0m [STATS] t=99.6s tick=11401 fps_1s=60.0 avg_fps=114.2
[2m2026-09-26T13:43:35.514391Z[0m [32m INFO[0m [2mgame::bench[0m[2m:[0m [STATS] t=100.6s tick=11462 fps_1s=60.0 avg_fps=113.7
[2m2026-09-26T13:43:36.531184Z[0m [32m INFO[0m [2mgame::bench[0m[2m:[0m [STATS] t=101.6s tick=11523 fps_1s=60.1 avg_fps=113.1
[2m2026-09-26T13:43:37.531164Z[0m [32m INFO[0m [2mgame::bench[0m[2m:[0m [STATS] t=102.6s tick=11583 fps_1s=60.0 avg_fps=112.6
[2m2026-09-26T13:43:38.547981Z[0m [32m INFO[0m [2mgame::bench[0m[2m:[0m [STATS] t=103.6s tick=11644 fps_1s=59.9 avg_fps=112.1
[2m2026-09-26T13:43:39.564217Z[0m [32m INFO[0m [2mgame::bench[0m[2m:[0m [STATS] t=104.7s tick=11705 fps_1s=60.0 avg_fps=111.5
[2m2026-09-26T13:43:40.582030Z[0m [32m INFO[0m [2mgame::bench[0m[2m:[0m [STATS] t=105.7s tick=11766 fps_1s=60.1 avg_fps=111.0
[2m2026-09-26T13:43:41.581650Z[0m [32m INFO[0m [2mgame::bench[0m[2m:[0m [STATS] t=106.7s tick=11826 fps_1s=60.0 avg_fps=110.5
[2m2026-09-26T13:43:42.598069Z[0m [32m INFO[0m [2mgame::bench[0m[2m:[0m [STATS] t=107.7s tick=11887 fps_1s=60.1 avg_fps=110.1
[2m2026-09-26T13:43:43.598971Z[0m [32m INFO[0m [2mgame::bench[0m[2m:[0m [STATS] t=108.7s tick=11947 fps_1s=59.9 avg_fps=109.6
[2m2026-09-26T13:43:44.593344Z[0m [32m INFO[0m [2mgame::bench[0m[2m:[0m [STATS] t=109.7s tick=12004 fps_1s=56.6 avg_fps=109.1
[2m2026-09-26T13:43:45.609600Z[0m [32m INFO[0m [2mgame::bench[0m[2m:[0m [STATS] t=110.7s tick=12065 fps_1s=60.7 avg_fps=108.7
[2m2026-09-26T13:43:46.626280Z[0m [32m INFO[0m [2mgame::bench[0m[2m:[0m [STATS] t=111.7s tick=12126 fps_1s=60.0 avg_fps=108.2
[2m2026-09-26T13:43:47.643848Z[0m [32m INFO[0m [2mgame::bench[0m[2m:[0m [STATS] t=112.7s tick=12187 fps_1s=60.0 avg_fps=107.8
[2m2026-09-26T13:43:48.659959Z[0m [32m INFO[0m [2mgame::bench[0m[2m:[0m [STATS] t=113.7s tick=12248 fps_1s=60.1 avg_fps=107.3
[2m2026-09-26T13:43:49.661202Z[0m [32m INFO[0m [2mgame::bench[0m[2m:[0m [STATS] t=114.7s tick=12308 fps_1s=59.9 avg_fps=106.9
[2m2026-09-26T13:43:50.677137Z[0m [32m INFO[0m [2mgame::bench[0m[2m:[0m [STATS] t=115.8s tick=12369 fps_1s=60.0 avg_fps=106.5
[2m2026-09-26T13:43:51.676413Z[0m [32m INFO[0m [2mgame::bench[0m[2m:[0m [STATS] t=116.8s tick=12429 fps_1s=59.9 avg_fps=106.1
[2m2026-09-26T13:43:52.693637Z[0m [32m INFO[0m [2mgame::bench[0m[2m:[0m [STATS] t=117.8s tick=12490 fps_1s=60.1 avg_fps=105.7
[2m2026-09-26T13:43:53.709625Z[0m [32m INFO[0m [2mgame::bench[0m[2m:[0m [STATS] t=118.8s tick=12551 fps_1s=60.0 avg_fps=105.3
[2m2026-09-26T13:43:54.709969Z[0m [32m INFO[0m [2mgame::bench[0m[2m:[0m [STATS] t=119.8s tick=12611 fps_1s=59.9 avg_fps=104.9
[2m2026-09-26T13:43:55.726358Z[0m [32m INFO[0m [2mgame::bench[0m[2m:[0m [STATS] t=120.8s tick=12672 fps_1s=60.1 avg_fps=104.5
[2m2026-09-26T13:43:56.727736Z[0m [32m INFO[0m [2mgame::bench[0m[2m:[0m [STATS] t=121.8s tick=12732 fps_1s=60.0 avg_fps=104.1
[2m2026-09-26T13:43:57.743348Z[0m [32m INFO[0m [2mgame::bench[0m[2m:[0m [STATS] t=122.8s tick=12793 fps_1s=60.0 avg_fps=103.8
[2m2026-09-26T13:43:58.759564Z[0m [32m INFO[0m [2mgame::bench[0m[2m:[0m [STATS] t=123.8s tick=12854 fps_1s=60.0 avg_fps=103.4
[2m2026-09-26T13:43:59.760137Z[0m [32m INFO[0m [2mgame::bench[0m[2m:[0m [STATS] t=124.8s tick=12914 fps_1s=60.0 avg_fps=103.0
[2m2026-09-26T13:44:00.776697Z[0m [32m INFO[0m [2mgame::bench[0m[2m:[0m [STATS] t=125.9s tick=12975 fps_1s=60.0 avg_fps=102.7
[2m2026-09-26T13:44:01.776898Z[0m [32m INFO[0m [2mgame::bench[0m[2m:[0m [STATS] t=126.9s tick=13035 fps_1s=60.0 avg_fps=102.4
[2m2026-09-26T13:44:02.776517Z[0m [32m INFO[0m [2mgame::bench[0m[2m:[0m [STATS] t=127.9s tick=13095 fps_1s=59.9 avg_fps=102.0
[2m2026-09-26T13:44:03.776449Z[0m [32m INFO[0m [2mgame::bench[0m[2m:[0m [STATS] t=128.9s tick=13155 fps_1s=60.0 avg_fps=101.7
[2m2026-09-26T13:44:04.793842Z[0m [32m INFO[0m [2mgame::bench[0m[2m:[0m [STATS] t=129.9s tick=13216 fps_1s=60.0 avg_fps=101.4
[2m2026-09-26T13:44:05.810767Z[0m [32m INFO[0m [2mgame::bench[0m[2m:[0m [STATS] t=130.9s tick=13277 fps_1s=59.8 avg_fps=101.0
[2m2026-09-26T13:44:06.810311Z[0m [32m INFO[0m [2mgame::bench[0m[2m:[0m [STATS] t=131.9s tick=13337 fps_1s=59.4 avg_fps=100.7
[2m2026-09-26T13:44:07.826587Z[0m [32m INFO[0m [2mgame::bench[0m[2m:[0m [STATS] t=132.9s tick=13398 fps_1s=60.7 avg_fps=100.4
[2m2026-09-26T13:44:08.843555Z[0m [32m INFO[0m [2mgame::bench[0m[2m:[0m [STATS] t=133.9s tick=13459 fps_1s=60.2 avg_fps=100.1
[2m2026-09-26T13:44:09.843498Z[0m [32m INFO[0m [2mgame::bench[0m[2m:[0m [STATS] t=134.9s tick=13519 fps_1s=60.0 avg_fps=99.8
[2m2026-09-26T13:44:10.860283Z[0m [32m INFO[0m [2mgame::bench[0m[2m:[0m [STATS] t=135.9s tick=13580 fps_1s=60.0 avg_fps=99.5
[2m2026-09-26T13:44:11.876659Z[0m [32m INFO[0m [2mgame::bench[0m[2m:[0m [STATS] t=137.0s tick=13641 fps_1s=60.0 avg_fps=99.2
[2m2026-09-26T13:44:12.892731Z[0m [32m INFO[0m [2mgame::bench[0m[2m:[0m [STATS] t=138.0s tick=13702 fps_1s=60.0 avg_fps=98.9
[2m2026-09-26T13:44:13.892901Z[0m [32m INFO[0m [2mgame::bench[0m[2m:[0m [STATS] t=139.0s tick=13762 fps_1s=59.9 avg_fps=98.6
[2m2026-09-26T13:44:14.909546Z[0m [32m INFO[0m [2mgame::bench[0m[2m:[0m [STATS] t=140.0s tick=13823 fps_1s=60.1 avg_fps=98.3
[2m2026-09-26T13:44:15.909437Z[0m [32m INFO[0m [2mgame::bench[0m[2m:[0m [STATS] t=141.0s tick=13883 fps_1s=60.0 avg_fps=98.0
[2m2026-09-26T13:44:16.926253Z[0m [32m INFO[0m [2mgame::bench[0m[2m:[0m [STATS] t=142.0s tick=13944 fps_1s=60.0 avg_fps=97.8
[2m2026-09-26T13:44:17.926144Z[0m [32m INFO[0m [2mgame::bench[0m[2m:[0m [STATS] t=143.0s tick=14004 fps_1s=59.7 avg_fps=97.5
[2m2026-09-26T13:44:18.943607Z[0m [32m INFO[0m [2mgame::bench[0m[2m:[0m [STATS] t=144.0s tick=14065 fps_1s=60.2 avg_fps=97.2
[2m2026-09-26T13:44:19.960322Z[0m [32m INFO[0m [2mgame::bench[0m[2m:[0m [STATS] t=145.0s tick=14126 fps_1s=60.1 avg_fps=97.0
[2m2026-09-26T13:44:20.959587Z[0m [32m INFO[0m [2mgame::bench[0m[2m:[0m [STATS] t=146.0s tick=14186 fps_1s=60.0 avg_fps=96.7
[2m2026-09-26T13:44:21.976171Z[0m [32m INFO[0m [2mgame::bench[0m[2m:[0m [STATS] t=147.1s tick=14247 fps_1s=60.0 avg_fps=96.5
[2m2026-09-26T13:44:22.976875Z[0m [32m INFO[0m [2mgame::bench[0m[2m:[0m [STATS] t=148.1s tick=14307 fps_1s=60.0 avg_fps=96.2
[2m2026-09-26T13:44:23.976067Z[0m [32m INFO[0m [2mgame::bench[0m[2m:[0m [STATS] t=149.1s tick=14367 fps_1s=60.0 avg_fps=96.0
[2m2026-09-26T13:44:24.976778Z[0m [32m INFO[0m [2mgame::bench[0m[2m:[0m [STATS] t=150.1s tick=14427 fps_1s=60.0 avg_fps=95.7
[2m2026-09-26T13:44:25.993631Z[0m [32m INFO[0m [2mgame::bench[0m[2m:[0m [STATS] t=151.1s tick=14488 fps_1s=60.0 avg_fps=95.5
[2m2026-09-26T13:44:26.994304Z[0m [32m INFO[0m [2mgame::bench[0m[2m:[0m [STATS] t=152.1s tick=14548 fps_1s=60.0 avg_fps=95.2
[2m2026-09-26T13:44:27.993461Z[0m [32m INFO[0m [2mgame::bench[0m[2m:[0m [STATS] t=153.1s tick=14608 fps_1s=60.0 avg_fps=95.0
[2m2026-09-26T13:44:29.009670Z[0m [32m INFO[0m [2mgame::bench[0m[2m:[0m [STATS] t=154.1s tick=14669 fps_1s=60.1 avg_fps=94.8
[2m2026-09-26T13:44:30.009435Z[0m [32m INFO[0m [2mgame::bench[0m[2m:[0m [STATS] t=155.1s tick=14729 fps_1s=60.0 avg_fps=94.5
[2m2026-09-26T13:44:31.026887Z[0m [32m INFO[0m [2mgame::bench[0m[2m:[0m [STATS] t=156.1s tick=14790 fps_1s=60.0 avg_fps=94.3
[2m2026-09-26T13:44:32.026112Z[0m [32m INFO[0m [2mgame::bench[0m[2m:[0m [STATS] t=157.1s tick=14850 fps_1s=60.0 avg_fps=94.1
[2m2026-09-26T13:44:33.026904Z[0m [32m INFO[0m [2mgame::bench[0m[2m:[0m [STATS] t=158.1s tick=14910 fps_1s=60.0 avg_fps=93.9
[2m2026-09-26T13:44:34.026265Z[0m [32m INFO[0m [2mgame::bench[0m[2m:[0m [STATS] t=159.1s tick=14970 fps_1s=60.0 avg_fps=93.7
[2m2026-09-26T13:44:35.026372Z[0m [32m INFO[0m [2mgame::bench[0m[2m:[0m [STATS] t=160.1s tick=15030 fps_1s=60.0 avg_fps=93.4
[2m2026-09-26T13:44:36.043390Z[0m [32m INFO[0m [2mgame::bench[0m[2m:[0m [STATS] t=161.1s tick=15091 fps_1s=60.1 avg_fps=93.2
[2m2026-09-26T13:44:37.042900Z[0m [32m INFO[0m [2mgame::bench[0m[2m:[0m [STATS] t=162.1s tick=15151 fps_1s=59.9 avg_fps=93.0
[2m2026-09-26T13:44:38.045318Z[0m [32m INFO[0m [2mgame::bench[0m[2m:[0m [STATS] t=163.1s tick=15211 fps_1s=60.0 avg_fps=92.8
[2m2026-09-26T13:44:39.059738Z[0m [32m INFO[0m [2mgame::bench[0m[2m:[0m [STATS] t=164.1s tick=15272 fps_1s=60.1 avg_fps=92.6
[2m2026-09-26T13:44:40.060372Z[0m [32m INFO[0m [2mgame::bench[0m[2m:[0m [STATS] t=165.2s tick=15332 fps_1s=60.0 avg_fps=92.4
[2m2026-09-26T13:44:41.060323Z[0m [32m INFO[0m [2mgame::bench[0m[2m:[0m [STATS] t=166.2s tick=15392 fps_1s=60.0 avg_fps=92.2
[2m2026-09-26T13:44:42.076087Z[0m [32m INFO[0m [2mgame::bench[0m[2m:[0m [STATS] t=167.2s tick=15453 fps_1s=60.0 avg_fps=92.0
[2m2026-09-26T13:44:43.076551Z[0m [32m INFO[0m [2mgame::bench[0m[2m:[0m [STATS] t=168.2s tick=15513 fps_1s=60.0 avg_fps=91.8
[2m2026-09-26T13:44:44.077562Z[0m [32m INFO[0m [2mgame::bench[0m[2m:[0m [STATS] t=169.2s tick=15572 fps_1s=59.0 avg_fps=91.6
[2m2026-09-26T13:44:45.077600Z[0m [32m INFO[0m [2mgame::bench[0m[2m:[0m [STATS] t=170.2s tick=15632 fps_1s=60.0 avg_fps=91.4
[2m2026-09-26T13:44:46.094039Z[0m [32m INFO[0m [2mgame::bench[0m[2m:[0m [STATS] t=171.2s tick=15693 fps_1s=60.0 avg_fps=91.3
[2m2026-09-26T13:44:47.094155Z[0m [32m INFO[0m [2mgame::bench[0m[2m:[0m [STATS] t=172.2s tick=15753 fps_1s=60.0 avg_fps=91.1
[2m2026-09-26T13:44:48.094243Z[0m [32m INFO[0m [2mgame::bench[0m[2m:[0m [STATS] t=173.2s tick=15813 fps_1s=60.0 avg_fps=90.9
[2m2026-09-26T13:44:49.094274Z[0m [32m INFO[0m [2mgame::bench[0m[2m:[0m [STATS] t=174.2s tick=15873 fps_1s=60.0 avg_fps=90.7
[2m2026-09-26T13:44:50.111570Z[0m [32m INFO[0m [2mgame::bench[0m[2m:[0m [STATS] t=175.2s tick=15934 fps_1s=60.0 avg_fps=90.5
[2m2026-09-26T13:44:51.128060Z[0m [32m INFO[0m [2mgame::bench[0m[2m:[0m [STATS] t=176.2s tick=15995 fps_1s=60.0 avg_fps=90.3
[2m2026-09-26T13:44:52.145047Z[0m [32m INFO[0m [2mgame::bench[0m[2m:[0m [STATS] t=177.2s tick=16056 fps_1s=60.0 avg_fps=90.2
[2m2026-09-26T13:44:53.144638Z[0m [32m INFO[0m [2mgame::bench[0m[2m:[0m [STATS] t=178.2s tick=16116 fps_1s=59.9 avg_fps=90.0
[2m2026-09-26T13:44:54.161259Z[0m [32m INFO[0m [2mgame::bench[0m[2m:[0m [STATS] t=179.3s tick=16177 fps_1s=60.0 avg_fps=89.8
[2m2026-09-26T13:44:55.162458Z[0m [32m INFO[0m [2mgame::bench[0m[2m:[0m [STATS] t=180.3s tick=16237 fps_1s=60.0 avg_fps=89.7
[2m2026-09-26T13:44:56.178448Z[0m [32m INFO[0m [2mgame::bench[0m[2m:[0m [STATS] t=181.3s tick=16298 fps_1s=60.1 avg_fps=89.5
[2m2026-09-26T13:44:57.178878Z[0m [32m INFO[0m [2mgame::bench[0m[2m:[0m [STATS] t=182.3s tick=16358 fps_1s=59.9 avg_fps=89.3
[2m2026-09-26T13:44:58.178447Z[0m [32m INFO[0m [2mgame::bench[0m[2m:[0m [STATS] t=183.3s tick=16418 fps_1s=60.0 avg_fps=89.2
[2m2026-09-26T13:44:59.177939Z[0m [32m INFO[0m [2mgame::bench[0m[2m:[0m [STATS] t=184.3s tick=16478 fps_1s=60.0 avg_fps=89.0
[2m2026-09-26T13:45:00.195424Z[0m [32m INFO[0m [2mgame::bench[0m[2m:[0m [STATS] t=185.3s tick=16539 fps_1s=60.0 avg_fps=88.8
[2m2026-09-26T13:45:01.211561Z[0m [32m INFO[0m [2mgame::bench[0m[2m:[0m [STATS] t=186.3s tick=16600 fps_1s=60.1 avg_fps=88.7
[2m2026-09-26T13:45:02.227617Z[0m [32m INFO[0m [2mgame::bench[0m[2m:[0m [STATS] t=187.3s tick=16661 fps_1s=60.0 avg_fps=88.5
[2m2026-09-26T13:45:03.244881Z[0m [32m INFO[0m [2mgame::bench[0m[2m:[0m [STATS] t=188.3s tick=16722 fps_1s=60.0 avg_fps=88.4
[2m2026-09-26T13:45:04.245093Z[0m [32m INFO[0m [2mgame::bench[0m[2m:[0m [STATS] t=189.3s tick=16782 fps_1s=59.9 avg_fps=88.2
[2m2026-09-26T13:45:05.260912Z[0m [32m INFO[0m [2mgame::bench[0m[2m:[0m [STATS] t=190.4s tick=16843 fps_1s=60.2 avg_fps=88.1
[2m2026-09-26T13:45:06.261727Z[0m [32m INFO[0m [2mgame::bench[0m[2m:[0m [STATS] t=191.4s tick=16903 fps_1s=59.9 avg_fps=87.9
[2m2026-09-26T13:45:07.278438Z[0m [32m INFO[0m [2mgame::bench[0m[2m:[0m [STATS] t=192.4s tick=16964 fps_1s=60.0 avg_fps=87.8
[2m2026-09-26T13:45:08.294695Z[0m [32m INFO[0m [2mgame::bench[0m[2m:[0m [STATS] t=193.4s tick=17025 fps_1s=60.0 avg_fps=87.6
[2m2026-09-26T13:45:09.310936Z[0m [32m INFO[0m [2mgame::bench[0m[2m:[0m [STATS] t=194.4s tick=17086 fps_1s=60.1 avg_fps=87.5
[2m2026-09-26T13:45:10.311359Z[0m [32m INFO[0m [2mgame::bench[0m[2m:[0m [STATS] t=195.4s tick=17146 fps_1s=59.9 avg_fps=87.3
[2m2026-09-26T13:45:11.327819Z[0m [32m INFO[0m [2mgame::bench[0m[2m:[0m [STATS] t=196.4s tick=17207 fps_1s=60.0 avg_fps=87.2
[2m2026-09-26T13:45:12.344345Z[0m [32m INFO[0m [2mgame::bench[0m[2m:[0m [STATS] t=197.4s tick=17268 fps_1s=60.0 avg_fps=87.1
[2m2026-09-26T13:45:13.360887Z[0m [32m INFO[0m [2mgame::bench[0m[2m:[0m [STATS] t=198.4s tick=17329 fps_1s=60.0 avg_fps=86.9
[2m2026-09-26T13:45:14.378794Z[0m [32m INFO[0m [2mgame::bench[0m[2m:[0m [STATS] t=199.5s tick=17390 fps_1s=60.0 avg_fps=86.8
[2m2026-09-26T13:45:15.394654Z[0m [32m INFO[0m [2mgame::bench[0m[2m:[0m [STATS] t=200.5s tick=17451 fps_1s=60.0 avg_fps=86.6
[2m2026-09-26T13:45:16.394493Z[0m [32m INFO[0m [2mgame::bench[0m[2m:[0m [STATS] t=201.5s tick=17511 fps_1s=60.0 avg_fps=86.5
[2m2026-09-26T13:45:17.411694Z[0m [32m INFO[0m [2mgame::bench[0m[2m:[0m [STATS] t=202.5s tick=17572 fps_1s=60.1 avg_fps=86.4
[2m2026-09-26T13:45:18.427807Z[0m [32m INFO[0m [2mgame::bench[0m[2m:[0m [STATS] t=203.5s tick=17633 fps_1s=60.0 avg_fps=86.2
[2m2026-09-26T13:45:19.428032Z[0m [32m INFO[0m [2mgame::bench[0m[2m:[0m [STATS] t=204.5s tick=17693 fps_1s=60.0 avg_fps=86.1
[2m2026-09-26T13:45:20.427502Z[0m [32m INFO[0m [2mgame::bench[0m[2m:[0m [STATS] t=205.5s tick=17753 fps_1s=59.9 avg_fps=86.0
[2m2026-09-26T13:45:21.445152Z[0m [32m INFO[0m [2mgame::bench[0m[2m:[0m [STATS] t=206.5s tick=17814 fps_1s=60.1 avg_fps=85.8
[2m2026-09-26T13:45:22.461573Z[0m [32m INFO[0m [2mgame::bench[0m[2m:[0m [STATS] t=207.6s tick=17875 fps_1s=60.0 avg_fps=85.7
[2m2026-09-26T13:45:23.477974Z[0m [32m INFO[0m [2mgame::bench[0m[2m:[0m [STATS] t=208.6s tick=17936 fps_1s=60.0 avg_fps=85.6
[2m2026-09-26T13:45:24.478187Z[0m [32m INFO[0m [2mgame::bench[0m[2m:[0m [STATS] t=209.6s tick=17996 fps_1s=60.0 avg_fps=85.5
[2m2026-09-26T13:45:25.494297Z[0m [32m INFO[0m [2mgame::bench[0m[2m:[0m [STATS] t=210.6s tick=18057 fps_1s=60.1 avg_fps=85.3
[2m2026-09-26T13:45:26.494943Z[0m [32m INFO[0m [2mgame::bench[0m[2m:[0m [STATS] t=211.6s tick=18117 fps_1s=60.0 avg_fps=85.2
[2m2026-09-26T13:45:27.494883Z[0m [32m INFO[0m [2mgame::bench[0m[2m:[0m [STATS] t=212.6s tick=18177 fps_1s=59.9 avg_fps=85.1
[2m2026-09-26T13:45:28.511556Z[0m [32m INFO[0m [2mgame::bench[0m[2m:[0m [STATS] t=213.6s tick=18238 fps_1s=59.9 avg_fps=85.0
[2m2026-09-26T13:45:29.527952Z[0m [32m INFO[0m [2mgame::bench[0m[2m:[0m [STATS] t=214.6s tick=18299 fps_1s=60.1 avg_fps=84.9
[2m2026-09-26T13:45:30.527639Z[0m [32m INFO[0m [2mgame::bench[0m[2m:[0m [STATS] t=215.6s tick=18359 fps_1s=60.0 avg_fps=84.7
[2m2026-09-26T13:45:31.544051Z[0m [32m INFO[0m [2mgame::bench[0m[2m:[0m [STATS] t=216.6s tick=18420 fps_1s=60.0 avg_fps=84.6
[2m2026-09-26T13:45:32.561018Z[0m [32m INFO[0m [2mgame::bench[0m[2m:[0m [STATS] t=217.7s tick=18481 fps_1s=60.0 avg_fps=84.5
[2m2026-09-26T13:45:33.578000Z[0m [32m INFO[0m [2mgame::bench[0m[2m:[0m [STATS] t=218.7s tick=18542 fps_1s=60.0 avg_fps=84.4
[2m2026-09-26T13:45:34.577811Z[0m [32m INFO[0m [2mgame::bench[0m[2m:[0m [STATS] t=219.7s tick=18602 fps_1s=60.0 avg_fps=84.3
[2m2026-09-26T13:45:35.594459Z[0m [32m INFO[0m [2mgame::bench[0m[2m:[0m [STATS] t=220.7s tick=18663 fps_1s=60.0 avg_fps=84.2
[2m2026-09-26T13:45:36.611215Z[0m [32m INFO[0m [2mgame::bench[0m[2m:[0m [STATS] t=221.7s tick=18724 fps_1s=60.0 avg_fps=84.1
[2m2026-09-26T13:45:37.627890Z[0m [32m INFO[0m [2mgame::bench[0m[2m:[0m [STATS] t=222.7s tick=18785 fps_1s=60.0 avg_fps=84.0
[2m2026-09-26T13:45:38.628784Z[0m [32m INFO[0m [2mgame::bench[0m[2m:[0m [STATS] t=223.7s tick=18845 fps_1s=59.9 avg_fps=83.8
[2m2026-09-26T13:45:39.644087Z[0m [32m INFO[0m [2mgame::bench[0m[2m:[0m [STATS] t=224.7s tick=18906 fps_1s=60.1 avg_fps=83.7
[2m2026-09-26T13:45:40.644504Z[0m [32m INFO[0m [2mgame::bench[0m[2m:[0m [STATS] t=225.7s tick=18966 fps_1s=60.0 avg_fps=83.6
[2m2026-09-26T13:45:41.660767Z[0m [32m INFO[0m [2mgame::bench[0m[2m:[0m [STATS] t=226.8s tick=19027 fps_1s=60.0 avg_fps=83.5
[2m2026-09-26T13:45:42.661066Z[0m [32m INFO[0m [2mgame::bench[0m[2m:[0m [STATS] t=227.8s tick=19087 fps_1s=60.0 avg_fps=83.4
[2m2026-09-26T13:45:43.660881Z[0m [32m INFO[0m [2mgame::bench[0m[2m:[0m [STATS] t=228.8s tick=19147 fps_1s=60.0 avg_fps=83.3
[2m2026-09-26T13:45:44.677749Z[0m [32m INFO[0m [2mgame::bench[0m[2m:[0m [STATS] t=229.8s tick=19208 fps_1s=60.1 avg_fps=83.2
[2m2026-09-26T13:45:45.677762Z[0m [32m INFO[0m [2mgame::bench[0m[2m:[0m [STATS] t=230.8s tick=19268 fps_1s=59.9 avg_fps=83.1
[2m2026-09-26T13:45:46.677652Z[0m [32m INFO[0m [2mgame::bench[0m[2m:[0m [STATS] t=231.8s tick=19328 fps_1s=60.0 avg_fps=83.0
[2m2026-09-26T13:45:47.677621Z[0m [32m INFO[0m [2mgame::bench[0m[2m:[0m [STATS] t=232.8s tick=19388 fps_1s=60.0 avg_fps=82.9
[2m2026-09-26T13:45:48.694183Z[0m [32m INFO[0m [2mgame::bench[0m[2m:[0m [STATS] t=233.8s tick=19449 fps_1s=60.1 avg_fps=82.8
[2m2026-09-26T13:45:49.694809Z[0m [32m INFO[0m [2mgame::bench[0m[2m:[0m [STATS] t=234.8s tick=19509 fps_1s=60.0 avg_fps=82.7
[2m2026-09-26T13:45:50.694469Z[0m [32m INFO[0m [2mgame::bench[0m[2m:[0m [STATS] t=235.8s tick=19569 fps_1s=60.0 avg_fps=82.6
[2m2026-09-26T13:45:51.710869Z[0m [32m INFO[0m [2mgame::bench[0m[2m:[0m [STATS] t=236.8s tick=19630 fps_1s=60.0 avg_fps=82.5
[2m2026-09-26T13:45:52.711628Z[0m [32m INFO[0m [2mgame::bench[0m[2m:[0m [STATS] t=237.8s tick=19690 fps_1s=60.0 avg_fps=82.4
[2m2026-09-26T13:45:53.710841Z[0m [32m INFO[0m [2mgame::bench[0m[2m:[0m [STATS] t=238.8s tick=19750 fps_1s=60.0 avg_fps=82.3
[2m2026-09-26T13:45:54.711085Z[0m [32m INFO[0m [2mgame::bench[0m[2m:[0m [STATS] t=239.8s tick=19810 fps_1s=60.0 avg_fps=82.2
[2m2026-09-26T13:45:55.728243Z[0m [32m INFO[0m [2mgame::bench[0m[2m:[0m [STATS] t=240.8s tick=19871 fps_1s=60.1 avg_fps=82.1
[2m2026-09-26T13:45:56.727377Z[0m [32m INFO[0m [2mgame::bench[0m[2m:[0m [STATS] t=241.8s tick=19931 fps_1s=60.0 avg_fps=82.0
[2m2026-09-26T13:45:57.727429Z[0m [32m INFO[0m [2mgame::bench[0m[2m:[0m [STATS] t=242.8s tick=19991 fps_1s=60.0 avg_fps=82.0
[2m2026-09-26T13:45:58.744932Z[0m [32m INFO[0m [2mgame::bench[0m[2m:[0m [STATS] t=243.8s tick=20052 fps_1s=60.1 avg_fps=81.9
[2m2026-09-26T13:45:59.760731Z[0m [32m INFO[0m [2mgame::bench[0m[2m:[0m [STATS] t=244.9s tick=20113 fps_1s=60.0 avg_fps=81.8
[2m2026-09-26T13:46:00.761851Z[0m [32m INFO[0m [2mgame::bench[0m[2m:[0m [STATS] t=245.9s tick=20173 fps_1s=60.0 avg_fps=81.7
[2m2026-09-26T13:46:01.762260Z[0m [32m INFO[0m [2mgame::bench[0m[2m:[0m [STATS] t=246.9s tick=20233 fps_1s=60.0 avg_fps=81.6
[2m2026-09-26T13:46:02.777998Z[0m [32m INFO[0m [2mgame::bench[0m[2m:[0m [STATS] t=247.9s tick=20294 fps_1s=60.1 avg_fps=81.5
[2m2026-09-26T13:46:03.777427Z[0m [32m INFO[0m [2mgame::bench[0m[2m:[0m [STATS] t=248.9s tick=20354 fps_1s=60.0 avg_fps=81.4
[2m2026-09-26T13:46:04.794763Z[0m [32m INFO[0m [2mgame::bench[0m[2m:[0m [STATS] t=249.9s tick=20415 fps_1s=60.0 avg_fps=81.3
[2m2026-09-26T13:46:05.795104Z[0m [32m INFO[0m [2mgame::bench[0m[2m:[0m [STATS] t=250.9s tick=20475 fps_1s=60.0 avg_fps=81.2
[2m2026-09-26T13:46:06.811518Z[0m [32m INFO[0m [2mgame::bench[0m[2m:[0m [STATS] t=251.9s tick=20536 fps_1s=60.0 avg_fps=81.2
[2m2026-09-26T13:46:07.811197Z[0m [32m INFO[0m [2mgame::bench[0m[2m:[0m [STATS] t=252.9s tick=20596 fps_1s=60.0 avg_fps=81.1
[2m2026-09-26T13:46:08.811453Z[0m [32m INFO[0m [2mgame::bench[0m[2m:[0m [STATS] t=253.9s tick=20656 fps_1s=60.0 avg_fps=81.0
[2m2026-09-26T13:46:09.811024Z[0m [32m INFO[0m [2mgame::bench[0m[2m:[0m [STATS] t=254.9s tick=20716 fps_1s=60.0 avg_fps=80.9
[2m2026-09-26T13:46:10.827727Z[0m [32m INFO[0m [2mgame::bench[0m[2m:[0m [STATS] t=255.9s tick=20777 fps_1s=60.1 avg_fps=80.8
[2m2026-09-26T13:46:11.827452Z[0m [32m INFO[0m [2mgame::bench[0m[2m:[0m [STATS] t=256.9s tick=20837 fps_1s=59.9 avg_fps=80.7
