[CONFIG] game demo | count=100 seed=20260926 max_speed=3 bench_secs=0 vsync=on(AutoVsync) | bevy 0.19 (workspace locked)
[2m2026-09-29T13:18:54.870255Z[0m [32m INFO[0m [2mbevy_diagnostic::system_information_diagnostics_plugin::internal[0m[2m:[0m SystemInfo { os: "Windows 10 IoT Enterprise LTSC 2021", kernel: "19044", cpu: "12th Gen Intel(R) Core(TM) i5-12490F", core_count: "6", memory: "31.8 GiB" }
[2m2026-09-29T13:18:57.564216Z[0m [32m INFO[0m [2mbevy_render::renderer[0m[2m:[0m AdapterInfo { name: "NVIDIA GeForce RTX 3050", vendor: 4318, device: 9602, device_type: DiscreteGpu, device_pci_bus_id: "0000:01:00.0", driver: "NVIDIA", driver_info: "537.58", backend: Vulkan, subgroup_min_size: 32, subgroup_max_size: 32, transient_saves_memory: false }
[2m2026-09-29T13:19:02.097812Z[0m [32m INFO[0m [2mgame::brp[0m[2m:[0m [BRP] listening on 127.0.0.1:15702 (explicit loopback bind)
[2m2026-09-29T13:19:02.097876Z[0m [32m INFO[0m [2mgame::brp[0m[2m:[0m [BRP] custom methods: game.run_tests / game.screenshot / game.screenshot_log / game.launch_level / game.move_unit / game.attack / game.end_turn / game.snapshot
[2m2026-09-29T13:19:02.157077Z[0m [32m INFO[0m [2mbevy_pbr::cluster[0m[2m:[0m GPU clustering is supported on this device.
[2m2026-09-29T13:19:02.378390Z[0m [32m INFO[0m [2mbevy_render::batching::gpu_preprocessing[0m[2m:[0m GPU preprocessing is fully supported on this device.
[2m2026-09-29T13:19:02.390800Z[0m [32m INFO[0m [2mbevy_winit::system[0m[2m:[0m Creating new window bevy-ai-workflow demo (65v0)
[2m2026-09-29T13:19:04.282497Z[0m [32m INFO[0m [2mgame::sim[0m[2m:[0m [SIM] metadata ready | version=0.1.0 | entity_count=100 | seed=20260926
[2m2026-09-29T13:19:04.284913Z[0m [32m INFO[0m [2mgame::sim[0m[2m:[0m [SIM] spawned 100 wanderers | seed=20260926 | area=120 | max_speed=3
[2m2026-09-29T13:19:04.621589Z[0m [32m INFO[0m [2mgame::sim[0m[2m:[0m [SIM] tagged 10 wanderers (index < 10)
[2m2026-09-29T13:19:06.826701Z[0m [32m INFO[0m [2mgame::bench[0m[2m:[0m [STATS] t=1.0s tick=34 fps_1s=33.9 avg_fps=0.0
[2m2026-09-29T13:19:07.842993Z[0m [32m INFO[0m [2mgame::bench[0m[2m:[0m [STATS] t=2.0s tick=84 fps_1s=49.2 avg_fps=60.0
[2m2026-09-29T13:19:08.959462Z[0m [32m INFO[0m [2mgame::bench[0m[2m:[0m [STATS] t=3.0s tick=131 fps_1s=46.9 avg_fps=47.1
[2m2026-09-29T13:19:09.976442Z[0m [32m INFO[0m [2mgame::bench[0m[2m:[0m [STATS] t=4.0s tick=192 fps_1s=60.0 avg_fps=53.5
[2m2026-09-29T13:19:10.992932Z[0m [32m INFO[0m [2mgame::bench[0m[2m:[0m [STATS] t=5.1s tick=253 fps_1s=60.0 avg_fps=55.7
[2m2026-09-29T13:19:11.993168Z[0m [32m INFO[0m [2mgame::bench[0m[2m:[0m [STATS] t=6.1s tick=313 fps_1s=60.0 avg_fps=56.8
[2m2026-09-29T13:19:13.009488Z[0m [32m INFO[0m [2mgame::bench[0m[2m:[0m [STATS] t=7.1s tick=374 fps_1s=60.0 avg_fps=57.4
[2m2026-09-29T13:19:14.026466Z[0m [32m INFO[0m [2mgame::bench[0m[2m:[0m [STATS] t=8.1s tick=435 fps_1s=60.0 avg_fps=57.8
[2m2026-09-29T13:19:15.042863Z[0m [32m INFO[0m [2mgame::bench[0m[2m:[0m [STATS] t=9.1s tick=496 fps_1s=60.0 avg_fps=58.2
[2m2026-09-29T13:19:16.043518Z[0m [32m INFO[0m [2mgame::bench[0m[2m:[0m [STATS] t=10.1s tick=556 fps_1s=60.0 avg_fps=58.4
[2m2026-09-29T13:19:17.059426Z[0m [32m INFO[0m [2mgame::bench[0m[2m:[0m [STATS] t=11.1s tick=617 fps_1s=60.0 avg_fps=58.6
[2m2026-09-29T13:19:18.075877Z[0m [32m INFO[0m [2mgame::bench[0m[2m:[0m [STATS] t=12.1s tick=678 fps_1s=60.0 avg_fps=58.7
[2m2026-09-29T13:19:19.092402Z[0m [32m INFO[0m [2mgame::bench[0m[2m:[0m [STATS] t=13.2s tick=739 fps_1s=60.0 avg_fps=58.8
[2m2026-09-29T13:19:20.108853Z[0m [32m INFO[0m [2mgame::bench[0m[2m:[0m [STATS] t=14.2s tick=800 fps_1s=60.0 avg_fps=58.9
[2m2026-09-29T13:19:21.109178Z[0m [32m INFO[0m [2mgame::bench[0m[2m:[0m [STATS] t=15.2s tick=860 fps_1s=60.0 avg_fps=59.0
[2m2026-09-29T13:19:22.125728Z[0m [32m INFO[0m [2mgame::bench[0m[2m:[0m [STATS] t=16.2s tick=921 fps_1s=60.0 avg_fps=59.1
[2m2026-09-29T13:19:23.141848Z[0m [32m INFO[0m [2mgame::bench[0m[2m:[0m [STATS] t=17.2s tick=982 fps_1s=60.0 avg_fps=59.1
[2m2026-09-29T13:19:24.158818Z[0m [32m INFO[0m [2mgame::bench[0m[2m:[0m [STATS] t=18.2s tick=1043 fps_1s=60.0 avg_fps=59.2
[2m2026-09-29T13:19:25.175335Z[0m [32m INFO[0m [2mgame::bench[0m[2m:[0m [STATS] t=19.2s tick=1104 fps_1s=60.0 avg_fps=59.2
[2m2026-09-29T13:19:26.191804Z[0m [32m INFO[0m [2mgame::bench[0m[2m:[0m [STATS] t=20.3s tick=1165 fps_1s=60.0 avg_fps=59.3
[2m2026-09-29T13:19:27.191888Z[0m [32m INFO[0m [2mgame::bench[0m[2m:[0m [STATS] t=21.3s tick=1225 fps_1s=60.0 avg_fps=59.3
