[CONFIG] game demo | count=100 seed=20260926 max_speed=3 bench_secs=0 vsync=on(AutoVsync) | bevy 0.19 (workspace locked)
[2m2026-09-29T07:38:41.984835Z[0m [32m INFO[0m [2mbevy_diagnostic::system_information_diagnostics_plugin::internal[0m[2m:[0m SystemInfo { os: "Windows 10 IoT Enterprise LTSC 2021", kernel: "19044", cpu: "12th Gen Intel(R) Core(TM) i5-12490F", core_count: "6", memory: "31.8 GiB" }
[2m2026-09-29T07:38:42.235455Z[0m [32m INFO[0m [2mbevy_render::renderer[0m[2m:[0m AdapterInfo { name: "NVIDIA GeForce RTX 3050", vendor: 4318, device: 9602, device_type: DiscreteGpu, device_pci_bus_id: "0000:01:00.0", driver: "NVIDIA", driver_info: "537.58", backend: Vulkan, subgroup_min_size: 32, subgroup_max_size: 32, transient_saves_memory: false }
[2m2026-09-29T07:38:42.694876Z[0m [32m INFO[0m [2mgame::brp[0m[2m:[0m [BRP] listening on 127.0.0.1:15702 (explicit loopback bind)
[2m2026-09-29T07:38:42.694901Z[0m [32m INFO[0m [2mgame::brp[0m[2m:[0m [BRP] custom methods: game.run_tests / game.screenshot / game.screenshot_log / game.launch_level / game.move_unit / game.attack / game.end_turn / game.snapshot
[2m2026-09-29T07:38:42.706562Z[0m [32m INFO[0m [2mbevy_pbr::cluster[0m[2m:[0m GPU clustering is supported on this device.
[2m2026-09-29T07:38:42.706606Z[0m [32m INFO[0m [2mbevy_render::batching::gpu_preprocessing[0m[2m:[0m GPU preprocessing is fully supported on this device.
[2m2026-09-29T07:38:42.707064Z[0m [32m INFO[0m [2mbevy_winit::system[0m[2m:[0m Creating new window bevy-ai-workflow demo (65v0)
[2m2026-09-29T07:38:42.769657Z[0m [32m INFO[0m [2mgame::sim[0m[2m:[0m [SIM] metadata ready | version=0.1.0 | entity_count=100 | seed=20260926
[2m2026-09-29T07:38:42.769776Z[0m [32m INFO[0m [2mgame::sim[0m[2m:[0m [SIM] spawned 100 wanderers | seed=20260926 | area=120 | max_speed=3
[2m2026-09-29T07:38:42.769994Z[0m [32m INFO[0m [2mgame::sim[0m[2m:[0m [SIM] tagged 10 wanderers (index < 10)
[2m2026-09-29T07:38:43.784604Z[0m [32m INFO[0m [2mgame::bench[0m[2m:[0m [STATS] t=1.0s tick=59 fps_1s=58.2 avg_fps=0.0
[2m2026-09-29T07:38:44.825230Z[0m [32m INFO[0m [2mgame::bench[0m[2m:[0m [STATS] t=2.0s tick=116 fps_1s=56.4 avg_fps=58.9
[2m2026-09-29T07:38:45.841221Z[0m [32m INFO[0m [2mgame::bench[0m[2m:[0m [STATS] t=3.0s tick=177 fps_1s=60.1 avg_fps=60.0
[2m2026-09-29T07:38:46.841574Z[0m [32m INFO[0m [2mgame::bench[0m[2m:[0m [STATS] t=4.0s tick=237 fps_1s=59.8 avg_fps=59.9
[2m2026-09-29T07:38:47.859738Z[0m [32m INFO[0m [2mgame::bench[0m[2m:[0m [STATS] t=5.1s tick=298 fps_1s=60.1 avg_fps=60.0
[2m2026-09-29T07:38:48.856937Z[0m [32m INFO[0m [2mgame::bench[0m[2m:[0m [STATS] t=6.1s tick=358 fps_1s=60.0 avg_fps=60.0
[2m2026-09-29T07:38:49.857856Z[0m [32m INFO[0m [2mgame::bench[0m[2m:[0m [STATS] t=7.1s tick=418 fps_1s=60.0 avg_fps=60.0
[2m2026-09-29T07:38:50.873792Z[0m [32m INFO[0m [2mgame::bench[0m[2m:[0m [STATS] t=8.1s tick=479 fps_1s=60.0 avg_fps=60.0
[2m2026-09-29T07:38:51.874214Z[0m [32m INFO[0m [2mgame::bench[0m[2m:[0m [STATS] t=9.1s tick=539 fps_1s=59.9 avg_fps=60.0
[2m2026-09-29T07:38:52.876840Z[0m [32m INFO[0m [2mgame::bench[0m[2m:[0m [STATS] t=10.1s tick=599 fps_1s=59.7 avg_fps=60.0
[2m2026-09-29T07:38:53.890620Z[0m [32m INFO[0m [2mgame::bench[0m[2m:[0m [STATS] t=11.1s tick=660 fps_1s=60.5 avg_fps=60.0
[2m2026-09-29T07:38:54.907707Z[0m [32m INFO[0m [2mgame::bench[0m[2m:[0m [STATS] t=12.1s tick=721 fps_1s=59.9 avg_fps=60.0
[2m2026-09-29T07:38:55.923980Z[0m [32m INFO[0m [2mgame::bench[0m[2m:[0m [STATS] t=13.1s tick=782 fps_1s=60.1 avg_fps=60.0
[2m2026-09-29T07:38:56.923777Z[0m [32m INFO[0m [2mgame::bench[0m[2m:[0m [STATS] t=14.1s tick=842 fps_1s=59.9 avg_fps=60.0
