[CONFIG] game demo | count=1000 seed=20260926 max_speed=3 bench_secs=0 vsync=on(AutoVsync) | bevy 0.19 (workspace locked)
[2m2026-09-26T13:28:36.226288Z[0m [32m INFO[0m [2mbevy_diagnostic::system_information_diagnostics_plugin::internal[0m[2m:[0m SystemInfo { os: "Windows 10 IoT Enterprise LTSC 2021", kernel: "19044", cpu: "12th Gen Intel(R) Core(TM) i5-12490F", core_count: "6", memory: "31.8 GiB" }
[2m2026-09-26T13:28:36.474511Z[0m [32m INFO[0m [2mbevy_render::renderer[0m[2m:[0m AdapterInfo { name: "NVIDIA GeForce RTX 3050", vendor: 4318, device: 9602, device_type: DiscreteGpu, device_pci_bus_id: "0000:01:00.0", driver: "NVIDIA", driver_info: "537.58", backend: Vulkan, subgroup_min_size: 32, subgroup_max_size: 32, transient_saves_memory: false }
[2m2026-09-26T13:28:37.469686Z[0m [32m INFO[0m [2mgame::brp[0m[2m:[0m [BRP] listening on 127.0.0.1:15702 (explicit loopback bind)
[2m2026-09-26T13:28:37.482581Z[0m [32m INFO[0m [2mbevy_pbr::cluster[0m[2m:[0m GPU clustering is supported on this device.
[2m2026-09-26T13:28:37.482632Z[0m [32m INFO[0m [2mbevy_render::batching::gpu_preprocessing[0m[2m:[0m GPU preprocessing is fully supported on this device.
[2m2026-09-26T13:28:37.483130Z[0m [32m INFO[0m [2mbevy_winit::system[0m[2m:[0m Creating new window bevy-ai-workflow demo (65v0)
[2m2026-09-26T13:28:37.522680Z[0m [32m INFO[0m [2mgame::sim[0m[2m:[0m [SIM] metadata ready | version=0.1.0 | entity_count=1000 | seed=20260926
[2m2026-09-26T13:28:37.522703Z[0m [32m INFO[0m [2mgame::sim[0m[2m:[0m [SIM] spawned 1000 wanderers | seed=20260926 | area=120 | max_speed=3
[2m2026-09-26T13:28:38.528712Z[0m [32m INFO[0m [2mgame::bench[0m[2m:[0m [STATS] t=1.0s tick=126 fps_1s=125.5 avg_fps=0.0
[2m2026-09-26T13:28:39.529134Z[0m [32m INFO[0m [2mgame::bench[0m[2m:[0m [STATS] t=2.0s tick=270 fps_1s=143.9 avg_fps=0.0
[2m2026-09-26T13:28:40.535886Z[0m [32m INFO[0m [2mgame::bench[0m[2m:[0m [STATS] t=3.0s tick=413 fps_1s=142.1 avg_fps=142.1
[2m2026-09-26T13:28:41.544191Z[0m [32m INFO[0m [2mgame::bench[0m[2m:[0m [STATS] t=4.0s tick=556 fps_1s=142.0 avg_fps=142.1
[2m2026-09-26T13:28:42.549769Z[0m [32m INFO[0m [2mgame::bench[0m[2m:[0m [STATS] t=5.0s tick=700 fps_1s=143.0 avg_fps=142.4
[2m2026-09-26T13:28:43.550229Z[0m [32m INFO[0m [2mgame::bench[0m[2m:[0m [STATS] t=6.0s tick=843 fps_1s=142.9 avg_fps=142.5
[2m2026-09-26T13:28:44.550539Z[0m [32m INFO[0m [2mgame::bench[0m[2m:[0m [STATS] t=7.0s tick=987 fps_1s=144.0 avg_fps=142.8
[2m2026-09-26T13:28:45.556196Z[0m [32m INFO[0m [2mgame::bench[0m[2m:[0m [STATS] t=8.0s tick=1132 fps_1s=144.1 avg_fps=143.0
[2m2026-09-26T13:28:46.556572Z[0m [32m INFO[0m [2mgame::bench[0m[2m:[0m [STATS] t=9.0s tick=1275 fps_1s=142.9 avg_fps=143.0
[2m2026-09-26T13:28:47.556874Z[0m [32m INFO[0m [2mgame::bench[0m[2m:[0m [STATS] t=10.0s tick=1418 fps_1s=143.0 avg_fps=143.0
[2m2026-09-26T13:28:48.563288Z[0m [32m INFO[0m [2mgame::bench[0m[2m:[0m [STATS] t=11.0s tick=1562 fps_1s=143.1 avg_fps=143.0
[2m2026-09-26T13:28:49.563362Z[0m [32m INFO[0m [2mgame::bench[0m[2m:[0m [STATS] t=12.0s tick=1704 fps_1s=142.0 avg_fps=142.9
[2m2026-09-26T13:28:50.570104Z[0m [32m INFO[0m [2mgame::bench[0m[2m:[0m [STATS] t=13.0s tick=1848 fps_1s=143.0 avg_fps=142.9
[2m2026-09-26T13:28:51.570536Z[0m [32m INFO[0m [2mgame::bench[0m[2m:[0m [STATS] t=14.0s tick=1992 fps_1s=144.0 avg_fps=143.0
[2m2026-09-26T13:28:52.571301Z[0m [32m INFO[0m [2mgame::bench[0m[2m:[0m [STATS] t=15.0s tick=2135 fps_1s=142.9 avg_fps=143.0
[2m2026-09-26T13:28:53.616895Z[0m [32m INFO[0m [2mgame::bench[0m[2m:[0m [STATS] t=16.1s tick=2242 fps_1s=105.2 avg_fps=140.4
[2m2026-09-26T13:28:54.634603Z[0m [32m INFO[0m [2mgame::bench[0m[2m:[0m [STATS] t=17.1s tick=2303 fps_1s=60.0 avg_fps=134.9
[2m2026-09-26T13:28:55.650088Z[0m [32m INFO[0m [2mgame::bench[0m[2m:[0m [STATS] t=18.1s tick=2364 fps_1s=60.0 avg_fps=130.2
[2m2026-09-26T13:28:56.666705Z[0m [32m INFO[0m [2mgame::bench[0m[2m:[0m [STATS] t=19.1s tick=2425 fps_1s=60.1 avg_fps=126.0
[2m2026-09-26T13:28:57.683484Z[0m [32m INFO[0m [2mgame::bench[0m[2m:[0m [STATS] t=20.1s tick=2486 fps_1s=60.0 avg_fps=122.3
[2m2026-09-26T13:28:58.683738Z[0m [32m INFO[0m [2mgame::bench[0m[2m:[0m [STATS] t=21.1s tick=2546 fps_1s=60.0 avg_fps=119.1
[2m2026-09-26T13:28:59.684036Z[0m [32m INFO[0m [2mgame::bench[0m[2m:[0m [STATS] t=22.1s tick=2606 fps_1s=60.0 avg_fps=116.1
[2m2026-09-26T13:29:00.683792Z[0m [32m INFO[0m [2mgame::bench[0m[2m:[0m [STATS] t=23.1s tick=2666 fps_1s=60.0 avg_fps=113.5
[2m2026-09-26T13:29:01.700338Z[0m [32m INFO[0m [2mgame::bench[0m[2m:[0m [STATS] t=24.1s tick=2727 fps_1s=60.0 avg_fps=111.0
[2m2026-09-26T13:29:02.700225Z[0m [32m INFO[0m [2mgame::bench[0m[2m:[0m [STATS] t=25.1s tick=2787 fps_1s=60.0 avg_fps=108.8
[2m2026-09-26T13:29:03.717894Z[0m [32m INFO[0m [2mgame::bench[0m[2m:[0m [STATS] t=26.2s tick=2848 fps_1s=60.0 avg_fps=106.8
[2m2026-09-26T13:29:04.733553Z[0m [32m INFO[0m [2mgame::bench[0m[2m:[0m [STATS] t=27.2s tick=2909 fps_1s=60.0 avg_fps=104.9
[2m2026-09-26T13:29:05.733897Z[0m [32m INFO[0m [2mgame::bench[0m[2m:[0m [STATS] t=28.2s tick=2969 fps_1s=60.0 avg_fps=103.2
[2m2026-09-26T13:29:06.750660Z[0m [32m INFO[0m [2mgame::bench[0m[2m:[0m [STATS] t=29.2s tick=3030 fps_1s=60.0 avg_fps=101.5
[2m2026-09-26T13:29:07.750505Z[0m [32m INFO[0m [2mgame::bench[0m[2m:[0m [STATS] t=30.2s tick=3090 fps_1s=60.0 avg_fps=100.1
[2m2026-09-26T13:29:08.766956Z[0m [32m INFO[0m [2mgame::bench[0m[2m:[0m [STATS] t=31.2s tick=3151 fps_1s=60.0 avg_fps=98.7
[2m2026-09-26T13:29:09.767149Z[0m [32m INFO[0m [2mgame::bench[0m[2m:[0m [STATS] t=32.2s tick=3211 fps_1s=59.9 avg_fps=97.4
[2m2026-09-26T13:29:10.783862Z[0m [32m INFO[0m [2mgame::bench[0m[2m:[0m [STATS] t=33.2s tick=3272 fps_1s=60.0 avg_fps=96.2
[2m2026-09-26T13:29:11.800254Z[0m [32m INFO[0m [2mgame::bench[0m[2m:[0m [STATS] t=34.2s tick=3333 fps_1s=60.0 avg_fps=95.0
[2m2026-09-26T13:29:12.800194Z[0m [32m INFO[0m [2mgame::bench[0m[2m:[0m [STATS] t=35.2s tick=3393 fps_1s=60.0 avg_fps=94.0
[2m2026-09-26T13:29:13.816762Z[0m [32m INFO[0m [2mgame::bench[0m[2m:[0m [STATS] t=36.3s tick=3454 fps_1s=60.0 avg_fps=93.0
[2m2026-09-26T13:29:14.833527Z[0m [32m INFO[0m [2mgame::bench[0m[2m:[0m [STATS] t=37.3s tick=3515 fps_1s=60.1 avg_fps=92.0
[2m2026-09-26T13:29:15.834046Z[0m [32m INFO[0m [2mgame::bench[0m[2m:[0m [STATS] t=38.3s tick=3575 fps_1s=60.0 avg_fps=91.1
[2m2026-09-26T13:29:16.850822Z[0m [32m INFO[0m [2mgame::bench[0m[2m:[0m [STATS] t=39.3s tick=3636 fps_1s=60.0 avg_fps=90.3
[2m2026-09-26T13:29:17.850778Z[0m [32m INFO[0m [2mgame::bench[0m[2m:[0m [STATS] t=40.3s tick=3696 fps_1s=59.9 avg_fps=89.5
[2m2026-09-26T13:29:18.866661Z[0m [32m INFO[0m [2mgame::bench[0m[2m:[0m [STATS] t=41.3s tick=3757 fps_1s=60.0 avg_fps=88.7
[2m2026-09-26T13:29:19.883306Z[0m [32m INFO[0m [2mgame::bench[0m[2m:[0m [STATS] t=42.3s tick=3818 fps_1s=60.1 avg_fps=88.0
[2m2026-09-26T13:29:20.883662Z[0m [32m INFO[0m [2mgame::bench[0m[2m:[0m [STATS] t=43.3s tick=3878 fps_1s=60.0 avg_fps=87.3
[2m2026-09-26T13:29:21.900347Z[0m [32m INFO[0m [2mgame::bench[0m[2m:[0m [STATS] t=44.3s tick=3939 fps_1s=60.0 avg_fps=86.7
[2m2026-09-26T13:29:22.899912Z[0m [32m INFO[0m [2mgame::bench[0m[2m:[0m [STATS] t=45.3s tick=3999 fps_1s=60.0 avg_fps=86.1
[2m2026-09-26T13:29:23.917421Z[0m [32m INFO[0m [2mgame::bench[0m[2m:[0m [STATS] t=46.4s tick=4060 fps_1s=60.1 avg_fps=85.5
[2m2026-09-26T13:29:24.917691Z[0m [32m INFO[0m [2mgame::bench[0m[2m:[0m [STATS] t=47.4s tick=4120 fps_1s=59.9 avg_fps=84.9
[2m2026-09-26T13:29:25.933901Z[0m [32m INFO[0m [2mgame::bench[0m[2m:[0m [STATS] t=48.4s tick=4181 fps_1s=60.0 avg_fps=84.4
[2m2026-09-26T13:29:26.950333Z[0m [32m INFO[0m [2mgame::bench[0m[2m:[0m [STATS] t=49.4s tick=4242 fps_1s=60.0 avg_fps=83.8
[2m2026-09-26T13:29:27.967620Z[0m [32m INFO[0m [2mgame::bench[0m[2m:[0m [STATS] t=50.4s tick=4303 fps_1s=60.0 avg_fps=83.3
[2m2026-09-26T13:29:28.983971Z[0m [32m INFO[0m [2mgame::bench[0m[2m:[0m [STATS] t=51.4s tick=4364 fps_1s=60.0 avg_fps=82.8
[2m2026-09-26T13:29:29.983592Z[0m [32m INFO[0m [2mgame::bench[0m[2m:[0m [STATS] t=52.4s tick=4424 fps_1s=59.9 avg_fps=82.4
[2m2026-09-26T13:29:31.000208Z[0m [32m INFO[0m [2mgame::bench[0m[2m:[0m [STATS] t=53.4s tick=4485 fps_1s=60.0 avg_fps=82.0
[2m2026-09-26T13:29:32.016606Z[0m [32m INFO[0m [2mgame::bench[0m[2m:[0m [STATS] t=54.5s tick=4546 fps_1s=60.0 avg_fps=81.5
[2m2026-09-26T13:29:33.017206Z[0m [32m INFO[0m [2mgame::bench[0m[2m:[0m [STATS] t=55.5s tick=4606 fps_1s=60.0 avg_fps=81.1
[2m2026-09-26T13:29:34.016917Z[0m [32m INFO[0m [2mgame::bench[0m[2m:[0m [STATS] t=56.5s tick=4666 fps_1s=59.9 avg_fps=80.7
[2m2026-09-26T13:29:35.033937Z[0m [32m INFO[0m [2mgame::bench[0m[2m:[0m [STATS] t=57.5s tick=4727 fps_1s=60.1 avg_fps=80.4
[2m2026-09-26T13:29:36.050417Z[0m [32m INFO[0m [2mgame::bench[0m[2m:[0m [STATS] t=58.5s tick=4744 fps_1s=60.0 avg_fps=80.0
[2m2026-09-26T13:29:37.050021Z[0m [32m INFO[0m [2mgame::bench[0m[2m:[0m [STATS] t=59.5s tick=4744 fps_1s=60.0 avg_fps=79.6
[2m2026-09-26T13:29:38.050143Z[0m [32m INFO[0m [2mgame::bench[0m[2m:[0m [STATS] t=60.5s tick=4744 fps_1s=60.0 avg_fps=79.3
[2m2026-09-26T13:29:39.050174Z[0m [32m INFO[0m [2mgame::bench[0m[2m:[0m [STATS] t=61.5s tick=4744 fps_1s=59.9 avg_fps=79.0
[2m2026-09-26T13:29:40.051662Z[0m [32m INFO[0m [2mgame::bench[0m[2m:[0m [STATS] t=62.5s tick=4744 fps_1s=60.0 avg_fps=78.7
[2m2026-09-26T13:29:41.066875Z[0m [32m INFO[0m [2mgame::bench[0m[2m:[0m [STATS] t=63.5s tick=4744 fps_1s=60.1 avg_fps=78.4
[2m2026-09-26T13:29:42.067252Z[0m [32m INFO[0m [2mgame::bench[0m[2m:[0m [STATS] t=64.5s tick=4744 fps_1s=60.0 avg_fps=78.1
[2m2026-09-26T13:29:43.083738Z[0m [32m INFO[0m [2mgame::bench[0m[2m:[0m [STATS] t=65.5s tick=4744 fps_1s=60.1 avg_fps=77.8
[2m2026-09-26T13:29:44.100599Z[0m [32m INFO[0m [2mgame::bench[0m[2m:[0m [STATS] t=66.5s tick=4744 fps_1s=60.0 avg_fps=77.5
[2m2026-09-26T13:29:45.100233Z[0m [32m INFO[0m [2mgame::bench[0m[2m:[0m [STATS] t=67.5s tick=4744 fps_1s=60.0 avg_fps=77.2
[2m2026-09-26T13:29:46.117442Z[0m [32m INFO[0m [2mgame::bench[0m[2m:[0m [STATS] t=68.6s tick=4744 fps_1s=60.0 avg_fps=77.0
[2m2026-09-26T13:29:47.133316Z[0m [32m INFO[0m [2mgame::bench[0m[2m:[0m [STATS] t=69.6s tick=4744 fps_1s=60.0 avg_fps=76.7
[2m2026-09-26T13:29:48.150388Z[0m [32m INFO[0m [2mgame::bench[0m[2m:[0m [STATS] t=70.6s tick=4744 fps_1s=60.0 avg_fps=76.5
[2m2026-09-26T13:29:49.150233Z[0m [32m INFO[0m [2mgame::bench[0m[2m:[0m [STATS] t=71.6s tick=4744 fps_1s=60.0 avg_fps=76.2
[2m2026-09-26T13:29:50.167006Z[0m [32m INFO[0m [2mgame::bench[0m[2m:[0m [STATS] t=72.6s tick=4744 fps_1s=60.1 avg_fps=76.0
[2m2026-09-26T13:29:51.166996Z[0m [32m INFO[0m [2mgame::bench[0m[2m:[0m [STATS] t=73.6s tick=4744 fps_1s=60.0 avg_fps=75.8
[2m2026-09-26T13:29:52.183922Z[0m [32m INFO[0m [2mgame::bench[0m[2m:[0m [STATS] t=74.6s tick=4744 fps_1s=60.0 avg_fps=75.5
[2m2026-09-26T13:29:53.183770Z[0m [32m INFO[0m [2mgame::bench[0m[2m:[0m [STATS] t=75.6s tick=4744 fps_1s=60.0 avg_fps=75.3
[2m2026-09-26T13:29:54.183538Z[0m [32m INFO[0m [2mgame::bench[0m[2m:[0m [STATS] t=76.6s tick=4744 fps_1s=60.0 avg_fps=75.1
[2m2026-09-26T13:29:55.184248Z[0m [32m INFO[0m [2mgame::bench[0m[2m:[0m [STATS] t=77.6s tick=4744 fps_1s=60.0 avg_fps=74.9
[2m2026-09-26T13:29:56.199981Z[0m [32m INFO[0m [2mgame::bench[0m[2m:[0m [STATS] t=78.6s tick=4744 fps_1s=60.1 avg_fps=74.7
[2m2026-09-26T13:29:57.216589Z[0m [32m INFO[0m [2mgame::bench[0m[2m:[0m [STATS] t=79.7s tick=4744 fps_1s=60.0 avg_fps=74.5
[2m2026-09-26T13:29:58.233443Z[0m [32m INFO[0m [2mgame::bench[0m[2m:[0m [STATS] t=80.7s tick=4744 fps_1s=60.0 avg_fps=74.4
[2m2026-09-26T13:29:59.233173Z[0m [32m INFO[0m [2mgame::bench[0m[2m:[0m [STATS] t=81.7s tick=4744 fps_1s=60.0 avg_fps=74.2
[2m2026-09-26T13:30:00.250202Z[0m [32m INFO[0m [2mgame::bench[0m[2m:[0m [STATS] t=82.7s tick=4744 fps_1s=60.0 avg_fps=74.0
[2m2026-09-26T13:30:01.250027Z[0m [32m INFO[0m [2mgame::bench[0m[2m:[0m [STATS] t=83.7s tick=4744 fps_1s=59.9 avg_fps=73.8
[2m2026-09-26T13:30:02.250320Z[0m [32m INFO[0m [2mgame::bench[0m[2m:[0m [STATS] t=84.7s tick=4744 fps_1s=60.0 avg_fps=73.7
[2m2026-09-26T13:30:03.267096Z[0m [32m INFO[0m [2mgame::bench[0m[2m:[0m [STATS] t=85.7s tick=4744 fps_1s=60.0 avg_fps=73.5
[2m2026-09-26T13:30:04.283990Z[0m [32m INFO[0m [2mgame::bench[0m[2m:[0m [STATS] t=86.7s tick=4744 fps_1s=60.0 avg_fps=73.3
[2m2026-09-26T13:30:05.284206Z[0m [32m INFO[0m [2mgame::bench[0m[2m:[0m [STATS] t=87.7s tick=4744 fps_1s=59.8 avg_fps=73.2
[2m2026-09-26T13:30:06.300513Z[0m [32m INFO[0m [2mgame::bench[0m[2m:[0m [STATS] t=88.7s tick=4744 fps_1s=60.2 avg_fps=73.0
[2m2026-09-26T13:30:07.317131Z[0m [32m INFO[0m [2mgame::bench[0m[2m:[0m [STATS] t=89.8s tick=4744 fps_1s=60.0 avg_fps=72.9
[2m2026-09-26T13:30:08.316944Z[0m [32m INFO[0m [2mgame::bench[0m[2m:[0m [STATS] t=90.8s tick=4744 fps_1s=60.0 avg_fps=72.7
[2m2026-09-26T13:30:09.316794Z[0m [32m INFO[0m [2mgame::bench[0m[2m:[0m [STATS] t=91.8s tick=4744 fps_1s=59.9 avg_fps=72.6
[2m2026-09-26T13:30:10.334660Z[0m [32m INFO[0m [2mgame::bench[0m[2m:[0m [STATS] t=92.8s tick=4744 fps_1s=60.1 avg_fps=72.4
[2m2026-09-26T13:30:11.333692Z[0m [32m INFO[0m [2mgame::bench[0m[2m:[0m [STATS] t=93.8s tick=4744 fps_1s=59.9 avg_fps=72.3
[2m2026-09-26T13:30:12.350082Z[0m [32m INFO[0m [2mgame::bench[0m[2m:[0m [STATS] t=94.8s tick=4744 fps_1s=60.0 avg_fps=72.2
[2m2026-09-26T13:30:13.366582Z[0m [32m INFO[0m [2mgame::bench[0m[2m:[0m [STATS] t=95.8s tick=4744 fps_1s=60.0 avg_fps=72.0
[2m2026-09-26T13:30:14.366602Z[0m [32m INFO[0m [2mgame::bench[0m[2m:[0m [STATS] t=96.8s tick=4744 fps_1s=60.0 avg_fps=71.9
[2m2026-09-26T13:30:15.383343Z[0m [32m INFO[0m [2mgame::bench[0m[2m:[0m [STATS] t=97.8s tick=4744 fps_1s=60.0 avg_fps=71.8
[2m2026-09-26T13:30:16.400080Z[0m [32m INFO[0m [2mgame::bench[0m[2m:[0m [STATS] t=98.8s tick=4744 fps_1s=60.0 avg_fps=71.7
[2m2026-09-26T13:30:17.416938Z[0m [32m INFO[0m [2mgame::bench[0m[2m:[0m [STATS] t=99.9s tick=4744 fps_1s=60.0 avg_fps=71.5
[2m2026-09-26T13:30:18.416541Z[0m [32m INFO[0m [2mgame::bench[0m[2m:[0m [STATS] t=100.9s tick=4744 fps_1s=60.0 avg_fps=71.4
[2m2026-09-26T13:30:19.433619Z[0m [32m INFO[0m [2mgame::bench[0m[2m:[0m [STATS] t=101.9s tick=4744 fps_1s=60.0 avg_fps=71.3
[2m2026-09-26T13:30:20.450313Z[0m [32m INFO[0m [2mgame::bench[0m[2m:[0m [STATS] t=102.9s tick=4744 fps_1s=60.0 avg_fps=71.2
[2m2026-09-26T13:30:21.466585Z[0m [32m INFO[0m [2mgame::bench[0m[2m:[0m [STATS] t=103.9s tick=4744 fps_1s=60.0 avg_fps=71.1
[2m2026-09-26T13:30:22.483916Z[0m [32m INFO[0m [2mgame::bench[0m[2m:[0m [STATS] t=104.9s tick=4744 fps_1s=60.0 avg_fps=71.0
[2m2026-09-26T13:30:23.484126Z[0m [32m INFO[0m [2mgame::bench[0m[2m:[0m [STATS] t=105.9s tick=4744 fps_1s=60.0 avg_fps=70.9
[2m2026-09-26T13:30:24.500548Z[0m [32m INFO[0m [2mgame::bench[0m[2m:[0m [STATS] t=106.9s tick=4744 fps_1s=60.1 avg_fps=70.8
[2m2026-09-26T13:30:25.500245Z[0m [32m INFO[0m [2mgame::bench[0m[2m:[0m [STATS] t=107.9s tick=4744 fps_1s=60.0 avg_fps=70.7
[2m2026-09-26T13:30:26.516998Z[0m [32m INFO[0m [2mgame::bench[0m[2m:[0m [STATS] t=109.0s tick=4744 fps_1s=60.0 avg_fps=70.6
[2m2026-09-26T13:30:27.517404Z[0m [32m INFO[0m [2mgame::bench[0m[2m:[0m [STATS] t=110.0s tick=4744 fps_1s=60.0 avg_fps=70.5
[2m2026-09-26T13:30:28.533664Z[0m [32m INFO[0m [2mgame::bench[0m[2m:[0m [STATS] t=111.0s tick=4744 fps_1s=60.1 avg_fps=70.4
[2m2026-09-26T13:30:29.550561Z[0m [32m INFO[0m [2mgame::bench[0m[2m:[0m [STATS] t=112.0s tick=4744 fps_1s=60.0 avg_fps=70.3
[2m2026-09-26T13:30:30.550174Z[0m [32m INFO[0m [2mgame::bench[0m[2m:[0m [STATS] t=113.0s tick=4744 fps_1s=60.0 avg_fps=70.2
[2m2026-09-26T13:30:31.550995Z[0m [32m INFO[0m [2mgame::bench[0m[2m:[0m [STATS] t=114.0s tick=4744 fps_1s=59.9 avg_fps=70.1
[2m2026-09-26T13:30:32.566523Z[0m [32m INFO[0m [2mgame::bench[0m[2m:[0m [STATS] t=115.0s tick=4744 fps_1s=60.2 avg_fps=70.0
[2m2026-09-26T13:30:33.566939Z[0m [32m INFO[0m [2mgame::bench[0m[2m:[0m [STATS] t=116.0s tick=4744 fps_1s=59.8 avg_fps=69.9
[2m2026-09-26T13:30:34.583832Z[0m [32m INFO[0m [2mgame::bench[0m[2m:[0m [STATS] t=117.0s tick=4783 fps_1s=60.2 avg_fps=69.8
[2m2026-09-26T13:30:35.600818Z[0m [32m INFO[0m [2mgame::bench[0m[2m:[0m [STATS] t=118.0s tick=4844 fps_1s=60.1 avg_fps=69.7
[2m2026-09-26T13:30:36.600070Z[0m [32m INFO[0m [2mgame::bench[0m[2m:[0m [STATS] t=119.0s tick=4904 fps_1s=59.9 avg_fps=69.6
[2m2026-09-26T13:30:37.616556Z[0m [32m INFO[0m [2mgame::bench[0m[2m:[0m [STATS] t=120.1s tick=4965 fps_1s=60.0 avg_fps=69.6
[2m2026-09-26T13:30:38.617309Z[0m [32m INFO[0m [2mgame::bench[0m[2m:[0m [STATS] t=121.1s tick=5025 fps_1s=60.0 avg_fps=69.5
[2m2026-09-26T13:30:39.633177Z[0m [32m INFO[0m [2mgame::bench[0m[2m:[0m [STATS] t=122.1s tick=5086 fps_1s=60.0 avg_fps=69.4
[2m2026-09-26T13:30:40.633878Z[0m [32m INFO[0m [2mgame::bench[0m[2m:[0m [STATS] t=123.1s tick=5146 fps_1s=60.0 avg_fps=69.3
[2m2026-09-26T13:30:41.649988Z[0m [32m INFO[0m [2mgame::bench[0m[2m:[0m [STATS] t=124.1s tick=5207 fps_1s=60.0 avg_fps=69.2
[2m2026-09-26T13:30:42.649957Z[0m [32m INFO[0m [2mgame::bench[0m[2m:[0m [STATS] t=125.1s tick=5267 fps_1s=60.0 avg_fps=69.2
[2m2026-09-26T13:30:43.667287Z[0m [32m INFO[0m [2mgame::bench[0m[2m:[0m [STATS] t=126.1s tick=5328 fps_1s=60.0 avg_fps=69.1
[2m2026-09-26T13:30:44.683504Z[0m [32m INFO[0m [2mgame::bench[0m[2m:[0m [STATS] t=127.1s tick=5389 fps_1s=59.9 avg_fps=69.0
[2m2026-09-26T13:30:45.699953Z[0m [32m INFO[0m [2mgame::bench[0m[2m:[0m [STATS] t=128.1s tick=5450 fps_1s=60.0 avg_fps=69.0
[2m2026-09-26T13:30:46.717436Z[0m [32m INFO[0m [2mgame::bench[0m[2m:[0m [STATS] t=129.2s tick=5511 fps_1s=60.0 avg_fps=68.9
[2m2026-09-26T13:30:47.716789Z[0m [32m INFO[0m [2mgame::bench[0m[2m:[0m [STATS] t=130.2s tick=5571 fps_1s=60.0 avg_fps=68.8
[2m2026-09-26T13:30:48.716989Z[0m [32m INFO[0m [2mgame::bench[0m[2m:[0m [STATS] t=131.2s tick=5631 fps_1s=60.0 avg_fps=68.7
[2m2026-09-26T13:30:49.716646Z[0m [32m INFO[0m [2mgame::bench[0m[2m:[0m [STATS] t=132.2s tick=5691 fps_1s=60.0 avg_fps=68.7
